Archive member included to satisfy reference by file (symbol)

C:/ti/simplelink_msp432p4_sdk_2_20_00_12/source\ti/display/lib/display.am4fg(Display.om4fg)
                              ./main_freertos.o (Display_doInit)
C:/ti/simplelink_msp432p4_sdk_2_20_00_12/source\ti/display/lib/display.am4fg(DisplayUart.om4fg)
                              ./MSP_EXP432P401R.o (DisplayUartMin_fxnTable)
C:/ti/simplelink_msp432p4_sdk_2_20_00_12/source\ti/drivers/lib/drivers_msp432p401x.am4fg(SDSPI.om4fg)
                              ./MSP_EXP432P401R.o (SDSPI_fxnTable)
C:/ti/simplelink_msp432p4_sdk_2_20_00_12/source\ti/drivers/lib/drivers_msp432p401x.am4fg(ADC.om4fg)
                              ./main_freertos.o (ADC_convert)
C:/ti/simplelink_msp432p4_sdk_2_20_00_12/source\ti/drivers/lib/drivers_msp432p401x.am4fg(ADCMSP432.om4fg)
                              ./MSP_EXP432P401R.o (ADCMSP432_fxnTable)
C:/ti/simplelink_msp432p4_sdk_2_20_00_12/source\ti/drivers/lib/drivers_msp432p401x.am4fg(ADCBufMSP432.om4fg)
                              ./MSP_EXP432P401R.o (ADCBufMSP432_fxnTable)
C:/ti/simplelink_msp432p4_sdk_2_20_00_12/source\ti/drivers/lib/drivers_msp432p401x.am4fg(CaptureMSP432.om4fg)
                              ./MSP_EXP432P401R.o (CaptureMSP432_captureFxnTable)
C:/ti/simplelink_msp432p4_sdk_2_20_00_12/source\ti/drivers/lib/drivers_msp432p401x.am4fg(UDMAMSP432.om4fg)
                              C:/ti/simplelink_msp432p4_sdk_2_20_00_12/source\ti/drivers/lib/drivers_msp432p401x.am4fg(ADCBufMSP432.om4fg) (UDMAMSP432_close)
C:/ti/simplelink_msp432p4_sdk_2_20_00_12/source\ti/drivers/lib/drivers_msp432p401x.am4fg(GPIOMSP432.om4fg)
                              ./main_freertos.o (GPIO_setConfig)
C:/ti/simplelink_msp432p4_sdk_2_20_00_12/source\ti/drivers/lib/drivers_msp432p401x.am4fg(I2C.om4fg)
                              ./main_freertos.o (I2C_init)
C:/ti/simplelink_msp432p4_sdk_2_20_00_12/source\ti/drivers/lib/drivers_msp432p401x.am4fg(I2CMSP432.om4fg)
                              ./MSP_EXP432P401R.o (I2CMSP432_fxnTable)
C:/ti/simplelink_msp432p4_sdk_2_20_00_12/source\ti/drivers/lib/drivers_msp432p401x.am4fg(I2CSlaveMSP432.om4fg)
                              ./MSP_EXP432P401R.o (I2CSlaveMSP432_fxnTable)
C:/ti/simplelink_msp432p4_sdk_2_20_00_12/source\ti/drivers/lib/drivers_msp432p401x.am4fg(NVSMSP432.om4fg)
                              ./MSP_EXP432P401R.o (NVSMSP432_fxnTable)
C:/ti/simplelink_msp432p4_sdk_2_20_00_12/source\ti/drivers/lib/drivers_msp432p401x.am4fg(PowerMSP432.om4fg)
                              C:/ti/simplelink_msp432p4_sdk_2_20_00_12/source\ti/drivers/lib/drivers_msp432p401x.am4fg(ADCBufMSP432.om4fg) (Power_getPerformanceLevel)
C:/ti/simplelink_msp432p4_sdk_2_20_00_12/source\ti/drivers/lib/drivers_msp432p401x.am4fg(PWMTimerMSP432.om4fg)
                              ./MSP_EXP432P401R.o (PWMTimerMSP432_fxnTable)
C:/ti/simplelink_msp432p4_sdk_2_20_00_12/source\ti/drivers/lib/drivers_msp432p401x.am4fg(SPI.om4fg)
                              C:/ti/simplelink_msp432p4_sdk_2_20_00_12/source\ti/drivers/lib/drivers_msp432p401x.am4fg(SDSPI.om4fg) (SPI_close)
C:/ti/simplelink_msp432p4_sdk_2_20_00_12/source\ti/drivers/lib/drivers_msp432p401x.am4fg(SPIMSP432DMA.om4fg)
                              ./MSP_EXP432P401R.o (SPIMSP432DMA_fxnTable)
C:/ti/simplelink_msp432p4_sdk_2_20_00_12/source\ti/drivers/lib/drivers_msp432p401x.am4fg(TimerMSP432.om4fg)
                              C:/ti/simplelink_msp432p4_sdk_2_20_00_12/source\ti/drivers/lib/drivers_msp432p401x.am4fg(ADCBufMSP432.om4fg) (TimerMSP432_allocateTimerResource)
C:/ti/simplelink_msp432p4_sdk_2_20_00_12/source\ti/drivers/lib/drivers_msp432p401x.am4fg(UART.om4fg)
                              C:/ti/simplelink_msp432p4_sdk_2_20_00_12/source\ti/display/lib/display.am4fg(DisplayUart.om4fg) (UART_close)
C:/ti/simplelink_msp432p4_sdk_2_20_00_12/source\ti/drivers/lib/drivers_msp432p401x.am4fg(UARTMSP432.om4fg)
                              ./MSP_EXP432P401R.o (UARTMSP432_fxnTable)
C:/ti/simplelink_msp432p4_sdk_2_20_00_12/source\ti/drivers/lib/drivers_msp432p401x.am4fg(WatchdogMSP432.om4fg)
                              ./MSP_EXP432P401R.o (WatchdogMSP432_fxnTable)
C:/ti/simplelink_msp432p4_sdk_2_20_00_12/source\ti/drivers/lib/drivers_msp432p401x.am4fg(List.om4fg)
                              C:/ti/simplelink_msp432p4_sdk_2_20_00_12/source\ti/drivers/lib/drivers_msp432p401x.am4fg(PowerMSP432.om4fg) (List_put)
C:/ti/simplelink_msp432p4_sdk_2_20_00_12/source\ti/drivers/lib/drivers_msp432p401x.am4fg(RingBuf.om4fg)
                              C:/ti/simplelink_msp432p4_sdk_2_20_00_12/source\ti/drivers/lib/drivers_msp432p401x.am4fg(UARTMSP432.om4fg) (RingBuf_construct)
C:/ti/simplelink_msp432p4_sdk_2_20_00_12/source\ti/drivers/lib/drivers_msp432p401x.am4fg(ADCBuf.om4fg)
                              C:/ti/simplelink_msp432p4_sdk_2_20_00_12/source\ti/drivers/lib/drivers_msp432p401x.am4fg(ADCBufMSP432.om4fg) (ADCBuf_defaultParams)
[...]
Memory Configuration

Name             Origin             Length             Attributes
MAIN_FLASH       0x00000000         0x00040000         xr
INFO_FLASH       0x00200000         0x00004000         xr
SRAM_DATA        0x20000000         0x00010000         rw
*default*        0x00000000         0xffffffff

Linker script and memory map

LOAD ./MSP_EXP432P401R.o
LOAD ./main_freertos.o
LOAD ./uartecho.o
LOAD ./value.o
                0x00001000                STACKSIZE = 0x1000
                0x00000000                PROVIDE (_intvecs_base_address, DEFINED (_intvecs_base_address)?_intvecs_base_address:0x0)

.intvecs        0x00000000      0x140
 *(.intvecs)
 .intvecs       0x00000000      0x140 C:/Users/jfeli/workspace_v8/freertos_builds_MSP_EXP432P401R_release_gcc/Debug\libfreertos_builds_MSP_EXP432P401R_release_gcc.a(startup_msp432_gcc.o)
                0x00000000                interruptVectors
                0x20000000                PROVIDE (_vtable_base_address, DEFINED (_vtable_base_address)?_vtable_base_address:0x20000000)

.vtable
 *(.vtable)

.text           0x00000140     0x95b0
 CREATE_OBJECT_SYMBOLS
 *(.text)
 .text          0x00000140        0x0 ./MSP_EXP432P401R.o
 .text          0x00000140        0x0 ./main_freertos.o
 .text          0x00000140        0x0 ./uartecho.o
 .text          0x00000140        0x0 ./value.o
 .text          0x00000140        0x0 C:/ti/simplelink_msp432p4_sdk_2_20_00_12/source\ti/display/lib/display.am4fg(Display.om4fg)
 .text          0x00000140        0x0 C:/ti/simplelink_msp432p4_sdk_2_20_00_12/source\ti/display/lib/display.am4fg(DisplayUart.om4fg)
 .text          0x00000140        0x0 C:/ti/simplelink_msp432p4_sdk_2_20_00_12/source\ti/drivers/lib/drivers_msp432p401x.am4fg(SDSPI.om4fg)
 .text          0x00000140        0x0 C:/ti/simplelink_msp432p4_sdk_2_20_00_12/source\ti/drivers/lib/drivers_msp432p401x.am4fg(ADC.om4fg)
 .text          0x00000140        0x0 C:/ti/simplelink_msp432p4_sdk_2_20_00_12/source\ti/drivers/lib/drivers_msp432p401x.am4fg(ADCMSP432.om4fg)
 .text          0x00000140        0x0 C:/ti/simplelink_msp432p4_sdk_2_20_00_12/source\ti/drivers/lib/drivers_msp432p401x.am4fg(ADCBufMSP432.om4fg)
 .text          0x00000140        0x0 C:/ti/simplelink_msp432p4_sdk_2_20_00_12/source\ti/drivers/lib/drivers_msp432p401x.am4fg(CaptureMSP432.om4fg)
 .text          0x00000140        0x0 C:/ti/simplelink_msp432p4_sdk_2_20_00_12/source\ti/drivers/lib/drivers_msp432p401x.am4fg(UDMAMSP432.om4fg)
 .text          0x00000140        0x0 C:/ti/simplelink_msp432p4_sdk_2_20_00_12/source\ti/drivers/lib/drivers_msp432p401x.am4fg(GPIOMSP432.om4fg)
 .text          0x00000140        0x0 C:/ti/simplelink_msp432p4_sdk_2_20_00_12/source\ti/drivers/lib/drivers_msp432p401x.am4fg(I2C.om4fg)
 .text          0x00000140        0x0 C:/ti/simplelink_msp432p4_sdk_2_20_00_12/source\ti/drivers/lib/drivers_msp432p401x.am4fg(I2CMSP432.om4fg)
 .text          0x00000140        0x0 C:/ti/simplelink_msp432p4_sdk_2_20_00_12/source\ti/drivers/lib/drivers_msp432p401x.am4fg(I2CSlaveMSP432.om4fg)
 .text          0x00000140        0x0 C:/ti/simplelink_msp432p4_sdk_2_20_00_12/source\ti/drivers/lib/drivers_msp432p401x.am4fg(NVSMSP432.om4fg)
 .text          0x00000140        0x0 C:/ti/simplelink_msp432p4_sdk_2_20_00_12/source\ti/drivers/lib/drivers_msp432p401x.am4fg(PowerMSP432.om4fg)
 .text          0x00000140        0x0 C:/ti/simplelink_msp432p4_sdk_2_20_00_12/source\ti/drivers/lib/drivers_msp432p401x.am4fg(PWMTimerMSP432.om4fg)
 .text          0x00000140        0x0 C:/ti/simplelink_msp432p4_sdk_2_20_00_12/source\ti/drivers/lib/drivers_msp432p401x.am4fg(SPI.om4fg)
 .text          0x00000140        0x0 C:/ti/simplelink_msp432p4_sdk_2_20_00_12/source\ti/drivers/lib/drivers_msp432p401x.am4fg(SPIMSP432DMA.om4fg)
 .text          0x00000140        0x0 C:/ti/simplelink_msp432p4_sdk_2_20_00_12/source\ti/drivers/lib/drivers_msp432p401x.am4fg(TimerMSP432.om4fg)
 .text          0x00000140        0x0 C:/ti/simplelink_msp432p4_sdk_2_20_00_12/source\ti/drivers/lib/drivers_msp432p401x.am4fg(UART.om4fg)
 .text          0x00000140        0x0 C:/ti/simplelink_msp432p4_sdk_2_20_00_12/source\ti/drivers/lib/drivers_msp432p401x.am4fg(UARTMSP432.om4fg)
 .text          0x00000140        0x0 C:/ti/simplelink_msp432p4_sdk_2_20_00_12/source\ti/drivers/lib/drivers_msp432p401x.am4fg(WatchdogMSP432.om4fg)
 .text          0x00000140        0x0 C:/ti/simplelink_msp432p4_sdk_2_20_00_12/source\ti/drivers/lib/drivers_msp432p401x.am4fg(List.om4fg)
 .text          0x00000140        0x0 C:/ti/simplelink_msp432p4_sdk_2_20_00_12/source\ti/drivers/lib/drivers_msp432p401x.am4fg(RingBuf.om4fg)
 .text          0x00000140        0x0 C:/ti/simplelink_msp432p4_sdk_2_20_00_12/source\ti/drivers/lib/drivers_msp432p401x.am4fg(ADCBuf.om4fg)
 .text          0x00000140        0x0 C:/Users/jfeli/workspace_v8/freertos_builds_MSP_EXP432P401R_release_gcc/Debug\libfreertos_builds_MSP_EXP432P401R_release_gcc.a(ClockP_freertos.o)
 .text          0x00000140        0x0 C:/Users/jfeli/workspace_v8/freertos_builds_MSP_EXP432P401R_release_gcc/Debug\libfreertos_builds_MSP_EXP432P401R_release_gcc.a(HwiPMSP432_freertos.o)
 .text          0x00000140        0x0 C:/Users/jfeli/workspace_v8/freertos_builds_MSP_EXP432P401R_release_gcc/Debug\libfreertos_builds_MSP_EXP432P401R_release_gcc.a(PowerMSP432_freertos.o)
 .text          0x00000140        0x0 C:/Users/jfeli/workspace_v8/freertos_builds_MSP_EXP432P401R_release_gcc/Debug\libfreertos_builds_MSP_EXP432P401R_release_gcc.a(SemaphoreP_freertos.o)
 .text          0x00000140        0x0 C:/Users/jfeli/workspace_v8/freertos_builds_MSP_EXP432P401R_release_gcc/Debug\libfreertos_builds_MSP_EXP432P401R_release_gcc.a(SystemP_freertos.o)
 .text          0x00000140        0x0 C:/Users/jfeli/workspace_v8/freertos_builds_MSP_EXP432P401R_release_gcc/Debug\libfreertos_builds_MSP_EXP432P401R_release_gcc.a(heap_4.o)
 .text          0x00000140        0x0 C:/Users/jfeli/workspace_v8/freertos_builds_MSP_EXP432P401R_release_gcc/Debug\libfreertos_builds_MSP_EXP432P401R_release_gcc.a(queue.o)
 .text          0x00000140        0x0 C:/Users/jfeli/workspace_v8/freertos_builds_MSP_EXP432P401R_release_gcc/Debug\libfreertos_builds_MSP_EXP432P401R_release_gcc.a(tasks.o)
 .text          0x00000140        0x0 C:/Users/jfeli/workspace_v8/freertos_builds_MSP_EXP432P401R_release_gcc/Debug\libfreertos_builds_MSP_EXP432P401R_release_gcc.a(timers.o)
 .text          0x00000140        0x0 C:/Users/jfeli/workspace_v8/freertos_builds_MSP_EXP432P401R_release_gcc/Debug\libfreertos_builds_MSP_EXP432P401R_release_gcc.a(port.o)
 .text          0x00000140        0x0 C:/Users/jfeli/workspace_v8/freertos_builds_MSP_EXP432P401R_release_gcc/Debug\libfreertos_builds_MSP_EXP432P401R_release_gcc.a(startup_msp432_gcc.o)
 .text          0x00000140        0x0 C:/Users/jfeli/workspace_v8/freertos_builds_MSP_EXP432P401R_release_gcc/Debug\libfreertos_builds_MSP_EXP432P401R_release_gcc.a(list.o)
 .text          0x00000140        0x0 C:/ti/simplelink_msp432p4_sdk_2_20_00_12/source\ti/devices/msp432p4xx/driverlib/gcc/msp432p4xx_driverlib.a(cpu.o)
 .text          0x00000140        0x0 C:/ti/simplelink_msp432p4_sdk_2_20_00_12/source\ti/devices/msp432p4xx/driverlib/gcc/msp432p4xx_driverlib.a(cs.o)
 .text          0x00000140        0x0 C:/ti/simplelink_msp432p4_sdk_2_20_00_12/source\ti/devices/msp432p4xx/driverlib/gcc/msp432p4xx_driverlib.a(dma.o)
 .text          0x00000140        0x0 C:/ti/simplelink_msp432p4_sdk_2_20_00_12/source\ti/devices/msp432p4xx/driverlib/gcc/msp432p4xx_driverlib.a(gpio.o)
 .text          0x00000140        0x0 C:/ti/simplelink_msp432p4_sdk_2_20_00_12/source\ti/devices/msp432p4xx/driverlib/gcc/msp432p4xx_driverlib.a(i2c.o)
 .text          0x00000140        0x0 C:/ti/simplelink_msp432p4_sdk_2_20_00_12/source\ti/devices/msp432p4xx/driverlib/gcc/msp432p4xx_driverlib.a(interrupt.o)
 .text          0x00000140        0x0 C:/ti/simplelink_msp432p4_sdk_2_20_00_12/source\ti/devices/msp432p4xx/driverlib/gcc/msp432p4xx_driverlib.a(spi.o)
 .text          0x00000140        0x0 C:/ti/simplelink_msp432p4_sdk_2_20_00_12/source\ti/devices/msp432p4xx/driverlib/gcc/msp432p4xx_driverlib.a(sysctl.o)
 .text          0x00000140        0x0 C:/ti/simplelink_msp432p4_sdk_2_20_00_12/source\ti/devices/msp432p4xx/driverlib/gcc/msp432p4xx_driverlib.a(sysctl_a.o)
 .text          0x00000140        0x0 C:/ti/simplelink_msp432p4_sdk_2_20_00_12/source\ti/devices/msp432p4xx/driverlib/gcc/msp432p4xx_driverlib.a(timer_a.o)
 .text          0x00000140      0x378 c:/ti/ccsv8/tools/compiler/gcc-arm-none-eabi-7-2017-q4-major-win32/bin/../lib/gcc/arm-none-eabi/7.2.1/thumb/v7e-m/fpv4-sp/hard\libgcc.a(_arm_addsubdf3.o)
                0x00000140                __aeabi_drsub
                0x00000148                __aeabi_dsub
                0x00000148                __subdf3
                0x0000014c                __aeabi_dadd
                0x0000014c                __adddf3
                0x000003c4                __floatunsidf
                0x000003c4                __aeabi_ui2d
                0x000003e4                __floatsidf
                0x000003e4                __aeabi_i2d
                0x00000408                __aeabi_f2d
                0x00000408                __extendsfdf2
                0x0000044c                __floatundidf
                0x0000044c                __aeabi_ul2d
                0x0000045c                __floatdidf
                0x0000045c                __aeabi_l2d
 .text          0x000004b8      0x424 c:/ti/ccsv8/tools/compiler/gcc-arm-none-eabi-7-2017-q4-major-win32/bin/../lib/gcc/arm-none-eabi/7.2.1/thumb/v7e-m/fpv4-sp/hard\libgcc.a(_arm_muldivdf3.o)
                0x000004b8                __aeabi_dmul
                0x000004b8                __muldf3
                0x0000070c                __divdf3
                0x0000070c                __aeabi_ddiv
 .text          0x000008dc      0x110 c:/ti/ccsv8/tools/compiler/gcc-arm-none-eabi-7-2017-q4-major-win32/bin/../lib/gcc/arm-none-eabi/7.2.1/thumb/v7e-m/fpv4-sp/hard\libgcc.a(_arm_cmpdf2.o)
                0x000008dc                __gtdf2
                0x000008dc                __gedf2
                0x000008e4                __ltdf2
                0x000008e4                __ledf2
                0x000008ec                __nedf2
                0x000008ec                __eqdf2
                0x000008ec                __cmpdf2
                0x00000968                __aeabi_cdrcmple
                0x00000978                __aeabi_cdcmpeq
                0x00000978                __aeabi_cdcmple
                0x00000988                __aeabi_dcmpeq
                0x0000099c                __aeabi_dcmplt
                0x000009b0                __aeabi_dcmple
                0x000009c4                __aeabi_dcmpge
                0x000009d8                __aeabi_dcmpgt
 .text          0x000009ec       0x50 c:/ti/ccsv8/tools/compiler/gcc-arm-none-eabi-7-2017-q4-major-win32/bin/../lib/gcc/arm-none-eabi/7.2.1/thumb/v7e-m/fpv4-sp/hard\libgcc.a(_arm_fixdfsi.o)
                0x000009ec                __aeabi_d2iz
                0x000009ec                __fixdfsi
 .text          0x00000a3c       0x40 c:/ti/ccsv8/tools/compiler/gcc-arm-none-eabi-7-2017-q4-major-win32/bin/../lib/gcc/arm-none-eabi/7.2.1/thumb/v7e-m/fpv4-sp/hard\libgcc.a(_arm_fixunsdfsi.o)
                0x00000a3c                __aeabi_d2uiz
                0x00000a3c                __fixunsdfsi
 .text          0x00000a7c       0x30 c:/ti/ccsv8/tools/compiler/gcc-arm-none-eabi-7-2017-q4-major-win32/bin/../lib/gcc/arm-none-eabi/7.2.1/thumb/v7e-m/fpv4-sp/hard\libgcc.a(_aeabi_uldivmod.o)
                0x00000a7c                __aeabi_uldivmod
 .text          0x00000aac      0x2cc c:/ti/ccsv8/tools/compiler/gcc-arm-none-eabi-7-2017-q4-major-win32/bin/../lib/gcc/arm-none-eabi/7.2.1/thumb/v7e-m/fpv4-sp/hard\libgcc.a(_udivmoddi4.o)
                0x00000aac                __udivmoddi4
 .text          0x00000d78        0x4 c:/ti/ccsv8/tools/compiler/gcc-arm-none-eabi-7-2017-q4-major-win32/bin/../lib/gcc/arm-none-eabi/7.2.1/thumb/v7e-m/fpv4-sp/hard\libgcc.a(_dvmd_tls.o)
                0x00000d78                __aeabi_idiv0
                0x00000d78                __aeabi_ldiv0
 .text          0x00000d7c        0x0 C:/ti/ccsv8/tools/compiler/gcc-arm-none-eabi-7-2017-q4-major-win32/arm-none-eabi/lib/thumb/v7e-m/fpv4-sp/hard\libc_nano.a(lib_a-findfp.o)
 .text          0x00000d7c        0x0 C:/ti/ccsv8/tools/compiler/gcc-arm-none-eabi-7-2017-q4-major-win32/arm-none-eabi/lib/thumb/v7e-m/fpv4-sp/hard\libc_nano.a(lib_a-fwalk.o)
 .text          0x00000d7c        0x0 C:/ti/ccsv8/tools/compiler/gcc-arm-none-eabi-7-2017-q4-major-win32/arm-none-eabi/lib/thumb/v7e-m/fpv4-sp/hard\libc_nano.a(lib_a-impure.o)
 .text          0x00000d7c        0x0 C:/ti/ccsv8/tools/compiler/gcc-arm-none-eabi-7-2017-q4-major-win32/arm-none-eabi/lib/thumb/v7e-m/fpv4-sp/hard\libc_nano.a(lib_a-memcpy-stub.o)
 .text          0x00000d7c        0x0 C:/ti/ccsv8/tools/compiler/gcc-arm-none-eabi-7-2017-q4-major-win32/arm-none-eabi/lib/thumb/v7e-m/fpv4-sp/hard\libc_nano.a(lib_a-memset.o)
 .text          0x00000d7c        0x0 C:/ti/ccsv8/tools/compiler/gcc-arm-none-eabi-7-2017-q4-major-win32/arm-none-eabi/lib/thumb/v7e-m/fpv4-sp/hard\libc_nano.a(lib_a-nano-mallocr.o)
 .text          0x00000d7c        0x0 C:/ti/ccsv8/tools/compiler/gcc-arm-none-eabi-7-2017-q4-major-win32/arm-none-eabi/lib/thumb/v7e-m/fpv4-sp/hard\libc_nano.a(lib_a-reent.o)
 .text          0x00000d7c        0x0 C:/ti/ccsv8/tools/compiler/gcc-arm-none-eabi-7-2017-q4-major-win32/arm-none-eabi/lib/thumb/v7e-m/fpv4-sp/hard\libc_nano.a(lib_a-sbrkr.o)
 .text          0x00000d7c        0x0 C:/ti/ccsv8/tools/compiler/gcc-arm-none-eabi-7-2017-q4-major-win32/arm-none-eabi/lib/thumb/v7e-m/fpv4-sp/hard\libc_nano.a(lib_a-stdio.o)
 .text          0x00000d7c       0x10 C:/ti/ccsv8/tools/compiler/gcc-arm-none-eabi-7-2017-q4-major-win32/arm-none-eabi/lib/thumb/v7e-m/fpv4-sp/hard\libc_nano.a(lib_a-strlen.o)
                0x00000d7c                strlen
 .text          0x00000d8c        0x0 C:/ti/ccsv8/tools/compiler/gcc-arm-none-eabi-7-2017-q4-major-win32/arm-none-eabi/lib/thumb/v7e-m/fpv4-sp/hard\libc_nano.a(lib_a-writer.o)
 .text          0x00000d8c        0x0 C:/ti/ccsv8/tools/compiler/gcc-arm-none-eabi-7-2017-q4-major-win32/arm-none-eabi/lib/thumb/v7e-m/fpv4-sp/hard\libc_nano.a(lib_a-closer.o)
 .text          0x00000d8c        0x0 C:/ti/ccsv8/tools/compiler/gcc-arm-none-eabi-7-2017-q4-major-win32/arm-none-eabi/lib/thumb/v7e-m/fpv4-sp/hard\libc_nano.a(lib_a-fflush.o)
 .text          0x00000d8c        0x0 C:/ti/ccsv8/tools/compiler/gcc-arm-none-eabi-7-2017-q4-major-win32/arm-none-eabi/lib/thumb/v7e-m/fpv4-sp/hard\libc_nano.a(lib_a-lseekr.o)
 .text          0x00000d8c        0x0 C:/ti/ccsv8/tools/compiler/gcc-arm-none-eabi-7-2017-q4-major-win32/arm-none-eabi/lib/thumb/v7e-m/fpv4-sp/hard\libc_nano.a(lib_a-mlock.o)
 .text          0x00000d8c        0x0 C:/ti/ccsv8/tools/compiler/gcc-arm-none-eabi-7-2017-q4-major-win32/arm-none-eabi/lib/thumb/v7e-m/fpv4-sp/hard\libc_nano.a(lib_a-nano-freer.o)
 .text          0x00000d8c        0x0 C:/ti/ccsv8/tools/compiler/gcc-arm-none-eabi-7-2017-q4-major-win32/arm-none-eabi/lib/thumb/v7e-m/fpv4-sp/hard\libc_nano.a(lib_a-readr.o)
 .text          0x00000d8c        0x0 C:/ti/ccsv8/tools/compiler/gcc-arm-none-eabi-7-2017-q4-major-win32/arm-none-eabi/lib/thumb/v7e-m/fpv4-sp/hard\libnosys.a(close.o)
 .text          0x00000d8c        0x0 C:/ti/ccsv8/tools/compiler/gcc-arm-none-eabi-7-2017-q4-major-win32/arm-none-eabi/lib/thumb/v7e-m/fpv4-sp/hard\libnosys.a(lseek.o)
 .text          0x00000d8c        0x0 C:/ti/ccsv8/tools/compiler/gcc-arm-none-eabi-7-2017-q4-major-win32/arm-none-eabi/lib/thumb/v7e-m/fpv4-sp/hard\libnosys.a(read.o)
 .text          0x00000d8c        0x0 C:/ti/ccsv8/tools/compiler/gcc-arm-none-eabi-7-2017-q4-major-win32/arm-none-eabi/lib/thumb/v7e-m/fpv4-sp/hard\libnosys.a(sbrk.o)
 .text          0x00000d8c        0x0 C:/ti/ccsv8/tools/compiler/gcc-arm-none-eabi-7-2017-q4-major-win32/arm-none-eabi/lib/thumb/v7e-m/fpv4-sp/hard\libnosys.a(write.o)
 *(.text.*)
 .text.MSP_EXP432P401R_initGeneral
                0x00000d8c        0xc ./MSP_EXP432P401R.o
                0x00000d8c                MSP_EXP432P401R_initGeneral
 .text.main     0x00000d98       0xd8 ./main_freertos.o
                0x00000d98                main
 .text.vInitPerif
                0x00000e70       0xbc ./main_freertos.o
                0x00000e70                vInitPerif
 .text.vTeste1  0x00000f2c       0xac ./main_freertos.o
                0x00000f2c                vTeste1
 .text.vPIDMulti
                0x00000fd8      0x368 ./main_freertos.o
                0x00000fd8                vPIDMulti
 .text.vPID1    0x00001340      0x1d0 ./main_freertos.o
                0x00001340                vPID1
 .text.vPID2    0x00001510      0x1d0 ./main_freertos.o
                0x00001510                vPID2
 .text.vSerial  0x000016e0      0x6a4 ./main_freertos.o
                0x000016e0                vSerial
 .text.vADC     0x00001d84       0x70 ./main_freertos.o
                0x00001d84                vADC
 .text.vI2C_DAC
                0x00001df4       0xe8 ./main_freertos.o
                0x00001df4                vI2C_DAC
 .text.vApplicationMallocFailedHook
                0x00001edc        0x6 ./main_freertos.o
                0x00001edc                vApplicationMallocFailedHook
 .text.vApplicationStackOverflowHook
                0x00001ee2        0xc ./main_freertos.o
                0x00001ee2                vApplicationStackOverflowHook
 *fill*         0x00001eee        0x2 
 .text.Init_valores
                0x00001ef0       0xc8 ./value.o
                0x00001ef0                Init_valores
 .text.Init_valores1
                0x00001fb8       0x68 ./value.o
                0x00001fb8                Init_valores1
 .text.Init_valores2
                0x00002020       0x68 ./value.o
                0x00002020                Init_valores2
 .text.Altera_timerMulti
                0x00002088       0x24 ./value.o
                0x00002088                Altera_timerMulti
 .text.Altera_timer1
                0x000020ac       0x24 ./value.o
                0x000020ac                Altera_timer1
 .text.Altera_timer2
                0x000020d0       0x24 ./value.o
                0x000020d0                Altera_timer2
 .text.Altera_ie1
                0x000020f4       0x20 ./value.o
                0x000020f4                Altera_ie1
 .text.Altera_e1
                0x00002114       0x20 ./value.o
                0x00002114                Altera_e1
 .text.Altera_Kp1
                0x00002134       0x20 ./value.o
                0x00002134                Altera_Kp1
 .text.Altera_Ki1
                0x00002154       0x20 ./value.o
                0x00002154                Altera_Ki1
 .text.Altera_Kd1
                0x00002174       0x20 ./value.o
                0x00002174                Altera_Kd1
 .text.Altera_ref1
                0x00002194       0x48 ./value.o
                0x00002194                Altera_ref1
 .text.Altera_ie2
                0x000021dc       0x20 ./value.o
                0x000021dc                Altera_ie2
 .text.Altera_e2
                0x000021fc       0x20 ./value.o
                0x000021fc                Altera_e2
 .text.Altera_Kp2
                0x0000221c       0x20 ./value.o
                0x0000221c                Altera_Kp2
 .text.Altera_Ki2
                0x0000223c       0x20 ./value.o
                0x0000223c                Altera_Ki2
 .text.Altera_Kd2
                0x0000225c       0x20 ./value.o
                0x0000225c                Altera_Kd2
 .text.Altera_ref2
                0x0000227c       0x48 ./value.o
                0x0000227c                Altera_ref2
 .text.Retorna_timerMulti
                0x000022c4       0x18 ./value.o
                0x000022c4                Retorna_timerMulti
 .text.Retorna_timer1
                0x000022dc       0x18 ./value.o
                0x000022dc                Retorna_timer1
 .text.Retorna_timer2
                0x000022f4       0x18 ./value.o
                0x000022f4                Retorna_timer2
 .text.Retorna_Kp1
                0x0000230c       0x1c ./value.o
                0x0000230c                Retorna_Kp1
 .text.Retorna_Ki1
                0x00002328       0x1c ./value.o
                0x00002328                Retorna_Ki1
 .text.Retorna_Kd1
                0x00002344       0x1c ./value.o
                0x00002344                Retorna_Kd1
 .text.Retorna_ref1
                0x00002360       0x1c ./value.o
                0x00002360                Retorna_ref1
 .text.Retorna_e1
                0x0000237c       0x1c ./value.o
                0x0000237c                Retorna_e1
 .text.Retorna_ie1
                0x00002398       0x1c ./value.o
                0x00002398                Retorna_ie1
 .text.Retorna_Kp2
                0x000023b4       0x1c ./value.o
                0x000023b4                Retorna_Kp2
 .text.Retorna_Ki2
                0x000023d0       0x1c ./value.o
                0x000023d0                Retorna_Ki2
 .text.Retorna_Kd2
                0x000023ec       0x1c ./value.o
                0x000023ec                Retorna_Kd2
 .text.Retorna_ref2
                0x00002408       0x1c ./value.o
                0x00002408                Retorna_ref2
 .text.Retorna_e2
                0x00002424       0x1c ./value.o
                0x00002424                Retorna_e2
 .text.Retorna_ie2
                0x00002440       0x1c ./value.o
                0x00002440                Retorna_ie2
 .text.Display_doInit
                0x0000245c       0x2c C:/ti/simplelink_msp432p4_sdk_2_20_00_12/source\ti/display/lib/display.am4fg(Display.om4fg)
                0x0000245c                Display_doInit
 .text.DisplayUartMin_init
                0x00002488        0x4 C:/ti/simplelink_msp432p4_sdk_2_20_00_12/source\ti/display/lib/display.am4fg(DisplayUart.om4fg)
                0x00002488                DisplayUartMin_init
 .text.DisplayUartMin_clearLines
                0x0000248c        0x4 C:/ti/simplelink_msp432p4_sdk_2_20_00_12/source\ti/display/lib/display.am4fg(DisplayUart.om4fg)
                0x0000248c                DisplayUartMin_clearLines
 .text.DisplayUartMin_control
                0x00002490        0x8 C:/ti/simplelink_msp432p4_sdk_2_20_00_12/source\ti/display/lib/display.am4fg(DisplayUart.om4fg)
                0x00002490                DisplayUartMin_control
 .text.DisplayUartMin_getType
                0x00002498        0x8 C:/ti/simplelink_msp432p4_sdk_2_20_00_12/source\ti/display/lib/display.am4fg(DisplayUart.om4fg)
                0x00002498                DisplayUartMin_getType
 .text.DisplayUartMin_open
                0x000024a0       0x48 C:/ti/simplelink_msp432p4_sdk_2_20_00_12/source\ti/display/lib/display.am4fg(DisplayUart.om4fg)
                0x000024a0                DisplayUartMin_open
 .text.DisplayUartMin_vprintf
                0x000024e8       0x4c C:/ti/simplelink_msp432p4_sdk_2_20_00_12/source\ti/display/lib/display.am4fg(DisplayUart.om4fg)
                0x000024e8                DisplayUartMin_vprintf
 .text.DisplayUartMin_close
                0x00002534       0x18 C:/ti/simplelink_msp432p4_sdk_2_20_00_12/source\ti/display/lib/display.am4fg(DisplayUart.om4fg)
                0x00002534                DisplayUartMin_close
 .text.DisplayUartMin_clear
                0x0000254c        0x4 C:/ti/simplelink_msp432p4_sdk_2_20_00_12/source\ti/display/lib/display.am4fg(DisplayUart.om4fg)
                0x0000254c                DisplayUartMin_clear
 .text.ADC_convert
                0x00002550        0x8 C:/ti/simplelink_msp432p4_sdk_2_20_00_12/source\ti/drivers/lib/drivers_msp432p401x.am4fg(ADC.om4fg)
                0x00002550                ADC_convert
 .text.ADC_init
                0x00002558       0x4c C:/ti/simplelink_msp432p4_sdk_2_20_00_12/source\ti/drivers/lib/drivers_msp432p401x.am4fg(ADC.om4fg)
                0x00002558                ADC_init
 .text.ADC_open
                0x000025a4       0x44 C:/ti/simplelink_msp432p4_sdk_2_20_00_12/source\ti/drivers/lib/drivers_msp432p401x.am4fg(ADC.om4fg)
                0x000025a4                ADC_open
 .text.ADC_Params_init
                0x000025e8        0xc C:/ti/simplelink_msp432p4_sdk_2_20_00_12/source\ti/drivers/lib/drivers_msp432p401x.am4fg(ADC.om4fg)
                0x000025e8                ADC_Params_init
 .text.ADCMSP432_control
                0x000025f4        0x8 C:/ti/simplelink_msp432p4_sdk_2_20_00_12/source\ti/drivers/lib/drivers_msp432p401x.am4fg(ADCMSP432.om4fg)
                0x000025f4                ADCMSP432_control
 .text.ADCMSP432_convertToMicroVolts
                0x000025fc       0xc4 C:/ti/simplelink_msp432p4_sdk_2_20_00_12/source\ti/drivers/lib/drivers_msp432p401x.am4fg(ADCMSP432.om4fg)
                0x000025fc                ADCMSP432_convertToMicroVolts
 .text.ADCMSP432_close
                0x000026c0       0x40 C:/ti/simplelink_msp432p4_sdk_2_20_00_12/source\ti/drivers/lib/drivers_msp432p401x.am4fg(ADCMSP432.om4fg)
                0x000026c0                ADCMSP432_close
 .text.ADCMSP432_convert
                0x00002700      0x114 C:/ti/simplelink_msp432p4_sdk_2_20_00_12/source\ti/drivers/lib/drivers_msp432p401x.am4fg(ADCMSP432.om4fg)
                0x00002700                ADCMSP432_convert
 .text.ADCMSP432_init
                0x00002814       0x34 C:/ti/simplelink_msp432p4_sdk_2_20_00_12/source\ti/drivers/lib/drivers_msp432p401x.am4fg(ADCMSP432.om4fg)
                0x00002814                ADCMSP432_init
 .text.ADCMSP432_open
                0x00002848       0xe4 C:/ti/simplelink_msp432p4_sdk_2_20_00_12/source\ti/drivers/lib/drivers_msp432p401x.am4fg(ADCMSP432.om4fg)
                0x00002848                ADCMSP432_open
 .text.GPIO_hwiIntFxn
                0x0000292c       0x64 C:/ti/simplelink_msp432p4_sdk_2_20_00_12/source\ti/drivers/lib/drivers_msp432p401x.am4fg(GPIOMSP432.om4fg)
                0x0000292c                GPIO_hwiIntFxn
 .text.GPIO_setCallback
                0x00002990       0x68 C:/ti/simplelink_msp432p4_sdk_2_20_00_12/source\ti/drivers/lib/drivers_msp432p401x.am4fg(GPIOMSP432.om4fg)
                0x00002990                GPIO_setCallback
 .text.GPIO_setConfig
                0x000029f8      0x184 C:/ti/simplelink_msp432p4_sdk_2_20_00_12/source\ti/drivers/lib/drivers_msp432p401x.am4fg(GPIOMSP432.om4fg)
                0x000029f8                GPIO_setConfig
 .text.GPIO_init
                0x00002b7c       0xe0 C:/ti/simplelink_msp432p4_sdk_2_20_00_12/source\ti/drivers/lib/drivers_msp432p401x.am4fg(GPIOMSP432.om4fg)
                0x00002b7c                GPIO_init
 .text.GPIO_write
                0x00002c5c       0x64 C:/ti/simplelink_msp432p4_sdk_2_20_00_12/source\ti/drivers/lib/drivers_msp432p401x.am4fg(GPIOMSP432.om4fg)
                0x00002c5c                GPIO_write
 .text.I2C_init
                0x00002cc0       0x4c C:/ti/simplelink_msp432p4_sdk_2_20_00_12/source\ti/drivers/lib/drivers_msp432p401x.am4fg(I2C.om4fg)
                0x00002cc0                I2C_init
 .text.I2C_open
                0x00002d0c       0x44 C:/ti/simplelink_msp432p4_sdk_2_20_00_12/source\ti/drivers/lib/drivers_msp432p401x.am4fg(I2C.om4fg)
                0x00002d0c                I2C_open
 .text.I2C_Params_init
                0x00002d50        0xc C:/ti/simplelink_msp432p4_sdk_2_20_00_12/source\ti/drivers/lib/drivers_msp432p401x.am4fg(I2C.om4fg)
                0x00002d50                I2C_Params_init
 .text.I2C_transfer
                0x00002d5c        0x8 C:/ti/simplelink_msp432p4_sdk_2_20_00_12/source\ti/drivers/lib/drivers_msp432p401x.am4fg(I2C.om4fg)
                0x00002d5c                I2C_transfer
 .text.I2CMSP432_control
                0x00002d64        0x8 C:/ti/simplelink_msp432p4_sdk_2_20_00_12/source\ti/drivers/lib/drivers_msp432p401x.am4fg(I2CMSP432.om4fg)
                0x00002d64                I2CMSP432_control
 .text.I2CMSP432_init
                0x00002d6c        0x4 C:/ti/simplelink_msp432p4_sdk_2_20_00_12/source\ti/drivers/lib/drivers_msp432p401x.am4fg(I2CMSP432.om4fg)
                0x00002d6c                I2CMSP432_init
 .text.I2CMSP432_close
                0x00002d70       0x70 C:/ti/simplelink_msp432p4_sdk_2_20_00_12/source\ti/drivers/lib/drivers_msp432p401x.am4fg(I2CMSP432.om4fg)
                0x00002d70                I2CMSP432_close
 .text.blockingTransferCallback
                0x00002de0        0x8 C:/ti/simplelink_msp432p4_sdk_2_20_00_12/source\ti/drivers/lib/drivers_msp432p401x.am4fg(I2CMSP432.om4fg)
 .text.initHw.isra.0
                0x00002de8       0x6c C:/ti/simplelink_msp432p4_sdk_2_20_00_12/source\ti/drivers/lib/drivers_msp432p401x.am4fg(I2CMSP432.om4fg)
 .text.perfChangeNotifyFxn
                0x00002e54       0x48 C:/ti/simplelink_msp432p4_sdk_2_20_00_12/source\ti/drivers/lib/drivers_msp432p401x.am4fg(I2CMSP432.om4fg)
 .text.I2CMSP432_cancel
                0x00002e9c       0xac C:/ti/simplelink_msp432p4_sdk_2_20_00_12/source\ti/drivers/lib/drivers_msp432p401x.am4fg(I2CMSP432.om4fg)
                0x00002e9c                I2CMSP432_cancel
 .text.I2CMSP432_open
                0x00002f48      0x254 C:/ti/simplelink_msp432p4_sdk_2_20_00_12/source\ti/drivers/lib/drivers_msp432p401x.am4fg(I2CMSP432.om4fg)
                0x00002f48                I2CMSP432_open
 .text.primeTransfer.isra.1
                0x0000319c       0x80 C:/ti/simplelink_msp432p4_sdk_2_20_00_12/source\ti/drivers/lib/drivers_msp432p401x.am4fg(I2CMSP432.om4fg)
 .text.completeTransfer
                0x0000321c       0x48 C:/ti/simplelink_msp432p4_sdk_2_20_00_12/source\ti/drivers/lib/drivers_msp432p401x.am4fg(I2CMSP432.om4fg)
 .text.I2CMSP432_hwiIntFxn
                0x00003264      0x174 C:/ti/simplelink_msp432p4_sdk_2_20_00_12/source\ti/drivers/lib/drivers_msp432p401x.am4fg(I2CMSP432.om4fg)
                0x00003264                I2CMSP432_hwiIntFxn
 .text.I2CMSP432_transfer
                0x000033d8       0xa0 C:/ti/simplelink_msp432p4_sdk_2_20_00_12/source\ti/drivers/lib/drivers_msp432p401x.am4fg(I2CMSP432.om4fg)
                0x000033d8                I2CMSP432_transfer
 .text.notify   0x00003478       0x34 C:/ti/simplelink_msp432p4_sdk_2_20_00_12/source\ti/drivers/lib/drivers_msp432p401x.am4fg(PowerMSP432.om4fg)
 .text.restartHFXT
                0x000034ac       0x88 C:/ti/simplelink_msp432p4_sdk_2_20_00_12/source\ti/drivers/lib/drivers_msp432p401x.am4fg(PowerMSP432.om4fg)
 .text.Power_getConstraintMask
                0x00003534        0xc C:/ti/simplelink_msp432p4_sdk_2_20_00_12/source\ti/drivers/lib/drivers_msp432p401x.am4fg(PowerMSP432.om4fg)
                0x00003534                Power_getConstraintMask
 .text.Power_getPerformanceLevel
                0x00003540        0xc C:/ti/simplelink_msp432p4_sdk_2_20_00_12/source\ti/drivers/lib/drivers_msp432p401x.am4fg(PowerMSP432.om4fg)
                0x00003540                Power_getPerformanceLevel
 .text.Power_idleFunc
                0x0000354c       0x14 C:/ti/simplelink_msp432p4_sdk_2_20_00_12/source\ti/drivers/lib/drivers_msp432p401x.am4fg(PowerMSP432.om4fg)
                0x0000354c                Power_idleFunc
 .text.Power_init
                0x00003560      0x34c C:/ti/simplelink_msp432p4_sdk_2_20_00_12/source\ti/drivers/lib/drivers_msp432p401x.am4fg(PowerMSP432.om4fg)
                0x00003560                Power_init
 .text.Power_registerNotify
                0x000038ac       0x24 C:/ti/simplelink_msp432p4_sdk_2_20_00_12/source\ti/drivers/lib/drivers_msp432p401x.am4fg(PowerMSP432.om4fg)
                0x000038ac                Power_registerNotify
 .text.Power_releaseConstraint
                0x000038d0       0x48 C:/ti/simplelink_msp432p4_sdk_2_20_00_12/source\ti/drivers/lib/drivers_msp432p401x.am4fg(PowerMSP432.om4fg)
                0x000038d0                Power_releaseConstraint
 .text.Power_setConstraint
                0x00003918       0x34 C:/ti/simplelink_msp432p4_sdk_2_20_00_12/source\ti/drivers/lib/drivers_msp432p401x.am4fg(PowerMSP432.om4fg)
                0x00003918                Power_setConstraint
 .text.Power_sleep
                0x0000394c      0x400 C:/ti/simplelink_msp432p4_sdk_2_20_00_12/source\ti/drivers/lib/drivers_msp432p401x.am4fg(PowerMSP432.om4fg)
                0x0000394c                Power_sleep
 .text.Power_unregisterNotify
                0x00003d4c       0x20 C:/ti/simplelink_msp432p4_sdk_2_20_00_12/source\ti/drivers/lib/drivers_msp432p401x.am4fg(PowerMSP432.om4fg)
                0x00003d4c                Power_unregisterNotify
 .text.PowerMSP432_getFreqs
                0x00003d6c       0x54 C:/ti/simplelink_msp432p4_sdk_2_20_00_12/source\ti/drivers/lib/drivers_msp432p401x.am4fg(PowerMSP432.om4fg)
                0x00003d6c                PowerMSP432_getFreqs
 .text.PowerMSP432_getNumPerfLevels
                0x00003dc0        0xc C:/ti/simplelink_msp432p4_sdk_2_20_00_12/source\ti/drivers/lib/drivers_msp432p401x.am4fg(PowerMSP432.om4fg)
                0x00003dc0                PowerMSP432_getNumPerfLevels
 .text.UART_close
                0x00003dcc        0x8 C:/ti/simplelink_msp432p4_sdk_2_20_00_12/source\ti/drivers/lib/drivers_msp432p401x.am4fg(UART.om4fg)
                0x00003dcc                UART_close
 .text.UART_control
                0x00003dd4        0x8 C:/ti/simplelink_msp432p4_sdk_2_20_00_12/source\ti/drivers/lib/drivers_msp432p401x.am4fg(UART.om4fg)
                0x00003dd4                UART_control
 .text.UART_init
                0x00003ddc       0x4c C:/ti/simplelink_msp432p4_sdk_2_20_00_12/source\ti/drivers/lib/drivers_msp432p401x.am4fg(UART.om4fg)
                0x00003ddc                UART_init
 .text.UART_open
                0x00003e28       0x44 C:/ti/simplelink_msp432p4_sdk_2_20_00_12/source\ti/drivers/lib/drivers_msp432p401x.am4fg(UART.om4fg)
                0x00003e28                UART_open
 .text.UART_Params_init
                0x00003e6c       0x1c C:/ti/simplelink_msp432p4_sdk_2_20_00_12/source\ti/drivers/lib/drivers_msp432p401x.am4fg(UART.om4fg)
                0x00003e6c                UART_Params_init
 .text.UART_read
                0x00003e88        0x8 C:/ti/simplelink_msp432p4_sdk_2_20_00_12/source\ti/drivers/lib/drivers_msp432p401x.am4fg(UART.om4fg)
                0x00003e88                UART_read
 .text.UART_write
                0x00003e90        0x8 C:/ti/simplelink_msp432p4_sdk_2_20_00_12/source\ti/drivers/lib/drivers_msp432p401x.am4fg(UART.om4fg)
                0x00003e90                UART_write
 .text.initHw   0x00003e98       0xbc C:/ti/simplelink_msp432p4_sdk_2_20_00_12/source\ti/drivers/lib/drivers_msp432p401x.am4fg(UARTMSP432.om4fg)
 .text.UARTMSP432_init
                0x00003f54        0x4 C:/ti/simplelink_msp432p4_sdk_2_20_00_12/source\ti/drivers/lib/drivers_msp432p401x.am4fg(UARTMSP432.om4fg)
                0x00003f54                UARTMSP432_init
 .text.UARTMSP432_close
                0x00003f58       0x94 C:/ti/simplelink_msp432p4_sdk_2_20_00_12/source\ti/drivers/lib/drivers_msp432p401x.am4fg(UARTMSP432.om4fg)
                0x00003f58                UARTMSP432_close
 .text.UARTMSP432_control
                0x00003fec       0xbc C:/ti/simplelink_msp432p4_sdk_2_20_00_12/source\ti/drivers/lib/drivers_msp432p401x.am4fg(UARTMSP432.om4fg)
                0x00003fec                UARTMSP432_control
 .text.UARTMSP432_writePolling
                0x000040a8       0xb0 C:/ti/simplelink_msp432p4_sdk_2_20_00_12/source\ti/drivers/lib/drivers_msp432p401x.am4fg(UARTMSP432.om4fg)
                0x000040a8                UARTMSP432_writePolling
 .text.UARTMSP432_read
                0x00004158       0x40 C:/ti/simplelink_msp432p4_sdk_2_20_00_12/source\ti/drivers/lib/drivers_msp432p401x.am4fg(UARTMSP432.om4fg)
                0x00004158                UARTMSP432_read
 .text.UARTMSP432_readCancel
                0x00004198       0x38 C:/ti/simplelink_msp432p4_sdk_2_20_00_12/source\ti/drivers/lib/drivers_msp432p401x.am4fg(UARTMSP432.om4fg)
                0x00004198                UARTMSP432_readCancel
 .text.UARTMSP432_writeCancel
                0x000041d0       0x60 C:/ti/simplelink_msp432p4_sdk_2_20_00_12/source\ti/drivers/lib/drivers_msp432p401x.am4fg(UARTMSP432.om4fg)
                0x000041d0                UARTMSP432_writeCancel
 .text.perfChangeNotifyFxn
                0x00004230       0x40 C:/ti/simplelink_msp432p4_sdk_2_20_00_12/source\ti/drivers/lib/drivers_msp432p401x.am4fg(UARTMSP432.om4fg)
 .text.UARTMSP432_open
                0x00004270      0x36c C:/ti/simplelink_msp432p4_sdk_2_20_00_12/source\ti/drivers/lib/drivers_msp432p401x.am4fg(UARTMSP432.om4fg)
                0x00004270                UARTMSP432_open
 .text.readIsrTextBlocking
                0x000045dc       0x8c C:/ti/simplelink_msp432p4_sdk_2_20_00_12/source\ti/drivers/lib/drivers_msp432p401x.am4fg(UARTMSP432.om4fg)
 .text.readIsrBinaryBlocking
                0x00004668       0x58 C:/ti/simplelink_msp432p4_sdk_2_20_00_12/source\ti/drivers/lib/drivers_msp432p401x.am4fg(UARTMSP432.om4fg)
 .text.readTaskCallback
                0x000046c0       0xb8 C:/ti/simplelink_msp432p4_sdk_2_20_00_12/source\ti/drivers/lib/drivers_msp432p401x.am4fg(UARTMSP432.om4fg)
 .text.readIsrTextCallback
                0x00004778       0x98 C:/ti/simplelink_msp432p4_sdk_2_20_00_12/source\ti/drivers/lib/drivers_msp432p401x.am4fg(UARTMSP432.om4fg)
 .text.readIsrBinaryCallback
                0x00004810       0x50 C:/ti/simplelink_msp432p4_sdk_2_20_00_12/source\ti/drivers/lib/drivers_msp432p401x.am4fg(UARTMSP432.om4fg)
 .text.UARTMSP432_readPolling
                0x00004860       0xd8 C:/ti/simplelink_msp432p4_sdk_2_20_00_12/source\ti/drivers/lib/drivers_msp432p401x.am4fg(UARTMSP432.om4fg)
                0x00004860                UARTMSP432_readPolling
 .text.UARTMSP432_write
                0x00004938       0x90 C:/ti/simplelink_msp432p4_sdk_2_20_00_12/source\ti/drivers/lib/drivers_msp432p401x.am4fg(UARTMSP432.om4fg)
                0x00004938                UARTMSP432_write
 .text.readTaskBlocking
                0x000049c8       0xb0 C:/ti/simplelink_msp432p4_sdk_2_20_00_12/source\ti/drivers/lib/drivers_msp432p401x.am4fg(UARTMSP432.om4fg)
 .text.readBlockingTimeout
                0x00004a78       0x10 C:/ti/simplelink_msp432p4_sdk_2_20_00_12/source\ti/drivers/lib/drivers_msp432p401x.am4fg(UARTMSP432.om4fg)
 .text.readSemCallback
                0x00004a88        0x8 C:/ti/simplelink_msp432p4_sdk_2_20_00_12/source\ti/drivers/lib/drivers_msp432p401x.am4fg(UARTMSP432.om4fg)
 .text.writeSemCallback
                0x00004a90        0x8 C:/ti/simplelink_msp432p4_sdk_2_20_00_12/source\ti/drivers/lib/drivers_msp432p401x.am4fg(UARTMSP432.om4fg)
 .text.UARTMSP432_hwiIntFxn
                0x00004a98      0x13c C:/ti/simplelink_msp432p4_sdk_2_20_00_12/source\ti/drivers/lib/drivers_msp432p401x.am4fg(UARTMSP432.om4fg)
                0x00004a98                UARTMSP432_hwiIntFxn
 .text.List_put
                0x00004bd4       0x2c C:/ti/simplelink_msp432p4_sdk_2_20_00_12/source\ti/drivers/lib/drivers_msp432p401x.am4fg(List.om4fg)
                0x00004bd4                List_put
 .text.List_remove
                0x00004c00       0x30 C:/ti/simplelink_msp432p4_sdk_2_20_00_12/source\ti/drivers/lib/drivers_msp432p401x.am4fg(List.om4fg)
                0x00004c00                List_remove
 .text.RingBuf_construct
                0x00004c30       0x18 C:/ti/simplelink_msp432p4_sdk_2_20_00_12/source\ti/drivers/lib/drivers_msp432p401x.am4fg(RingBuf.om4fg)
                0x00004c30                RingBuf_construct
 .text.RingBuf_get
                0x00004c48       0x40 C:/ti/simplelink_msp432p4_sdk_2_20_00_12/source\ti/drivers/lib/drivers_msp432p401x.am4fg(RingBuf.om4fg)
                0x00004c48                RingBuf_get
 .text.RingBuf_peek
                0x00004c88       0x1c C:/ti/simplelink_msp432p4_sdk_2_20_00_12/source\ti/drivers/lib/drivers_msp432p401x.am4fg(RingBuf.om4fg)
                0x00004c88                RingBuf_peek
 .text.RingBuf_put
                0x00004ca4       0x48 C:/ti/simplelink_msp432p4_sdk_2_20_00_12/source\ti/drivers/lib/drivers_msp432p401x.am4fg(RingBuf.om4fg)
                0x00004ca4                RingBuf_put
 .text.ClockP_callbackFxn
                0x00004cec       0x4a C:/Users/jfeli/workspace_v8/freertos_builds_MSP_EXP432P401R_release_gcc/Debug\libfreertos_builds_MSP_EXP432P401R_release_gcc.a(ClockP_freertos.o)
                0x00004cec                ClockP_callbackFxn
 *fill*         0x00004d36        0x2 
 .text.ClockP_create
                0x00004d38       0xb8 C:/Users/jfeli/workspace_v8/freertos_builds_MSP_EXP432P401R_release_gcc/Debug\libfreertos_builds_MSP_EXP432P401R_release_gcc.a(ClockP_freertos.o)
                0x00004d38                ClockP_create
 .text.ClockP_delete
                0x00004df0       0x54 C:/Users/jfeli/workspace_v8/freertos_builds_MSP_EXP432P401R_release_gcc/Debug\libfreertos_builds_MSP_EXP432P401R_release_gcc.a(ClockP_freertos.o)
                0x00004df0                ClockP_delete
 .text.ClockP_Params_init
                0x00004e44       0x26 C:/Users/jfeli/workspace_v8/freertos_builds_MSP_EXP432P401R_release_gcc/Debug\libfreertos_builds_MSP_EXP432P401R_release_gcc.a(ClockP_freertos.o)
                0x00004e44                ClockP_Params_init
 .text.ClockP_setTimeout
                0x00004e6a       0x20 C:/Users/jfeli/workspace_v8/freertos_builds_MSP_EXP432P401R_release_gcc/Debug\libfreertos_builds_MSP_EXP432P401R_release_gcc.a(ClockP_freertos.o)
                0x00004e6a                ClockP_setTimeout
 .text.ClockP_start
                0x00004e8a       0x24 C:/Users/jfeli/workspace_v8/freertos_builds_MSP_EXP432P401R_release_gcc/Debug\libfreertos_builds_MSP_EXP432P401R_release_gcc.a(ClockP_freertos.o)
                0x00004e8a                ClockP_start
 *fill*         0x00004eae        0x2 
 .text.ClockP_stop
                0x00004eb0       0x70 C:/Users/jfeli/workspace_v8/freertos_builds_MSP_EXP432P401R_release_gcc/Debug\libfreertos_builds_MSP_EXP432P401R_release_gcc.a(ClockP_freertos.o)
                0x00004eb0                ClockP_stop
 .text.setClockObjTimeout
                0x00004f20       0x7c C:/Users/jfeli/workspace_v8/freertos_builds_MSP_EXP432P401R_release_gcc/Debug\libfreertos_builds_MSP_EXP432P401R_release_gcc.a(ClockP_freertos.o)
 .text.HwiP_disable
                0x00004f9c       0x34 C:/Users/jfeli/workspace_v8/freertos_builds_MSP_EXP432P401R_release_gcc/Debug\libfreertos_builds_MSP_EXP432P401R_release_gcc.a(HwiPMSP432_freertos.o)
                0x00004f9c                HwiP_disable
 .text.HwiP_restore
                0x00004fd0       0x2c C:/Users/jfeli/workspace_v8/freertos_builds_MSP_EXP432P401R_release_gcc/Debug\libfreertos_builds_MSP_EXP432P401R_release_gcc.a(HwiPMSP432_freertos.o)
                0x00004fd0                HwiP_restore
 .text.HwiP_delete
                0x00004ffc       0x20 C:/Users/jfeli/workspace_v8/freertos_builds_MSP_EXP432P401R_release_gcc/Debug\libfreertos_builds_MSP_EXP432P401R_release_gcc.a(HwiPMSP432_freertos.o)
                0x00004ffc                HwiP_delete
 .text.HwiP_dispatch
                0x0000501c       0x58 C:/Users/jfeli/workspace_v8/freertos_builds_MSP_EXP432P401R_release_gcc/Debug\libfreertos_builds_MSP_EXP432P401R_release_gcc.a(HwiPMSP432_freertos.o)
                0x0000501c                HwiP_dispatch
 .text.HwiP_create
                0x00005074       0x78 C:/Users/jfeli/workspace_v8/freertos_builds_MSP_EXP432P401R_release_gcc/Debug\libfreertos_builds_MSP_EXP432P401R_release_gcc.a(HwiPMSP432_freertos.o)
                0x00005074                HwiP_create
 .text.HwiP_inISR
                0x000050ec       0x2c C:/Users/jfeli/workspace_v8/freertos_builds_MSP_EXP432P401R_release_gcc/Debug\libfreertos_builds_MSP_EXP432P401R_release_gcc.a(HwiPMSP432_freertos.o)
                0x000050ec                HwiP_inISR
 .text.HwiP_Params_init
                0x00005118       0x28 C:/Users/jfeli/workspace_v8/freertos_builds_MSP_EXP432P401R_release_gcc/Debug\libfreertos_builds_MSP_EXP432P401R_release_gcc.a(HwiPMSP432_freertos.o)
                0x00005118                HwiP_Params_init
 .text.PowerMSP432_sleepPolicy
                0x00005140       0x4a C:/Users/jfeli/workspace_v8/freertos_builds_MSP_EXP432P401R_release_gcc/Debug\libfreertos_builds_MSP_EXP432P401R_release_gcc.a(PowerMSP432_freertos.o)
                0x00005140                PowerMSP432_sleepPolicy
 .text.PowerMSP432_initPolicy
                0x0000518a        0xe C:/Users/jfeli/workspace_v8/freertos_builds_MSP_EXP432P401R_release_gcc/Debug\libfreertos_builds_MSP_EXP432P401R_release_gcc.a(PowerMSP432_freertos.o)
                0x0000518a                PowerMSP432_initPolicy
 .text.PowerMSP432_updateFreqs
                0x00005198       0x14 C:/Users/jfeli/workspace_v8/freertos_builds_MSP_EXP432P401R_release_gcc/Debug\libfreertos_builds_MSP_EXP432P401R_release_gcc.a(PowerMSP432_freertos.o)
                0x00005198                PowerMSP432_updateFreqs
 .text.vPortSuppressTicksAndSleep
                0x000051ac       0x14 C:/Users/jfeli/workspace_v8/freertos_builds_MSP_EXP432P401R_release_gcc/Debug\libfreertos_builds_MSP_EXP432P401R_release_gcc.a(PowerMSP432_freertos.o)
                0x000051ac                vPortSuppressTicksAndSleep
 .text.SemaphoreP_create
                0x000051c0       0x64 C:/Users/jfeli/workspace_v8/freertos_builds_MSP_EXP432P401R_release_gcc/Debug\libfreertos_builds_MSP_EXP432P401R_release_gcc.a(SemaphoreP_freertos.o)
                0x000051c0                SemaphoreP_create
 .text.SemaphoreP_createBinary
                0x00005224       0x3a C:/Users/jfeli/workspace_v8/freertos_builds_MSP_EXP432P401R_release_gcc/Debug\libfreertos_builds_MSP_EXP432P401R_release_gcc.a(SemaphoreP_freertos.o)
                0x00005224                SemaphoreP_createBinary
 .text.SemaphoreP_delete
                0x0000525e       0x16 C:/Users/jfeli/workspace_v8/freertos_builds_MSP_EXP432P401R_release_gcc/Debug\libfreertos_builds_MSP_EXP432P401R_release_gcc.a(SemaphoreP_freertos.o)
                0x0000525e                SemaphoreP_delete
 .text.SemaphoreP_Params_init
                0x00005274       0x20 C:/Users/jfeli/workspace_v8/freertos_builds_MSP_EXP432P401R_release_gcc/Debug\libfreertos_builds_MSP_EXP432P401R_release_gcc.a(SemaphoreP_freertos.o)
                0x00005274                SemaphoreP_Params_init
 .text.SemaphoreP_pend
                0x00005294       0x2a C:/Users/jfeli/workspace_v8/freertos_builds_MSP_EXP432P401R_release_gcc/Debug\libfreertos_builds_MSP_EXP432P401R_release_gcc.a(SemaphoreP_freertos.o)
                0x00005294                SemaphoreP_pend
 .text.SemaphoreP_post
                0x000052be       0x3a C:/Users/jfeli/workspace_v8/freertos_builds_MSP_EXP432P401R_release_gcc/Debug\libfreertos_builds_MSP_EXP432P401R_release_gcc.a(SemaphoreP_freertos.o)
                0x000052be                SemaphoreP_post
 .text.SystemP_vsnprintf
                0x000052f8       0x26 C:/Users/jfeli/workspace_v8/freertos_builds_MSP_EXP432P401R_release_gcc/Debug\libfreertos_builds_MSP_EXP432P401R_release_gcc.a(SystemP_freertos.o)
                0x000052f8                SystemP_vsnprintf
 *fill*         0x0000531e        0x2 
 .text.doPrint  0x00005320      0x4cc C:/Users/jfeli/workspace_v8/freertos_builds_MSP_EXP432P401R_release_gcc/Debug\libfreertos_builds_MSP_EXP432P401R_release_gcc.a(SystemP_freertos.o)
 .text.formatNum
                0x000057ec       0xb0 C:/Users/jfeli/workspace_v8/freertos_builds_MSP_EXP432P401R_release_gcc/Debug\libfreertos_builds_MSP_EXP432P401R_release_gcc.a(SystemP_freertos.o)
 .text.putChar  0x0000589c       0x3c C:/Users/jfeli/workspace_v8/freertos_builds_MSP_EXP432P401R_release_gcc/Debug\libfreertos_builds_MSP_EXP432P401R_release_gcc.a(SystemP_freertos.o)
 .text.pvPortMalloc
                0x000058d8      0x18c C:/Users/jfeli/workspace_v8/freertos_builds_MSP_EXP432P401R_release_gcc/Debug\libfreertos_builds_MSP_EXP432P401R_release_gcc.a(heap_4.o)
                0x000058d8                pvPortMalloc
 .text.vPortFree
                0x00005a64       0xb0 C:/Users/jfeli/workspace_v8/freertos_builds_MSP_EXP432P401R_release_gcc/Debug\libfreertos_builds_MSP_EXP432P401R_release_gcc.a(heap_4.o)
                0x00005a64                vPortFree
 .text.prvHeapInit
                0x00005b14       0xc4 C:/Users/jfeli/workspace_v8/freertos_builds_MSP_EXP432P401R_release_gcc/Debug\libfreertos_builds_MSP_EXP432P401R_release_gcc.a(heap_4.o)
 .text.prvInsertBlockIntoFreeList
                0x00005bd8       0xb4 C:/Users/jfeli/workspace_v8/freertos_builds_MSP_EXP432P401R_release_gcc/Debug\libfreertos_builds_MSP_EXP432P401R_release_gcc.a(heap_4.o)
 .text.xQueueGenericReset
                0x00005c8c       0xd0 C:/Users/jfeli/workspace_v8/freertos_builds_MSP_EXP432P401R_release_gcc/Debug\libfreertos_builds_MSP_EXP432P401R_release_gcc.a(queue.o)
                0x00005c8c                xQueueGenericReset
 .text.xQueueGenericCreate
                0x00005d5c       0x72 C:/Users/jfeli/workspace_v8/freertos_builds_MSP_EXP432P401R_release_gcc/Debug\libfreertos_builds_MSP_EXP432P401R_release_gcc.a(queue.o)
                0x00005d5c                xQueueGenericCreate
 .text.prvInitialiseNewQueue
                0x00005dce       0x46 C:/Users/jfeli/workspace_v8/freertos_builds_MSP_EXP432P401R_release_gcc/Debug\libfreertos_builds_MSP_EXP432P401R_release_gcc.a(queue.o)
 .text.prvInitialiseMutex
                0x00005e14       0x34 C:/Users/jfeli/workspace_v8/freertos_builds_MSP_EXP432P401R_release_gcc/Debug\libfreertos_builds_MSP_EXP432P401R_release_gcc.a(queue.o)
 .text.xQueueCreateMutex
                0x00005e48       0x30 C:/Users/jfeli/workspace_v8/freertos_builds_MSP_EXP432P401R_release_gcc/Debug\libfreertos_builds_MSP_EXP432P401R_release_gcc.a(queue.o)
                0x00005e48                xQueueCreateMutex
 .text.xQueueCreateCountingSemaphore
                0x00005e78       0x62 C:/Users/jfeli/workspace_v8/freertos_builds_MSP_EXP432P401R_release_gcc/Debug\libfreertos_builds_MSP_EXP432P401R_release_gcc.a(queue.o)
                0x00005e78                xQueueCreateCountingSemaphore
 *fill*         0x00005eda        0x2 
 .text.xQueueGenericSend
                0x00005edc      0x1f4 C:/Users/jfeli/workspace_v8/freertos_builds_MSP_EXP432P401R_release_gcc/Debug\libfreertos_builds_MSP_EXP432P401R_release_gcc.a(queue.o)
                0x00005edc                xQueueGenericSend
 .text.xQueueGenericSendFromISR
                0x000060d0      0x128 C:/Users/jfeli/workspace_v8/freertos_builds_MSP_EXP432P401R_release_gcc/Debug\libfreertos_builds_MSP_EXP432P401R_release_gcc.a(queue.o)
                0x000060d0                xQueueGenericSendFromISR
 .text.xQueueGiveFromISR
                0x000061f8      0x112 C:/Users/jfeli/workspace_v8/freertos_builds_MSP_EXP432P401R_release_gcc/Debug\libfreertos_builds_MSP_EXP432P401R_release_gcc.a(queue.o)
                0x000061f8                xQueueGiveFromISR
 *fill*         0x0000630a        0x2 
 .text.xQueueReceive
                0x0000630c      0x1b8 C:/Users/jfeli/workspace_v8/freertos_builds_MSP_EXP432P401R_release_gcc/Debug\libfreertos_builds_MSP_EXP432P401R_release_gcc.a(queue.o)
                0x0000630c                xQueueReceive
 .text.xQueueSemaphoreTake
                0x000064c4      0x210 C:/Users/jfeli/workspace_v8/freertos_builds_MSP_EXP432P401R_release_gcc/Debug\libfreertos_builds_MSP_EXP432P401R_release_gcc.a(queue.o)
                0x000064c4                xQueueSemaphoreTake
 .text.vQueueDelete
                0x000066d4       0x34 C:/Users/jfeli/workspace_v8/freertos_builds_MSP_EXP432P401R_release_gcc/Debug\libfreertos_builds_MSP_EXP432P401R_release_gcc.a(queue.o)
                0x000066d4                vQueueDelete
 .text.prvGetDisinheritPriorityAfterTimeout
                0x00006708       0x30 C:/Users/jfeli/workspace_v8/freertos_builds_MSP_EXP432P401R_release_gcc/Debug\libfreertos_builds_MSP_EXP432P401R_release_gcc.a(queue.o)
 .text.prvCopyDataToQueue
                0x00006738       0xd4 C:/Users/jfeli/workspace_v8/freertos_builds_MSP_EXP432P401R_release_gcc/Debug\libfreertos_builds_MSP_EXP432P401R_release_gcc.a(queue.o)
 .text.prvCopyDataFromQueue
                0x0000680c       0x4c C:/Users/jfeli/workspace_v8/freertos_builds_MSP_EXP432P401R_release_gcc/Debug\libfreertos_builds_MSP_EXP432P401R_release_gcc.a(queue.o)
 .text.prvUnlockQueue
                0x00006858       0xa4 C:/Users/jfeli/workspace_v8/freertos_builds_MSP_EXP432P401R_release_gcc/Debug\libfreertos_builds_MSP_EXP432P401R_release_gcc.a(queue.o)
 .text.prvIsQueueEmpty
                0x000068fc       0x2c C:/Users/jfeli/workspace_v8/freertos_builds_MSP_EXP432P401R_release_gcc/Debug\libfreertos_builds_MSP_EXP432P401R_release_gcc.a(queue.o)
 .text.prvIsQueueFull
                0x00006928       0x30 C:/Users/jfeli/workspace_v8/freertos_builds_MSP_EXP432P401R_release_gcc/Debug\libfreertos_builds_MSP_EXP432P401R_release_gcc.a(queue.o)
 .text.vQueueWaitForMessageRestricted
                0x00006958       0x68 C:/Users/jfeli/workspace_v8/freertos_builds_MSP_EXP432P401R_release_gcc/Debug\libfreertos_builds_MSP_EXP432P401R_release_gcc.a(queue.o)
                0x00006958                vQueueWaitForMessageRestricted
 .text.xTaskCreate
                0x000069c0       0x82 C:/Users/jfeli/workspace_v8/freertos_builds_MSP_EXP432P401R_release_gcc/Debug\libfreertos_builds_MSP_EXP432P401R_release_gcc.a(tasks.o)
                0x000069c0                xTaskCreate
 *fill*         0x00006a42        0x2 
 .text.prvInitialiseNewTask
                0x00006a44      0x140 C:/Users/jfeli/workspace_v8/freertos_builds_MSP_EXP432P401R_release_gcc/Debug\libfreertos_builds_MSP_EXP432P401R_release_gcc.a(tasks.o)
 .text.prvAddNewTaskToReadyList
                0x00006b84       0xdc C:/Users/jfeli/workspace_v8/freertos_builds_MSP_EXP432P401R_release_gcc/Debug\libfreertos_builds_MSP_EXP432P401R_release_gcc.a(tasks.o)
 .text.vTaskDelayUntil
                0x00006c60       0xf4 C:/Users/jfeli/workspace_v8/freertos_builds_MSP_EXP432P401R_release_gcc/Debug\libfreertos_builds_MSP_EXP432P401R_release_gcc.a(tasks.o)
                0x00006c60                vTaskDelayUntil
 .text.vTaskSuspend
                0x00006d54      0x124 C:/Users/jfeli/workspace_v8/freertos_builds_MSP_EXP432P401R_release_gcc/Debug\libfreertos_builds_MSP_EXP432P401R_release_gcc.a(tasks.o)
                0x00006d54                vTaskSuspend
 .text.prvTaskIsTaskSuspended
                0x00006e78       0x74 C:/Users/jfeli/workspace_v8/freertos_builds_MSP_EXP432P401R_release_gcc/Debug\libfreertos_builds_MSP_EXP432P401R_release_gcc.a(tasks.o)
 .text.vTaskResume
                0x00006eec       0xb8 C:/Users/jfeli/workspace_v8/freertos_builds_MSP_EXP432P401R_release_gcc/Debug\libfreertos_builds_MSP_EXP432P401R_release_gcc.a(tasks.o)
                0x00006eec                vTaskResume
 .text.vTaskStartScheduler
                0x00006fa4       0xac C:/Users/jfeli/workspace_v8/freertos_builds_MSP_EXP432P401R_release_gcc/Debug\libfreertos_builds_MSP_EXP432P401R_release_gcc.a(tasks.o)
                0x00006fa4                vTaskStartScheduler
 .text.vTaskSuspendAll
                0x00007050       0x1c C:/Users/jfeli/workspace_v8/freertos_builds_MSP_EXP432P401R_release_gcc/Debug\libfreertos_builds_MSP_EXP432P401R_release_gcc.a(tasks.o)
                0x00007050                vTaskSuspendAll
 .text.prvGetExpectedIdleTime
                0x0000706c       0x74 C:/Users/jfeli/workspace_v8/freertos_builds_MSP_EXP432P401R_release_gcc/Debug\libfreertos_builds_MSP_EXP432P401R_release_gcc.a(tasks.o)
 .text.xTaskResumeAll
                0x000070e0      0x138 C:/Users/jfeli/workspace_v8/freertos_builds_MSP_EXP432P401R_release_gcc/Debug\libfreertos_builds_MSP_EXP432P401R_release_gcc.a(tasks.o)
                0x000070e0                xTaskResumeAll
 .text.xTaskGetTickCount
                0x00007218       0x20 C:/Users/jfeli/workspace_v8/freertos_builds_MSP_EXP432P401R_release_gcc/Debug\libfreertos_builds_MSP_EXP432P401R_release_gcc.a(tasks.o)
                0x00007218                xTaskGetTickCount
 .text.xTaskIncrementTick
                0x00007238      0x158 C:/Users/jfeli/workspace_v8/freertos_builds_MSP_EXP432P401R_release_gcc/Debug\libfreertos_builds_MSP_EXP432P401R_release_gcc.a(tasks.o)
                0x00007238                xTaskIncrementTick
 .text.vTaskSwitchContext
                0x00007390      0x10c C:/Users/jfeli/workspace_v8/freertos_builds_MSP_EXP432P401R_release_gcc/Debug\libfreertos_builds_MSP_EXP432P401R_release_gcc.a(tasks.o)
                0x00007390                vTaskSwitchContext
 .text.vTaskPlaceOnEventList
                0x0000749c       0x48 C:/Users/jfeli/workspace_v8/freertos_builds_MSP_EXP432P401R_release_gcc/Debug\libfreertos_builds_MSP_EXP432P401R_release_gcc.a(tasks.o)
                0x0000749c                vTaskPlaceOnEventList
 .text.vTaskPlaceOnEventListRestricted
                0x000074e4       0x54 C:/Users/jfeli/workspace_v8/freertos_builds_MSP_EXP432P401R_release_gcc/Debug\libfreertos_builds_MSP_EXP432P401R_release_gcc.a(tasks.o)
                0x000074e4                vTaskPlaceOnEventListRestricted
 .text.xTaskRemoveFromEventList
                0x00007538       0xc8 C:/Users/jfeli/workspace_v8/freertos_builds_MSP_EXP432P401R_release_gcc/Debug\libfreertos_builds_MSP_EXP432P401R_release_gcc.a(tasks.o)
                0x00007538                xTaskRemoveFromEventList
 .text.vTaskInternalSetTimeOutState
                0x00007600       0x2c C:/Users/jfeli/workspace_v8/freertos_builds_MSP_EXP432P401R_release_gcc/Debug\libfreertos_builds_MSP_EXP432P401R_release_gcc.a(tasks.o)
                0x00007600                vTaskInternalSetTimeOutState
 .text.xTaskCheckForTimeOut
                0x0000762c       0xc0 C:/Users/jfeli/workspace_v8/freertos_builds_MSP_EXP432P401R_release_gcc/Debug\libfreertos_builds_MSP_EXP432P401R_release_gcc.a(tasks.o)
                0x0000762c                xTaskCheckForTimeOut
 .text.vTaskMissedYield
                0x000076ec       0x18 C:/Users/jfeli/workspace_v8/freertos_builds_MSP_EXP432P401R_release_gcc/Debug\libfreertos_builds_MSP_EXP432P401R_release_gcc.a(tasks.o)
                0x000076ec                vTaskMissedYield
 .text.prvIdleTask
                0x00007704       0x5c C:/Users/jfeli/workspace_v8/freertos_builds_MSP_EXP432P401R_release_gcc/Debug\libfreertos_builds_MSP_EXP432P401R_release_gcc.a(tasks.o)
 .text.prvInitialiseTaskLists
                0x00007760       0x80 C:/Users/jfeli/workspace_v8/freertos_builds_MSP_EXP432P401R_release_gcc/Debug\libfreertos_builds_MSP_EXP432P401R_release_gcc.a(tasks.o)
 .text.prvCheckTasksWaitingTermination
                0x000077e0       0x58 C:/Users/jfeli/workspace_v8/freertos_builds_MSP_EXP432P401R_release_gcc/Debug\libfreertos_builds_MSP_EXP432P401R_release_gcc.a(tasks.o)
 .text.prvDeleteTCB
                0x00007838       0x2a C:/Users/jfeli/workspace_v8/freertos_builds_MSP_EXP432P401R_release_gcc/Debug\libfreertos_builds_MSP_EXP432P401R_release_gcc.a(tasks.o)
 *fill*         0x00007862        0x2 
 .text.prvResetNextTaskUnblockTime
                0x00007864       0x4c C:/Users/jfeli/workspace_v8/freertos_builds_MSP_EXP432P401R_release_gcc/Debug\libfreertos_builds_MSP_EXP432P401R_release_gcc.a(tasks.o)
 .text.xTaskGetSchedulerState
                0x000078b0       0x3c C:/Users/jfeli/workspace_v8/freertos_builds_MSP_EXP432P401R_release_gcc/Debug\libfreertos_builds_MSP_EXP432P401R_release_gcc.a(tasks.o)
                0x000078b0                xTaskGetSchedulerState
 .text.xTaskPriorityInherit
                0x000078ec      0x10c C:/Users/jfeli/workspace_v8/freertos_builds_MSP_EXP432P401R_release_gcc/Debug\libfreertos_builds_MSP_EXP432P401R_release_gcc.a(tasks.o)
                0x000078ec                xTaskPriorityInherit
 .text.xTaskPriorityDisinherit
                0x000079f8      0x108 C:/Users/jfeli/workspace_v8/freertos_builds_MSP_EXP432P401R_release_gcc/Debug\libfreertos_builds_MSP_EXP432P401R_release_gcc.a(tasks.o)
                0x000079f8                xTaskPriorityDisinherit
 .text.vTaskPriorityDisinheritAfterTimeout
                0x00007b00      0x13c C:/Users/jfeli/workspace_v8/freertos_builds_MSP_EXP432P401R_release_gcc/Debug\libfreertos_builds_MSP_EXP432P401R_release_gcc.a(tasks.o)
                0x00007b00                vTaskPriorityDisinheritAfterTimeout
 .text.pvTaskIncrementMutexHeldCount
                0x00007c3c       0x28 C:/Users/jfeli/workspace_v8/freertos_builds_MSP_EXP432P401R_release_gcc/Debug\libfreertos_builds_MSP_EXP432P401R_release_gcc.a(tasks.o)
                0x00007c3c                pvTaskIncrementMutexHeldCount
 .text.prvAddCurrentTaskToDelayedList
                0x00007c64       0xcc C:/Users/jfeli/workspace_v8/freertos_builds_MSP_EXP432P401R_release_gcc/Debug\libfreertos_builds_MSP_EXP432P401R_release_gcc.a(tasks.o)
 .text.xTimerCreateTimerTask
                0x00007d30       0x64 C:/Users/jfeli/workspace_v8/freertos_builds_MSP_EXP432P401R_release_gcc/Debug\libfreertos_builds_MSP_EXP432P401R_release_gcc.a(timers.o)
                0x00007d30                xTimerCreateTimerTask
 .text.xTimerCreate
                0x00007d94       0x3a C:/Users/jfeli/workspace_v8/freertos_builds_MSP_EXP432P401R_release_gcc/Debug\libfreertos_builds_MSP_EXP432P401R_release_gcc.a(timers.o)
                0x00007d94                xTimerCreate
 .text.prvInitialiseNewTimer
                0x00007dce       0x62 C:/Users/jfeli/workspace_v8/freertos_builds_MSP_EXP432P401R_release_gcc/Debug\libfreertos_builds_MSP_EXP432P401R_release_gcc.a(timers.o)
 .text.xTimerGenericCommand
                0x00007e30       0x98 C:/Users/jfeli/workspace_v8/freertos_builds_MSP_EXP432P401R_release_gcc/Debug\libfreertos_builds_MSP_EXP432P401R_release_gcc.a(timers.o)
                0x00007e30                xTimerGenericCommand
 .text.prvProcessExpiredTimer
                0x00007ec8       0x80 C:/Users/jfeli/workspace_v8/freertos_builds_MSP_EXP432P401R_release_gcc/Debug\libfreertos_builds_MSP_EXP432P401R_release_gcc.a(timers.o)
 .text.prvTimerTask
                0x00007f48       0x24 C:/Users/jfeli/workspace_v8/freertos_builds_MSP_EXP432P401R_release_gcc/Debug\libfreertos_builds_MSP_EXP432P401R_release_gcc.a(timers.o)
 .text.prvProcessTimerOrBlockTask
                0x00007f6c       0x9c C:/Users/jfeli/workspace_v8/freertos_builds_MSP_EXP432P401R_release_gcc/Debug\libfreertos_builds_MSP_EXP432P401R_release_gcc.a(timers.o)
 .text.prvGetNextExpireTime
                0x00008008       0x48 C:/Users/jfeli/workspace_v8/freertos_builds_MSP_EXP432P401R_release_gcc/Debug\libfreertos_builds_MSP_EXP432P401R_release_gcc.a(timers.o)
 .text.prvSampleTimeNow
                0x00008050       0x40 C:/Users/jfeli/workspace_v8/freertos_builds_MSP_EXP432P401R_release_gcc/Debug\libfreertos_builds_MSP_EXP432P401R_release_gcc.a(timers.o)
 .text.prvInsertTimerInActiveList
                0x00008090       0x84 C:/Users/jfeli/workspace_v8/freertos_builds_MSP_EXP432P401R_release_gcc/Debug\libfreertos_builds_MSP_EXP432P401R_release_gcc.a(timers.o)
 .text.prvProcessReceivedCommands
                0x00008114      0x124 C:/Users/jfeli/workspace_v8/freertos_builds_MSP_EXP432P401R_release_gcc/Debug\libfreertos_builds_MSP_EXP432P401R_release_gcc.a(timers.o)
 .text.prvSwitchTimerLists
                0x00008238       0xc0 C:/Users/jfeli/workspace_v8/freertos_builds_MSP_EXP432P401R_release_gcc/Debug\libfreertos_builds_MSP_EXP432P401R_release_gcc.a(timers.o)
 .text.prvCheckForValidListAndQueue
                0x000082f8       0x54 C:/Users/jfeli/workspace_v8/freertos_builds_MSP_EXP432P401R_release_gcc/Debug\libfreertos_builds_MSP_EXP432P401R_release_gcc.a(timers.o)
 .text.pvTimerGetTimerID
                0x0000834c       0x3e C:/Users/jfeli/workspace_v8/freertos_builds_MSP_EXP432P401R_release_gcc/Debug\libfreertos_builds_MSP_EXP432P401R_release_gcc.a(timers.o)
                0x0000834c                pvTimerGetTimerID
 *fill*         0x0000838a        0x2 
 .text.pxPortInitialiseStack
                0x0000838c       0x68 C:/Users/jfeli/workspace_v8/freertos_builds_MSP_EXP432P401R_release_gcc/Debug\libfreertos_builds_MSP_EXP432P401R_release_gcc.a(port.o)
                0x0000838c                pxPortInitialiseStack
 .text.prvTaskExitError
                0x000083f4       0x54 C:/Users/jfeli/workspace_v8/freertos_builds_MSP_EXP432P401R_release_gcc/Debug\libfreertos_builds_MSP_EXP432P401R_release_gcc.a(port.o)
 *fill*         0x00008448        0x8 
 .text.SVC_Handler
                0x00008450       0x28 C:/Users/jfeli/workspace_v8/freertos_builds_MSP_EXP432P401R_release_gcc/Debug\libfreertos_builds_MSP_EXP432P401R_release_gcc.a(port.o)
                0x00008450                SVC_Handler
 .text.prvPortStartFirstTask
                0x00008478       0x28 C:/Users/jfeli/workspace_v8/freertos_builds_MSP_EXP432P401R_release_gcc/Debug\libfreertos_builds_MSP_EXP432P401R_release_gcc.a(port.o)
 .text.xPortStartScheduler
                0x000084a0      0x13c C:/Users/jfeli/workspace_v8/freertos_builds_MSP_EXP432P401R_release_gcc/Debug\libfreertos_builds_MSP_EXP432P401R_release_gcc.a(port.o)
                0x000084a0                xPortStartScheduler
 .text.vPortEnterCritical
                0x000085dc       0x5c C:/Users/jfeli/workspace_v8/freertos_builds_MSP_EXP432P401R_release_gcc/Debug\libfreertos_builds_MSP_EXP432P401R_release_gcc.a(port.o)
                0x000085dc                vPortEnterCritical
 .text.vPortExitCritical
                0x00008638       0x50 C:/Users/jfeli/workspace_v8/freertos_builds_MSP_EXP432P401R_release_gcc/Debug\libfreertos_builds_MSP_EXP432P401R_release_gcc.a(port.o)
                0x00008638                vPortExitCritical
 *fill*         0x00008688        0x8 
 .text.PendSV_Handler
                0x00008690       0x68 C:/Users/jfeli/workspace_v8/freertos_builds_MSP_EXP432P401R_release_gcc/Debug\libfreertos_builds_MSP_EXP432P401R_release_gcc.a(port.o)
                0x00008690                PendSV_Handler
 .text.SysTick_Handler
                0x000086f8       0x40 C:/Users/jfeli/workspace_v8/freertos_builds_MSP_EXP432P401R_release_gcc/Debug\libfreertos_builds_MSP_EXP432P401R_release_gcc.a(port.o)
                0x000086f8                SysTick_Handler
 .text.vPortSetupTimerInterrupt
                0x00008738       0x8c C:/Users/jfeli/workspace_v8/freertos_builds_MSP_EXP432P401R_release_gcc/Debug\libfreertos_builds_MSP_EXP432P401R_release_gcc.a(port.o)
                0x00008738                vPortSetupTimerInterrupt
 .text.vPortEnableVFP
                0x000087c4       0x14 C:/Users/jfeli/workspace_v8/freertos_builds_MSP_EXP432P401R_release_gcc/Debug\libfreertos_builds_MSP_EXP432P401R_release_gcc.a(port.o)
 .text.vPortValidateInterruptPriority
                0x000087d8       0x7c C:/Users/jfeli/workspace_v8/freertos_builds_MSP_EXP432P401R_release_gcc/Debug\libfreertos_builds_MSP_EXP432P401R_release_gcc.a(port.o)
                0x000087d8                vPortValidateInterruptPriority
 .text.resetISR
                0x00008854       0xc0 C:/Users/jfeli/workspace_v8/freertos_builds_MSP_EXP432P401R_release_gcc/Debug\libfreertos_builds_MSP_EXP432P401R_release_gcc.a(startup_msp432_gcc.o)
                0x00008854                resetISR
 .text.nmiISR   0x00008914        0x6 C:/Users/jfeli/workspace_v8/freertos_builds_MSP_EXP432P401R_release_gcc/Debug\libfreertos_builds_MSP_EXP432P401R_release_gcc.a(startup_msp432_gcc.o)
 .text.faultISR
                0x0000891a        0x6 C:/Users/jfeli/workspace_v8/freertos_builds_MSP_EXP432P401R_release_gcc/Debug\libfreertos_builds_MSP_EXP432P401R_release_gcc.a(startup_msp432_gcc.o)
 .text.busFaultHandler
                0x00008920        0x6 C:/Users/jfeli/workspace_v8/freertos_builds_MSP_EXP432P401R_release_gcc/Debug\libfreertos_builds_MSP_EXP432P401R_release_gcc.a(startup_msp432_gcc.o)
 .text.defaultHandler
                0x00008926        0x6 C:/Users/jfeli/workspace_v8/freertos_builds_MSP_EXP432P401R_release_gcc/Debug\libfreertos_builds_MSP_EXP432P401R_release_gcc.a(startup_msp432_gcc.o)
 .text._fini    0x0000892c        0xe C:/Users/jfeli/workspace_v8/freertos_builds_MSP_EXP432P401R_release_gcc/Debug\libfreertos_builds_MSP_EXP432P401R_release_gcc.a(startup_msp432_gcc.o)
                0x0000892c                _fini
 .text.vListInitialise
                0x0000893a       0x40 C:/Users/jfeli/workspace_v8/freertos_builds_MSP_EXP432P401R_release_gcc/Debug\libfreertos_builds_MSP_EXP432P401R_release_gcc.a(list.o)
                0x0000893a                vListInitialise
 .text.vListInitialiseItem
                0x0000897a       0x1a C:/Users/jfeli/workspace_v8/freertos_builds_MSP_EXP432P401R_release_gcc/Debug\libfreertos_builds_MSP_EXP432P401R_release_gcc.a(list.o)
                0x0000897a                vListInitialiseItem
 .text.vListInsertEnd
                0x00008994       0x48 C:/Users/jfeli/workspace_v8/freertos_builds_MSP_EXP432P401R_release_gcc/Debug\libfreertos_builds_MSP_EXP432P401R_release_gcc.a(list.o)
                0x00008994                vListInsertEnd
 .text.vListInsert
                0x000089dc       0x72 C:/Users/jfeli/workspace_v8/freertos_builds_MSP_EXP432P401R_release_gcc/Debug\libfreertos_builds_MSP_EXP432P401R_release_gcc.a(list.o)
                0x000089dc                vListInsert
 .text.uxListRemove
                0x00008a4e       0x54 C:/Users/jfeli/workspace_v8/freertos_builds_MSP_EXP432P401R_release_gcc/Debug\libfreertos_builds_MSP_EXP432P401R_release_gcc.a(list.o)
                0x00008a4e                uxListRemove
 .text.CPU_cpsid
                0x00008aa2        0xe C:/ti/simplelink_msp432p4_sdk_2_20_00_12/source\ti/devices/msp432p4xx/driverlib/gcc/msp432p4xx_driverlib.a(cpu.o)
                0x00008aa2                CPU_cpsid
 .text.CPU_cpsie
                0x00008ab0        0xe C:/ti/simplelink_msp432p4_sdk_2_20_00_12/source\ti/devices/msp432p4xx/driverlib/gcc/msp432p4xx_driverlib.a(cpu.o)
                0x00008ab0                CPU_cpsie
 *fill*         0x00008abe        0x2 
 .text._CSGetHFXTFrequency
                0x00008ac0       0xe8 C:/ti/simplelink_msp432p4_sdk_2_20_00_12/source\ti/devices/msp432p4xx/driverlib/gcc/msp432p4xx_driverlib.a(cs.o)
 .text._CSGetDividerValue
                0x00008ba8       0x78 C:/ti/simplelink_msp432p4_sdk_2_20_00_12/source\ti/devices/msp432p4xx/driverlib/gcc/msp432p4xx_driverlib.a(cs.o)
 .text._CSComputeCLKFrequency
                0x00008c20      0x130 C:/ti/simplelink_msp432p4_sdk_2_20_00_12/source\ti/devices/msp432p4xx/driverlib/gcc/msp432p4xx_driverlib.a(cs.o)
 .text._CSGetDOCFrequency
                0x00008d50       0x8c C:/ti/simplelink_msp432p4_sdk_2_20_00_12/source\ti/devices/msp432p4xx/driverlib/gcc/msp432p4xx_driverlib.a(cs.o)
 .text.CS_setExternalClockSourceFrequency
                0x00008ddc       0x2c C:/ti/simplelink_msp432p4_sdk_2_20_00_12/source\ti/devices/msp432p4xx/driverlib/gcc/msp432p4xx_driverlib.a(cs.o)
                0x00008ddc                CS_setExternalClockSourceFrequency
 .text.CS_startHFXTWithTimeout
                0x00008e08       0xf4 C:/ti/simplelink_msp432p4_sdk_2_20_00_12/source\ti/devices/msp432p4xx/driverlib/gcc/msp432p4xx_driverlib.a(cs.o)
                0x00008e08                CS_startHFXTWithTimeout
 .text.CS_startLFXTWithTimeout
                0x00008efc       0xec C:/ti/simplelink_msp432p4_sdk_2_20_00_12/source\ti/devices/msp432p4xx/driverlib/gcc/msp432p4xx_driverlib.a(cs.o)
                0x00008efc                CS_startLFXTWithTimeout
 .text.CS_getDCOFrequency
                0x00008fe8      0x118 C:/ti/simplelink_msp432p4_sdk_2_20_00_12/source\ti/devices/msp432p4xx/driverlib/gcc/msp432p4xx_driverlib.a(cs.o)
                0x00008fe8                CS_getDCOFrequency
 .text.CS_getMCLK
                0x00009100       0x34 C:/ti/simplelink_msp432p4_sdk_2_20_00_12/source\ti/devices/msp432p4xx/driverlib/gcc/msp432p4xx_driverlib.a(cs.o)
                0x00009100                CS_getMCLK
 .text.CS_clearInterruptFlag
                0x00009134       0x38 C:/ti/simplelink_msp432p4_sdk_2_20_00_12/source\ti/devices/msp432p4xx/driverlib/gcc/msp432p4xx_driverlib.a(cs.o)
                0x00009134                CS_clearInterruptFlag
 .text.I2C_masterSendMultiByteFinish
                0x0000916c       0x9c C:/ti/simplelink_msp432p4_sdk_2_20_00_12/source\ti/devices/msp432p4xx/driverlib/gcc/msp432p4xx_driverlib.a(i2c.o)
                0x0000916c                I2C_masterSendMultiByteFinish
 .text.IntDefaultHandler
                0x00009208        0x6 C:/ti/simplelink_msp432p4_sdk_2_20_00_12/source\ti/devices/msp432p4xx/driverlib/gcc/msp432p4xx_driverlib.a(interrupt.o)
 *fill*         0x0000920e        0x2 
 .text.Interrupt_registerInterrupt
                0x00009210       0x64 C:/ti/simplelink_msp432p4_sdk_2_20_00_12/source\ti/devices/msp432p4xx/driverlib/gcc/msp432p4xx_driverlib.a(interrupt.o)
                0x00009210                Interrupt_registerInterrupt
 .text.Interrupt_unregisterInterrupt
                0x00009274       0x28 C:/ti/simplelink_msp432p4_sdk_2_20_00_12/source\ti/devices/msp432p4xx/driverlib/gcc/msp432p4xx_driverlib.a(interrupt.o)
                0x00009274                Interrupt_unregisterInterrupt
 .text.Interrupt_setPriority
                0x0000929c       0x68 C:/ti/simplelink_msp432p4_sdk_2_20_00_12/source\ti/devices/msp432p4xx/driverlib/gcc/msp432p4xx_driverlib.a(interrupt.o)
                0x0000929c                Interrupt_setPriority
 .text.Interrupt_enableInterrupt
                0x00009304       0x94 C:/ti/simplelink_msp432p4_sdk_2_20_00_12/source\ti/devices/msp432p4xx/driverlib/gcc/msp432p4xx_driverlib.a(interrupt.o)
                0x00009304                Interrupt_enableInterrupt
 .text.Interrupt_disableInterrupt
                0x00009398       0x94 C:/ti/simplelink_msp432p4_sdk_2_20_00_12/source\ti/devices/msp432p4xx/driverlib/gcc/msp432p4xx_driverlib.a(interrupt.o)
                0x00009398                Interrupt_disableInterrupt
 .text.SysCtl_getNMISourceStatus
                0x0000942c       0x1c C:/ti/simplelink_msp432p4_sdk_2_20_00_12/source\ti/devices/msp432p4xx/driverlib/gcc/msp432p4xx_driverlib.a(sysctl.o)
                0x0000942c                SysCtl_getNMISourceStatus
 .text.SysCtl_A_getTLVInfo
                0x00009448       0xa8 C:/ti/simplelink_msp432p4_sdk_2_20_00_12/source\ti/devices/msp432p4xx/driverlib/gcc/msp432p4xx_driverlib.a(sysctl_a.o)
                0x00009448                SysCtl_A_getTLVInfo
 .text.SysCtl_A_disableNMISource
                0x000094f0       0x28 C:/ti/simplelink_msp432p4_sdk_2_20_00_12/source\ti/devices/msp432p4xx/driverlib/gcc/msp432p4xx_driverlib.a(sysctl_a.o)
                0x000094f0                SysCtl_A_disableNMISource
 .text.SysCtl_A_enableNMISource
                0x00009518       0x24 C:/ti/simplelink_msp432p4_sdk_2_20_00_12/source\ti/devices/msp432p4xx/driverlib/gcc/msp432p4xx_driverlib.a(sysctl_a.o)
                0x00009518                SysCtl_A_enableNMISource
 .text.SysCtl_A_getNMISourceStatus
                0x0000953c       0x1c C:/ti/simplelink_msp432p4_sdk_2_20_00_12/source\ti/devices/msp432p4xx/driverlib/gcc/msp432p4xx_driverlib.a(sysctl_a.o)
                0x0000953c                SysCtl_A_getNMISourceStatus
 .text.memcpy   0x00009558       0x16 C:/ti/ccsv8/tools/compiler/gcc-arm-none-eabi-7-2017-q4-major-win32/arm-none-eabi/lib/thumb/v7e-m/fpv4-sp/hard\libc_nano.a(lib_a-memcpy-stub.o)
                0x00009558                memcpy
 .text.memset   0x0000956e       0x10 C:/ti/ccsv8/tools/compiler/gcc-arm-none-eabi-7-2017-q4-major-win32/arm-none-eabi/lib/thumb/v7e-m/fpv4-sp/hard\libc_nano.a(lib_a-memset.o)
                0x0000956e                memset
 .text.cleanup_glue
                0x0000957e       0x1a C:/ti/ccsv8/tools/compiler/gcc-arm-none-eabi-7-2017-q4-major-win32/arm-none-eabi/lib/thumb/v7e-m/fpv4-sp/hard\libc_nano.a(lib_a-reent.o)
                0x0000957e                cleanup_glue
 .text._reclaim_reent
                0x00009598       0xb8 C:/ti/ccsv8/tools/compiler/gcc-arm-none-eabi-7-2017-q4-major-win32/arm-none-eabi/lib/thumb/v7e-m/fpv4-sp/hard\libc_nano.a(lib_a-reent.o)
                0x00009598                _reclaim_reent
 .text.__malloc_lock
                0x00009650        0x2 C:/ti/ccsv8/tools/compiler/gcc-arm-none-eabi-7-2017-q4-major-win32/arm-none-eabi/lib/thumb/v7e-m/fpv4-sp/hard\libc_nano.a(lib_a-mlock.o)
                0x00009650                __malloc_lock
 .text.__malloc_unlock
                0x00009652        0x2 C:/ti/ccsv8/tools/compiler/gcc-arm-none-eabi-7-2017-q4-major-win32/arm-none-eabi/lib/thumb/v7e-m/fpv4-sp/hard\libc_nano.a(lib_a-mlock.o)
                0x00009652                __malloc_unlock
 .text._free_r  0x00009654       0x9c C:/ti/ccsv8/tools/compiler/gcc-arm-none-eabi-7-2017-q4-major-win32/arm-none-eabi/lib/thumb/v7e-m/fpv4-sp/hard\libc_nano.a(lib_a-nano-freer.o)
                0x00009654                _free_r
                0x000096f0                . = ALIGN (0x4)
 *(.ctors)
                0x000096f0                . = ALIGN (0x4)
 *(.dtors)
                0x000096f0                . = ALIGN (0x4)
                0x000096f0                __init_array_start = .
 *(.init_array*)
                0x000096f0                __init_array_end = .
 *(.init)
 *(.fini*)

.glue_7         0x000096f0        0x0
 .glue_7        0x000096f0        0x0 linker stubs

.glue_7t        0x000096f0        0x0
 .glue_7t       0x000096f0        0x0 linker stubs

.vfp11_veneer   0x000096f0        0x0
 .vfp11_veneer  0x000096f0        0x0 linker stubs

.v4_bx          0x000096f0        0x0
 .v4_bx         0x000096f0        0x0 linker stubs

.iplt           0x000096f0        0x0
 .iplt          0x000096f0        0x0 ./MSP_EXP432P401R.o

.rodata         0x000096f0      0x408
 *(.rodata)
 .rodata        0x000096f0       0x31 ./main_freertos.o
 *fill*         0x00009721        0x3 
 .rodata        0x00009724       0x19 C:/Users/jfeli/workspace_v8/freertos_builds_MSP_EXP432P401R_release_gcc/Debug\libfreertos_builds_MSP_EXP432P401R_release_gcc.a(SystemP_freertos.o)
 *fill*         0x0000973d        0x3 
 .rodata        0x00009740        0x5 C:/Users/jfeli/workspace_v8/freertos_builds_MSP_EXP432P401R_release_gcc/Debug\libfreertos_builds_MSP_EXP432P401R_release_gcc.a(tasks.o)
 *fill*         0x00009745        0x3 
 .rodata        0x00009748        0x8 C:/Users/jfeli/workspace_v8/freertos_builds_MSP_EXP432P401R_release_gcc/Debug\libfreertos_builds_MSP_EXP432P401R_release_gcc.a(timers.o)
 *(.rodata.*)
 .rodata.adcMSP432HWAttrs
                0x00009750       0x18 ./MSP_EXP432P401R.o
                0x00009750                adcMSP432HWAttrs
 .rodata.ADC_config
                0x00009768       0x18 ./MSP_EXP432P401R.o
                0x00009768                ADC_config
 .rodata.ADC_count
                0x00009780        0x1 ./MSP_EXP432P401R.o
                0x00009780                ADC_count
 *fill*         0x00009781        0x3 
 .rodata.displayUartHWAttrs
                0x00009784       0x14 ./MSP_EXP432P401R.o
                0x00009784                displayUartHWAttrs
 .rodata.Display_config
                0x00009798        0xc ./MSP_EXP432P401R.o
                0x00009798                Display_config
 .rodata.Display_count
                0x000097a4        0x1 ./MSP_EXP432P401R.o
                0x000097a4                Display_count
 *fill*         0x000097a5        0x3 
 .rodata.GPIOMSP432_config
                0x000097a8       0x14 ./MSP_EXP432P401R.o
                0x000097a8                GPIOMSP432_config
 .rodata.i2cMSP432HWAttrs
                0x000097bc       0x28 ./MSP_EXP432P401R.o
                0x000097bc                i2cMSP432HWAttrs
 .rodata.I2C_config
                0x000097e4       0x18 ./MSP_EXP432P401R.o
                0x000097e4                I2C_config
 .rodata.I2C_count
                0x000097fc        0x1 ./MSP_EXP432P401R.o
                0x000097fc                I2C_count
 *fill*         0x000097fd        0x3 
 .rodata.PowerMSP432_config
                0x00009800       0x38 ./MSP_EXP432P401R.o
                0x00009800                PowerMSP432_config
 .rodata.uartMSP432Baudrates
                0x00009838       0x90 ./MSP_EXP432P401R.o
                0x00009838                uartMSP432Baudrates
 .rodata.uartMSP432HWAttrs
                0x000098c8       0x58 ./MSP_EXP432P401R.o
                0x000098c8                uartMSP432HWAttrs
 .rodata.UART_config
                0x00009920       0x18 ./MSP_EXP432P401R.o
                0x00009920                UART_config
 .rodata.UART_count
                0x00009938        0x1 ./MSP_EXP432P401R.o
                0x00009938                UART_count
 *fill*         0x00009939        0x3 
 .rodata.DisplayUartMin_fxnTable
                0x0000993c       0x20 C:/ti/simplelink_msp432p4_sdk_2_20_00_12/source\ti/display/lib/display.am4fg(DisplayUart.om4fg)
                0x0000993c                DisplayUartMin_fxnTable
 .rodata.ADC_defaultParams
                0x0000995c        0x8 C:/ti/simplelink_msp432p4_sdk_2_20_00_12/source\ti/drivers/lib/drivers_msp432p401x.am4fg(ADC.om4fg)
                0x0000995c                ADC_defaultParams
 .rodata.ADCMSP432_fxnTable
                0x00009964       0x18 C:/ti/simplelink_msp432p4_sdk_2_20_00_12/source\ti/drivers/lib/drivers_msp432p401x.am4fg(ADCMSP432.om4fg)
                0x00009964                ADCMSP432_fxnTable
 .rodata.interruptType
                0x0000997c        0x6 C:/ti/simplelink_msp432p4_sdk_2_20_00_12/source\ti/drivers/lib/drivers_msp432p401x.am4fg(GPIOMSP432.om4fg)
 *fill*         0x00009982        0x2 
 .rodata.portInterruptIds
                0x00009984        0x6 C:/ti/simplelink_msp432p4_sdk_2_20_00_12/source\ti/drivers/lib/drivers_msp432p401x.am4fg(GPIOMSP432.om4fg)
 *fill*         0x0000998a        0x2 
 .rodata.I2C_defaultParams
                0x0000998c       0x10 C:/ti/simplelink_msp432p4_sdk_2_20_00_12/source\ti/drivers/lib/drivers_msp432p401x.am4fg(I2C.om4fg)
                0x0000998c                I2C_defaultParams
 .rodata.I2CMSP432_fxnTable
                0x0000999c       0x18 C:/ti/simplelink_msp432p4_sdk_2_20_00_12/source\ti/drivers/lib/drivers_msp432p401x.am4fg(I2CMSP432.om4fg)
                0x0000999c                I2CMSP432_fxnTable
 .rodata.bitRates
                0x000099b4        0xc C:/ti/simplelink_msp432p4_sdk_2_20_00_12/source\ti/drivers/lib/drivers_msp432p401x.am4fg(I2CMSP432.om4fg)
 .rodata.UART_defaultParams
                0x000099c0       0x24 C:/ti/simplelink_msp432p4_sdk_2_20_00_12/source\ti/drivers/lib/drivers_msp432p401x.am4fg(UART.om4fg)
                0x000099c0                UART_defaultParams
 .rodata.UARTMSP432_fxnTable
                0x000099e4       0x28 C:/ti/simplelink_msp432p4_sdk_2_20_00_12/source\ti/drivers/lib/drivers_msp432p401x.am4fg(UARTMSP432.om4fg)
                0x000099e4                UARTMSP432_fxnTable
 .rodata.parityTypes
                0x00009a0c        0x5 C:/ti/simplelink_msp432p4_sdk_2_20_00_12/source\ti/drivers/lib/drivers_msp432p401x.am4fg(UARTMSP432.om4fg)
 *fill*         0x00009a11        0x3 
 .rodata.staticFxnTable
                0x00009a14       0x20 C:/ti/simplelink_msp432p4_sdk_2_20_00_12/source\ti/drivers/lib/drivers_msp432p401x.am4fg(UARTMSP432.om4fg)
 .rodata.stopBits
                0x00009a34        0x4 C:/ti/simplelink_msp432p4_sdk_2_20_00_12/source\ti/drivers/lib/drivers_msp432p401x.am4fg(UARTMSP432.om4fg)
 .rodata.g_pulRegs
                0x00009a38       0x50 C:/ti/simplelink_msp432p4_sdk_2_20_00_12/source\ti/devices/msp432p4xx/driverlib/gcc/msp432p4xx_driverlib.a(interrupt.o)
 .rodata.g_pulEnRegs
                0x00009a88        0x8 C:/ti/simplelink_msp432p4_sdk_2_20_00_12/source\ti/devices/msp432p4xx/driverlib/gcc/msp432p4xx_driverlib.a(interrupt.o)
 .rodata.g_pulDisRegs
                0x00009a90        0x8 C:/ti/simplelink_msp432p4_sdk_2_20_00_12/source\ti/devices/msp432p4xx/driverlib/gcc/msp432p4xx_driverlib.a(interrupt.o)
 .rodata.__sf_fake_stderr
                0x00009a98       0x20 C:/ti/ccsv8/tools/compiler/gcc-arm-none-eabi-7-2017-q4-major-win32/arm-none-eabi/lib/thumb/v7e-m/fpv4-sp/hard\libc_nano.a(lib_a-findfp.o)
                0x00009a98                __sf_fake_stderr
 .rodata.__sf_fake_stdin
                0x00009ab8       0x20 C:/ti/ccsv8/tools/compiler/gcc-arm-none-eabi-7-2017-q4-major-win32/arm-none-eabi/lib/thumb/v7e-m/fpv4-sp/hard\libc_nano.a(lib_a-findfp.o)
                0x00009ab8                __sf_fake_stdin
 .rodata.__sf_fake_stdout
                0x00009ad8       0x20 C:/ti/ccsv8/tools/compiler/gcc-arm-none-eabi-7-2017-q4-major-win32/arm-none-eabi/lib/thumb/v7e-m/fpv4-sp/hard\libc_nano.a(lib_a-findfp.o)
                0x00009ad8                __sf_fake_stdout

.ARM.exidx      0x00009af8        0x8
                0x00009af8                __exidx_start = .
 *(.ARM.exidx* .gnu.linkonce.armexidx.*)
 .ARM.exidx     0x00009af8        0x8 c:/ti/ccsv8/tools/compiler/gcc-arm-none-eabi-7-2017-q4-major-win32/bin/../lib/gcc/arm-none-eabi/7.2.1/thumb/v7e-m/fpv4-sp/hard\libgcc.a(_udivmoddi4.o)
                0x00009b00                __exidx_end = .

.rel.dyn        0x00009b00        0x0
 .rel.iplt      0x00009b00        0x0 ./MSP_EXP432P401R.o

.ARM.extab
 *(.ARM.extab* .gnu.linkonce.armextab.*)
                0x00009b00                __etext = .

.data           0x20000000      0x2bc load address 0x00009b00
                0x00009b00                __data_load__ = LOADADDR (.data)
                0x20000000                __data_start__ = .
 *(.data)
 .data          0x20000000        0x0 ./MSP_EXP432P401R.o
 .data          0x20000000        0x0 ./main_freertos.o
 .data          0x20000000        0x0 ./uartecho.o
 .data          0x20000000        0x0 ./value.o
 .data          0x20000000        0x0 C:/ti/simplelink_msp432p4_sdk_2_20_00_12/source\ti/display/lib/display.am4fg(Display.om4fg)
 .data          0x20000000        0x0 C:/ti/simplelink_msp432p4_sdk_2_20_00_12/source\ti/display/lib/display.am4fg(DisplayUart.om4fg)
 .data          0x20000000        0x0 C:/ti/simplelink_msp432p4_sdk_2_20_00_12/source\ti/drivers/lib/drivers_msp432p401x.am4fg(SDSPI.om4fg)
 .data          0x20000000        0x0 C:/ti/simplelink_msp432p4_sdk_2_20_00_12/source\ti/drivers/lib/drivers_msp432p401x.am4fg(ADC.om4fg)
 .data          0x20000000        0x0 C:/ti/simplelink_msp432p4_sdk_2_20_00_12/source\ti/drivers/lib/drivers_msp432p401x.am4fg(ADCMSP432.om4fg)
 .data          0x20000000        0x0 C:/ti/simplelink_msp432p4_sdk_2_20_00_12/source\ti/drivers/lib/drivers_msp432p401x.am4fg(ADCBufMSP432.om4fg)
 .data          0x20000000        0x0 C:/ti/simplelink_msp432p4_sdk_2_20_00_12/source\ti/drivers/lib/drivers_msp432p401x.am4fg(CaptureMSP432.om4fg)
 .data          0x20000000        0x0 C:/ti/simplelink_msp432p4_sdk_2_20_00_12/source\ti/drivers/lib/drivers_msp432p401x.am4fg(UDMAMSP432.om4fg)
 .data          0x20000000        0x0 C:/ti/simplelink_msp432p4_sdk_2_20_00_12/source\ti/drivers/lib/drivers_msp432p401x.am4fg(GPIOMSP432.om4fg)
 .data          0x20000000        0x0 C:/ti/simplelink_msp432p4_sdk_2_20_00_12/source\ti/drivers/lib/drivers_msp432p401x.am4fg(I2C.om4fg)
 .data          0x20000000        0x0 C:/ti/simplelink_msp432p4_sdk_2_20_00_12/source\ti/drivers/lib/drivers_msp432p401x.am4fg(I2CMSP432.om4fg)
 .data          0x20000000        0x0 C:/ti/simplelink_msp432p4_sdk_2_20_00_12/source\ti/drivers/lib/drivers_msp432p401x.am4fg(I2CSlaveMSP432.om4fg)
 .data          0x20000000        0x0 C:/ti/simplelink_msp432p4_sdk_2_20_00_12/source\ti/drivers/lib/drivers_msp432p401x.am4fg(NVSMSP432.om4fg)
 .data          0x20000000        0x0 C:/ti/simplelink_msp432p4_sdk_2_20_00_12/source\ti/drivers/lib/drivers_msp432p401x.am4fg(PowerMSP432.om4fg)
 .data          0x20000000        0x0 C:/ti/simplelink_msp432p4_sdk_2_20_00_12/source\ti/drivers/lib/drivers_msp432p401x.am4fg(PWMTimerMSP432.om4fg)
 .data          0x20000000        0x0 C:/ti/simplelink_msp432p4_sdk_2_20_00_12/source\ti/drivers/lib/drivers_msp432p401x.am4fg(SPI.om4fg)
 .data          0x20000000        0x0 C:/ti/simplelink_msp432p4_sdk_2_20_00_12/source\ti/drivers/lib/drivers_msp432p401x.am4fg(SPIMSP432DMA.om4fg)
 .data          0x20000000        0x0 C:/ti/simplelink_msp432p4_sdk_2_20_00_12/source\ti/drivers/lib/drivers_msp432p401x.am4fg(TimerMSP432.om4fg)
 .data          0x20000000        0x0 C:/ti/simplelink_msp432p4_sdk_2_20_00_12/source\ti/drivers/lib/drivers_msp432p401x.am4fg(UART.om4fg)
 .data          0x20000000        0x0 C:/ti/simplelink_msp432p4_sdk_2_20_00_12/source\ti/drivers/lib/drivers_msp432p401x.am4fg(UARTMSP432.om4fg)
 .data          0x20000000        0x0 C:/ti/simplelink_msp432p4_sdk_2_20_00_12/source\ti/drivers/lib/drivers_msp432p401x.am4fg(WatchdogMSP432.om4fg)
 .data          0x20000000        0x0 C:/ti/simplelink_msp432p4_sdk_2_20_00_12/source\ti/drivers/lib/drivers_msp432p401x.am4fg(List.om4fg)
 .data          0x20000000        0x0 C:/ti/simplelink_msp432p4_sdk_2_20_00_12/source\ti/drivers/lib/drivers_msp432p401x.am4fg(RingBuf.om4fg)
 .data          0x20000000        0x0 C:/ti/simplelink_msp432p4_sdk_2_20_00_12/source\ti/drivers/lib/drivers_msp432p401x.am4fg(ADCBuf.om4fg)
 .data          0x20000000        0x0 C:/Users/jfeli/workspace_v8/freertos_builds_MSP_EXP432P401R_release_gcc/Debug\libfreertos_builds_MSP_EXP432P401R_release_gcc.a(ClockP_freertos.o)
 .data          0x20000000        0x0 C:/Users/jfeli/workspace_v8/freertos_builds_MSP_EXP432P401R_release_gcc/Debug\libfreertos_builds_MSP_EXP432P401R_release_gcc.a(HwiPMSP432_freertos.o)
 .data          0x20000000        0x0 C:/Users/jfeli/workspace_v8/freertos_builds_MSP_EXP432P401R_release_gcc/Debug\libfreertos_builds_MSP_EXP432P401R_release_gcc.a(PowerMSP432_freertos.o)
 .data          0x20000000        0x0 C:/Users/jfeli/workspace_v8/freertos_builds_MSP_EXP432P401R_release_gcc/Debug\libfreertos_builds_MSP_EXP432P401R_release_gcc.a(SemaphoreP_freertos.o)
 .data          0x20000000        0x0 C:/Users/jfeli/workspace_v8/freertos_builds_MSP_EXP432P401R_release_gcc/Debug\libfreertos_builds_MSP_EXP432P401R_release_gcc.a(SystemP_freertos.o)
 .data          0x20000000        0x0 C:/Users/jfeli/workspace_v8/freertos_builds_MSP_EXP432P401R_release_gcc/Debug\libfreertos_builds_MSP_EXP432P401R_release_gcc.a(heap_4.o)
 .data          0x20000000        0x0 C:/Users/jfeli/workspace_v8/freertos_builds_MSP_EXP432P401R_release_gcc/Debug\libfreertos_builds_MSP_EXP432P401R_release_gcc.a(queue.o)
 .data          0x20000000        0x0 C:/Users/jfeli/workspace_v8/freertos_builds_MSP_EXP432P401R_release_gcc/Debug\libfreertos_builds_MSP_EXP432P401R_release_gcc.a(tasks.o)
 .data          0x20000000        0x0 C:/Users/jfeli/workspace_v8/freertos_builds_MSP_EXP432P401R_release_gcc/Debug\libfreertos_builds_MSP_EXP432P401R_release_gcc.a(timers.o)
 .data          0x20000000        0x0 C:/Users/jfeli/workspace_v8/freertos_builds_MSP_EXP432P401R_release_gcc/Debug\libfreertos_builds_MSP_EXP432P401R_release_gcc.a(port.o)
 .data          0x20000000        0x0 C:/Users/jfeli/workspace_v8/freertos_builds_MSP_EXP432P401R_release_gcc/Debug\libfreertos_builds_MSP_EXP432P401R_release_gcc.a(startup_msp432_gcc.o)
 .data          0x20000000        0x0 C:/Users/jfeli/workspace_v8/freertos_builds_MSP_EXP432P401R_release_gcc/Debug\libfreertos_builds_MSP_EXP432P401R_release_gcc.a(list.o)
 .data          0x20000000        0x0 C:/ti/simplelink_msp432p4_sdk_2_20_00_12/source\ti/devices/msp432p4xx/driverlib/gcc/msp432p4xx_driverlib.a(cpu.o)
 .data          0x20000000        0x0 C:/ti/simplelink_msp432p4_sdk_2_20_00_12/source\ti/devices/msp432p4xx/driverlib/gcc/msp432p4xx_driverlib.a(cs.o)
 .data          0x20000000        0x0 C:/ti/simplelink_msp432p4_sdk_2_20_00_12/source\ti/devices/msp432p4xx/driverlib/gcc/msp432p4xx_driverlib.a(dma.o)
 .data          0x20000000        0x0 C:/ti/simplelink_msp432p4_sdk_2_20_00_12/source\ti/devices/msp432p4xx/driverlib/gcc/msp432p4xx_driverlib.a(gpio.o)
 .data          0x20000000        0x0 C:/ti/simplelink_msp432p4_sdk_2_20_00_12/source\ti/devices/msp432p4xx/driverlib/gcc/msp432p4xx_driverlib.a(i2c.o)
 .data          0x20000000        0x0 C:/ti/simplelink_msp432p4_sdk_2_20_00_12/source\ti/devices/msp432p4xx/driverlib/gcc/msp432p4xx_driverlib.a(interrupt.o)
 .data          0x20000000        0x0 C:/ti/simplelink_msp432p4_sdk_2_20_00_12/source\ti/devices/msp432p4xx/driverlib/gcc/msp432p4xx_driverlib.a(spi.o)
 .data          0x20000000        0x0 C:/ti/simplelink_msp432p4_sdk_2_20_00_12/source\ti/devices/msp432p4xx/driverlib/gcc/msp432p4xx_driverlib.a(sysctl.o)
 .data          0x20000000        0x0 C:/ti/simplelink_msp432p4_sdk_2_20_00_12/source\ti/devices/msp432p4xx/driverlib/gcc/msp432p4xx_driverlib.a(sysctl_a.o)
 .data          0x20000000        0x0 C:/ti/simplelink_msp432p4_sdk_2_20_00_12/source\ti/devices/msp432p4xx/driverlib/gcc/msp432p4xx_driverlib.a(timer_a.o)
 .data          0x20000000        0x0 c:/ti/ccsv8/tools/compiler/gcc-arm-none-eabi-7-2017-q4-major-win32/bin/../lib/gcc/arm-none-eabi/7.2.1/thumb/v7e-m/fpv4-sp/hard\libgcc.a(_arm_addsubdf3.o)
 .data          0x20000000        0x0 c:/ti/ccsv8/tools/compiler/gcc-arm-none-eabi-7-2017-q4-major-win32/bin/../lib/gcc/arm-none-eabi/7.2.1/thumb/v7e-m/fpv4-sp/hard\libgcc.a(_arm_muldivdf3.o)
 .data          0x20000000        0x0 c:/ti/ccsv8/tools/compiler/gcc-arm-none-eabi-7-2017-q4-major-win32/bin/../lib/gcc/arm-none-eabi/7.2.1/thumb/v7e-m/fpv4-sp/hard\libgcc.a(_arm_cmpdf2.o)
 .data          0x20000000        0x0 c:/ti/ccsv8/tools/compiler/gcc-arm-none-eabi-7-2017-q4-major-win32/bin/../lib/gcc/arm-none-eabi/7.2.1/thumb/v7e-m/fpv4-sp/hard\libgcc.a(_arm_fixdfsi.o)
 .data          0x20000000        0x0 c:/ti/ccsv8/tools/compiler/gcc-arm-none-eabi-7-2017-q4-major-win32/bin/../lib/gcc/arm-none-eabi/7.2.1/thumb/v7e-m/fpv4-sp/hard\libgcc.a(_arm_fixunsdfsi.o)
 .data          0x20000000        0x0 c:/ti/ccsv8/tools/compiler/gcc-arm-none-eabi-7-2017-q4-major-win32/bin/../lib/gcc/arm-none-eabi/7.2.1/thumb/v7e-m/fpv4-sp/hard\libgcc.a(_aeabi_uldivmod.o)
 .data          0x20000000        0x0 c:/ti/ccsv8/tools/compiler/gcc-arm-none-eabi-7-2017-q4-major-win32/bin/../lib/gcc/arm-none-eabi/7.2.1/thumb/v7e-m/fpv4-sp/hard\libgcc.a(_udivmoddi4.o)