Archive member included to satisfy reference by file (symbol)

C:/ti/simplelink_msp432p4_sdk_2_20_00_12/source\ti/display/lib/display.am4fg(Display.om4fg)
                              ./main_freertos.o (Display_doInit)
C:/ti/simplelink_msp432p4_sdk_2_20_00_12/source\ti/display/lib/display.am4fg(DisplayUart.om4fg)
                              ./MSP_EXP432P401R.o (DisplayUartMin_fxnTable)
C:/ti/simplelink_msp432p4_sdk_2_20_00_12/source\ti/drivers/lib/drivers_msp432p401x.am4fg(SDSPI.om4fg)
                              ./MSP_EXP432P401R.o (SDSPI_fxnTable)
C:/ti/simplelink_msp432p4_sdk_2_20_00_12/source\ti/drivers/lib/drivers_msp432p401x.am4fg(ADC.om4fg)
                              ./main_freertos.o (ADC_convert)
C:/ti/simplelink_msp432p4_sdk_2_20_00_12/source\ti/drivers/lib/drivers_msp432p401x.am4fg(ADCMSP432.om4fg)
                              ./MSP_EXP432P401R.o (ADCMSP432_fxnTable)
C:/ti/simplelink_msp432p4_sdk_2_20_00_12/source\ti/drivers/lib/drivers_msp432p401x.am4fg(ADCBufMSP432.om4fg)
                              ./MSP_EXP432P401R.o (ADCBufMSP432_fxnTable)
C:/ti/simplelink_msp432p4_sdk_2_20_00_12/source\ti/drivers/lib/drivers_msp432p401x.am4fg(CaptureMSP432.om4fg)
                              ./MSP_EXP432P401R.o (CaptureMSP432_captureFxnTable)
C:/ti/simplelink_msp432p4_sdk_2_20_00_12/source\ti/drivers/lib/drivers_msp432p401x.am4fg(UDMAMSP432.om4fg)
                              C:/ti/simplelink_msp432p4_sdk_2_20_00_12/source\ti/drivers/lib/drivers_msp432p401x.am4fg(ADCBufMSP432.om4fg) (UDMAMSP432_close)
C:/ti/simplelink_msp432p4_sdk_2_20_00_12/source\ti/drivers/lib/drivers_msp432p401x.am4fg(GPIOMSP432.om4fg)
                              ./main_freertos.o (GPIO_setConfig)
C:/ti/simplelink_msp432p4_sdk_2_20_00_12/source\ti/drivers/lib/drivers_msp432p401x.am4fg(I2C.om4fg)
                              ./main_freertos.o (I2C_init)
C:/ti/simplelink_msp432p4_sdk_2_20_00_12/source\ti/drivers/lib/drivers_msp432p401x.am4fg(I2CMSP432.om4fg)
                              ./MSP_EXP432P401R.o (I2CMSP432_fxnTable)
C:/ti/simplelink_msp432p4_sdk_2_20_00_12/source\ti/drivers/lib/drivers_msp432p401x.am4fg(I2CSlaveMSP432.om4fg)
                              ./MSP_EXP432P401R.o (I2CSlaveMSP432_fxnTable)
C:/ti/simplelink_msp432p4_sdk_2_20_00_12/source\ti/drivers/lib/drivers_msp432p401x.am4fg(NVSMSP432.om4fg)
                              ./MSP_EXP432P401R.o (NVSMSP432_fxnTable)
C:/ti/simplelink_msp432p4_sdk_2_20_00_12/source\ti/drivers/lib/drivers_msp432p401x.am4fg(PowerMSP432.om4fg)
                              C:/ti/simplelink_msp432p4_sdk_2_20_00_12/source\ti/drivers/lib/drivers_msp432p401x.am4fg(ADCBufMSP432.om4fg) (Power_getPerformanceLevel)
C:/ti/simplelink_msp432p4_sdk_2_20_00_12/source\ti/drivers/lib/drivers_msp432p401x.am4fg(PWMTimerMSP432.om4fg)
                              ./MSP_EXP432P401R.o (PWMTimerMSP432_fxnTable)
C:/ti/simplelink_msp432p4_sdk_2_20_00_12/source\ti/drivers/lib/drivers_msp432p401x.am4fg(SPI.om4fg)
                              C:/ti/simplelink_msp432p4_sdk_2_20_00_12/source\ti/drivers/lib/drivers_msp432p401x.am4fg(SDSPI.om4fg) (SPI_close)
C:/ti/simplelink_msp432p4_sdk_2_20_00_12/source\ti/drivers/lib/drivers_msp432p401x.am4fg(SPIMSP432DMA.om4fg)
                              ./MSP_EXP432P401R.o (SPIMSP432DMA_fxnTable)
C:/ti/simplelink_msp432p4_sdk_2_20_00_12/source\ti/drivers/lib/drivers_msp432p401x.am4fg(TimerMSP432.om4fg)
                              C:/ti/simplelink_msp432p4_sdk_2_20_00_12/source\ti/drivers/lib/drivers_msp432p401x.am4fg(ADCBufMSP432.om4fg) (TimerMSP432_allocateTimerResource)
C:/ti/simplelink_msp432p4_sdk_2_20_00_12/source\ti/drivers/lib/drivers_msp432p401x.am4fg(UART.om4fg)
                              C:/ti/simplelink_msp432p4_sdk_2_20_00_12/source\ti/display/lib/display.am4fg(DisplayUart.om4fg) (UART_close)
C:/ti/simplelink_msp432p4_sdk_2_20_00_12/source\ti/drivers/lib/drivers_msp432p401x.am4fg(UARTMSP432.om4fg)
                              ./MSP_EXP432P401R.o (UARTMSP432_fxnTable)
C:/ti/simplelink_msp432p4_sdk_2_20_00_12/source\ti/drivers/lib/drivers_msp432p401x.am4fg(WatchdogMSP432.om4fg)
                              ./MSP_EXP432P401R.o (WatchdogMSP432_fxnTable)
C:/ti/simplelink_msp432p4_sdk_2_20_00_12/source\ti/drivers/lib/drivers_msp432p401x.am4fg(List.om4fg)
                              C:/ti/simplelink_msp432p4_sdk_2_20_00_12/source\ti/drivers/lib/drivers_msp432p401x.am4fg(PowerMSP432.om4fg) (List_put)
C:/ti/simplelink_msp432p4_sdk_2_20_00_12/source\ti/drivers/lib/drivers_msp432p401x.am4fg(RingBuf.om4fg)
                              C:/ti/simplelink_msp432p4_sdk_2_20_00_12/source\ti/drivers/lib/drivers_msp432p401x.am4fg(UARTMSP432.om4fg) (RingBuf_construct)
C:/ti/simplelink_msp432p4_sdk_2_20_00_12/source\ti/drivers/lib/drivers_msp432p401x.am4fg(ADCBuf.om4fg)
                              C:/ti/simplelink_msp432p4_sdk_2_20_00_12/source\ti/drivers/lib/drivers_msp432p401x.am4fg(ADCBufMSP432.om4fg) (ADCBuf_defaultParams)
[...]
Memory Configuration

Name             Origin             Length             Attributes
MAIN_FLASH       0x00000000         0x00040000         xr
INFO_FLASH       0x00200000         0x00004000         xr
SRAM_DATA        0x20000000         0x00010000         rw
*default*        0x00000000         0xffffffff

Linker script and memory map

LOAD ./MSP_EXP432P401R.o
LOAD ./main_freertos.o
LOAD ./uartecho.o
LOAD ./value.o
                0x00001000                STACKSIZE = 0x1000
                0x00000000                PROVIDE (_intvecs_base_address, DEFINED (_intvecs_base_address)?_intvecs_base_address:0x0)

.intvecs        0x00000000      0x140
 *(.intvecs)
 .intvecs       0x00000000      0x140 C:/Users/jfeli/workspace_v8/freertos_builds_MSP_EXP432P401R_release_gcc/Debug\libfreertos_builds_MSP_EXP432P401R_release_gcc.a(startup_msp432_gcc.o)
                0x00000000                interruptVectors
                0x20000000                PROVIDE (_vtable_base_address, DEFINED (_vtable_base_address)?_vtable_base_address:0x20000000)

.vtable
 *(.vtable)

.text           0x00000140     0x98a0
 CREATE_OBJECT_SYMBOLS
 *(.text)
 .text          0x00000140        0x0 ./MSP_EXP432P401R.o
 .text          0x00000140        0x0 ./main_freertos.o
 .text          0x00000140        0x0 ./uartecho.o
 .text          0x00000140        0x0 ./value.o
 .text          0x00000140        0x0 C:/ti/simplelink_msp432p4_sdk_2_20_00_12/source\ti/display/lib/display.am4fg(Display.om4fg)
 .text          0x00000140        0x0 C:/ti/simplelink_msp432p4_sdk_2_20_00_12/source\ti/display/lib/display.am4fg(DisplayUart.om4fg)
 .text          0x00000140        0x0 C:/ti/simplelink_msp432p4_sdk_2_20_00_12/source\ti/drivers/lib/drivers_msp432p401x.am4fg(SDSPI.om4fg)
 .text          0x00000140        0x0 C:/ti/simplelink_msp432p4_sdk_2_20_00_12/source\ti/drivers/lib/drivers_msp432p401x.am4fg(ADC.om4fg)
 .text          0x00000140        0x0 C:/ti/simplelink_msp432p4_sdk_2_20_00_12/source\ti/drivers/lib/drivers_msp432p401x.am4fg(ADCMSP432.om4fg)
 .text          0x00000140        0x0 C:/ti/simplelink_msp432p4_sdk_2_20_00_12/source\ti/drivers/lib/drivers_msp432p401x.am4fg(ADCBufMSP432.om4fg)
 .text          0x00000140        0x0 C:/ti/simplelink_msp432p4_sdk_2_20_00_12/source\ti/drivers/lib/drivers_msp432p401x.am4fg(CaptureMSP432.om4fg)
 .text          0x00000140        0x0 C:/ti/simplelink_msp432p4_sdk_2_20_00_12/source\ti/drivers/lib/drivers_msp432p401x.am4fg(UDMAMSP432.om4fg)
 .text          0x00000140        0x0 C:/ti/simplelink_msp432p4_sdk_2_20_00_12/source\ti/drivers/lib/drivers_msp432p401x.am4fg(GPIOMSP432.om4fg)
 .text          0x00000140        0x0 C:/ti/simplelink_msp432p4_sdk_2_20_00_12/source\ti/drivers/lib/drivers_msp432p401x.am4fg(I2C.om4fg)
 .text          0x00000140        0x0 C:/ti/simplelink_msp432p4_sdk_2_20_00_12/source\ti/drivers/lib/drivers_msp432p401x.am4fg(I2CMSP432.om4fg)
 .text          0x00000140        0x0 C:/ti/simplelink_msp432p4_sdk_2_20_00_12/source\ti/drivers/lib/drivers_msp432p401x.am4fg(I2CSlaveMSP432.om4fg)
 .text          0x00000140        0x0 C:/ti/simplelink_msp432p4_sdk_2_20_00_12/source\ti/drivers/lib/drivers_msp432p401x.am4fg(NVSMSP432.om4fg)
 .text          0x00000140        0x0 C:/ti/simplelink_msp432p4_sdk_2_20_00_12/source\ti/drivers/lib/drivers_msp432p401x.am4fg(PowerMSP432.om4fg)
 .text          0x00000140        0x0 C:/ti/simplelink_msp432p4_sdk_2_20_00_12/source\ti/drivers/lib/drivers_msp432p401x.am4fg(PWMTimerMSP432.om4fg)
 .text          0x00000140        0x0 C:/ti/simplelink_msp432p4_sdk_2_20_00_12/source\ti/drivers/lib/drivers_msp432p401x.am4fg(SPI.om4fg)
 .text          0x00000140        0x0 C:/ti/simplelink_msp432p4_sdk_2_20_00_12/source\ti/drivers/lib/drivers_msp432p401x.am4fg(SPIMSP432DMA.om4fg)
 .text          0x00000140        0x0 C:/ti/simplelink_msp432p4_sdk_2_20_00_12/source\ti/drivers/lib/drivers_msp432p401x.am4fg(TimerMSP432.om4fg)
 .text          0x00000140        0x0 C:/ti/simplelink_msp432p4_sdk_2_20_00_12/source\ti/drivers/lib/drivers_msp432p401x.am4fg(UART.om4fg)
 .text          0x00000140        0x0 C:/ti/simplelink_msp432p4_sdk_2_20_00_12/source\ti/drivers/lib/drivers_msp432p401x.am4fg(UARTMSP432.om4fg)
 .text          0x00000140        0x0 C:/ti/simplelink_msp432p4_sdk_2_20_00_12/source\ti/drivers/lib/drivers_msp432p401x.am4fg(WatchdogMSP432.om4fg)
 .text          0x00000140        0x0 C:/ti/simplelink_msp432p4_sdk_2_20_00_12/source\ti/drivers/lib/drivers_msp432p401x.am4fg(List.om4fg)
 .text          0x00000140        0x0 C:/ti/simplelink_msp432p4_sdk_2_20_00_12/source\ti/drivers/lib/drivers_msp432p401x.am4fg(RingBuf.om4fg)
 .text          0x00000140        0x0 C:/ti/simplelink_msp432p4_sdk_2_20_00_12/source\ti/drivers/lib/drivers_msp432p401x.am4fg(ADCBuf.om4fg)
 .text          0x00000140        0x0 C:/Users/jfeli/workspace_v8/freertos_builds_MSP_EXP432P401R_release_gcc/Debug\libfreertos_builds_MSP_EXP432P401R_release_gcc.a(ClockP_freertos.o)
 .text          0x00000140        0x0 C:/Users/jfeli/workspace_v8/freertos_builds_MSP_EXP432P401R_release_gcc/Debug\libfreertos_builds_MSP_EXP432P401R_release_gcc.a(HwiPMSP432_freertos.o)
 .text          0x00000140        0x0 C:/Users/jfeli/workspace_v8/freertos_builds_MSP_EXP432P401R_release_gcc/Debug\libfreertos_builds_MSP_EXP432P401R_release_gcc.a(PowerMSP432_freertos.o)
 .text          0x00000140        0x0 C:/Users/jfeli/workspace_v8/freertos_builds_MSP_EXP432P401R_release_gcc/Debug\libfreertos_builds_MSP_EXP432P401R_release_gcc.a(SemaphoreP_freertos.o)
 .text          0x00000140        0x0 C:/Users/jfeli/workspace_v8/freertos_builds_MSP_EXP432P401R_release_gcc/Debug\libfreertos_builds_MSP_EXP432P401R_release_gcc.a(SystemP_freertos.o)
 .text          0x00000140        0x0 C:/Users/jfeli/workspace_v8/freertos_builds_MSP_EXP432P401R_release_gcc/Debug\libfreertos_builds_MSP_EXP432P401R_release_gcc.a(heap_4.o)
 .text          0x00000140        0x0 C:/Users/jfeli/workspace_v8/freertos_builds_MSP_EXP432P401R_release_gcc/Debug\libfreertos_builds_MSP_EXP432P401R_release_gcc.a(queue.o)
 .text          0x00000140        0x0 C:/Users/jfeli/workspace_v8/freertos_builds_MSP_EXP432P401R_release_gcc/Debug\libfreertos_builds_MSP_EXP432P401R_release_gcc.a(tasks.o)
 .text          0x00000140        0x0 C:/Users/jfeli/workspace_v8/freertos_builds_MSP_EXP432P401R_release_gcc/Debug\libfreertos_builds_MSP_EXP432P401R_release_gcc.a(timers.o)
 .text          0x00000140        0x0 C:/Users/jfeli/workspace_v8/freertos_builds_MSP_EXP432P401R_release_gcc/Debug\libfreertos_builds_MSP_EXP432P401R_release_gcc.a(port.o)
 .text          0x00000140        0x0 C:/Users/jfeli/workspace_v8/freertos_builds_MSP_EXP432P401R_release_gcc/Debug\libfreertos_builds_MSP_EXP432P401R_release_gcc.a(startup_msp432_gcc.o)
 .text          0x00000140        0x0 C:/Users/jfeli/workspace_v8/freertos_builds_MSP_EXP432P401R_release_gcc/Debug\libfreertos_builds_MSP_EXP432P401R_release_gcc.a(list.o)
 .text          0x00000140        0x0 C:/ti/simplelink_msp432p4_sdk_2_20_00_12/source\ti/devices/msp432p4xx/driverlib/gcc/msp432p4xx_driverlib.a(cpu.o)
 .text          0x00000140        0x0 C:/ti/simplelink_msp432p4_sdk_2_20_00_12/source\ti/devices/msp432p4xx/driverlib/gcc/msp432p4xx_driverlib.a(cs.o)
 .text          0x00000140        0x0 C:/ti/simplelink_msp432p4_sdk_2_20_00_12/source\ti/devices/msp432p4xx/driverlib/gcc/msp432p4xx_driverlib.a(dma.o)
 .text          0x00000140        0x0 C:/ti/simplelink_msp432p4_sdk_2_20_00_12/source\ti/devices/msp432p4xx/driverlib/gcc/msp432p4xx_driverlib.a(gpio.o)
 .text          0x00000140        0x0 C:/ti/simplelink_msp432p4_sdk_2_20_00_12/source\ti/devices/msp432p4xx/driverlib/gcc/msp432p4xx_driverlib.a(i2c.o)
 .text          0x00000140        0x0 C:/ti/simplelink_msp432p4_sdk_2_20_00_12/source\ti/devices/msp432p4xx/driverlib/gcc/msp432p4xx_driverlib.a(interrupt.o)
 .text          0x00000140        0x0 C:/ti/simplelink_msp432p4_sdk_2_20_00_12/source\ti/devices/msp432p4xx/driverlib/gcc/msp432p4xx_driverlib.a(spi.o)
 .text          0x00000140        0x0 C:/ti/simplelink_msp432p4_sdk_2_20_00_12/source\ti/devices/msp432p4xx/driverlib/gcc/msp432p4xx_driverlib.a(sysctl.o)
 .text          0x00000140        0x0 C:/ti/simplelink_msp432p4_sdk_2_20_00_12/source\ti/devices/msp432p4xx/driverlib/gcc/msp432p4xx_driverlib.a(sysctl_a.o)
 .text          0x00000140        0x0 C:/ti/simplelink_msp432p4_sdk_2_20_00_12/source\ti/devices/msp432p4xx/driverlib/gcc/msp432p4xx_driverlib.a(timer_a.o)
 .text          0x00000140      0x378 c:/ti/ccsv8/tools/compiler/gcc-arm-none-eabi-7-2017-q4-major-win32/bin/../lib/gcc/arm-none-eabi/7.2.1/thumb/v7e-m/fpv4-sp/hard\libgcc.a(_arm_addsubdf3.o)
                0x00000140                __aeabi_drsub
                0x00000148                __aeabi_dsub
                0x00000148                __subdf3
                0x0000014c                __aeabi_dadd
                0x0000014c                __adddf3
                0x000003c4                __floatunsidf
                0x000003c4                __aeabi_ui2d
                0x000003e4                __floatsidf
                0x000003e4                __aeabi_i2d
                0x00000408                __aeabi_f2d
                0x00000408                __extendsfdf2
                0x0000044c                __floatundidf
                0x0000044c                __aeabi_ul2d
                0x0000045c                __floatdidf
                0x0000045c                __aeabi_l2d
 .text          0x000004b8      0x424 c:/ti/ccsv8/tools/compiler/gcc-arm-none-eabi-7-2017-q4-major-win32/bin/../lib/gcc/arm-none-eabi/7.2.1/thumb/v7e-m/fpv4-sp/hard\libgcc.a(_arm_muldivdf3.o)
                0x000004b8                __aeabi_dmul
                0x000004b8                __muldf3
                0x0000070c                __divdf3
                0x0000070c                __aeabi_ddiv
 .text          0x000008dc      0x110 c:/ti/ccsv8/tools/compiler/gcc-arm-none-eabi-7-2017-q4-major-win32/bin/../lib/gcc/arm-none-eabi/7.2.1/thumb/v7e-m/fpv4-sp/hard\libgcc.a(_arm_cmpdf2.o)
                0x000008dc                __gtdf2
                0x000008dc                __gedf2
                0x000008e4                __ltdf2
                0x000008e4                __ledf2
                0x000008ec                __nedf2
                0x000008ec                __eqdf2
                0x000008ec                __cmpdf2
                0x00000968                __aeabi_cdrcmple
                0x00000978                __aeabi_cdcmpeq
                0x00000978                __aeabi_cdcmple
                0x00000988                __aeabi_dcmpeq
                0x0000099c                __aeabi_dcmplt
                0x000009b0                __aeabi_dcmple
                0x000009c4                __aeabi_dcmpge
                0x000009d8                __aeabi_dcmpgt
 .text          0x000009ec       0x50 c:/ti/ccsv8/tools/compiler/gcc-arm-none-eabi-7-2017-q4-major-win32/bin/../lib/gcc/arm-none-eabi/7.2.1/thumb/v7e-m/fpv4-sp/hard\libgcc.a(_arm_fixdfsi.o)
                0x000009ec                __aeabi_d2iz
                0x000009ec                __fixdfsi
 .text          0x00000a3c       0x40 c:/ti/ccsv8/tools/compiler/gcc-arm-none-eabi-7-2017-q4-major-win32/bin/../lib/gcc/arm-none-eabi/7.2.1/thumb/v7e-m/fpv4-sp/hard\libgcc.a(_arm_fixunsdfsi.o)
                0x00000a3c                __aeabi_d2uiz
                0x00000a3c                __fixunsdfsi
 .text          0x00000a7c       0x30 c:/ti/ccsv8/tools/compiler/gcc-arm-none-eabi-7-2017-q4-major-win32/bin/../lib/gcc/arm-none-eabi/7.2.1/thumb/v7e-m/fpv4-sp/hard\libgcc.a(_aeabi_uldivmod.o)
                0x00000a7c                __aeabi_uldivmod
 .text          0x00000aac      0x2cc c:/ti/ccsv8/tools/compiler/gcc-arm-none-eabi-7-2017-q4-major-win32/bin/../lib/gcc/arm-none-eabi/7.2.1/thumb/v7e-m/fpv4-sp/hard\libgcc.a(_udivmoddi4.o)
                0x00000aac                __udivmoddi4
 .text          0x00000d78        0x4 c:/ti/ccsv8/tools/compiler/gcc-arm-none-eabi-7-2017-q4-major-win32/bin/../lib/gcc/arm-none-eabi/7.2.1/thumb/v7e-m/fpv4-sp/hard\libgcc.a(_dvmd_tls.o)
                0x00000d78                __aeabi_idiv0
                0x00000d78                __aeabi_ldiv0
 .text          0x00000d7c        0x0 C:/ti/ccsv8/tools/compiler/gcc-arm-none-eabi-7-2017-q4-major-win32/arm-none-eabi/lib/thumb/v7e-m/fpv4-sp/hard\libc_nano.a(lib_a-findfp.o)
 .text          0x00000d7c        0x0 C:/ti/ccsv8/tools/compiler/gcc-arm-none-eabi-7-2017-q4-major-win32/arm-none-eabi/lib/thumb/v7e-m/fpv4-sp/hard\libc_nano.a(lib_a-fwalk.o)
 .text          0x00000d7c        0x0 C:/ti/ccsv8/tools/compiler/gcc-arm-none-eabi-7-2017-q4-major-win32/arm-none-eabi/lib/thumb/v7e-m/fpv4-sp/hard\libc_nano.a(lib_a-impure.o)
 .text          0x00000d7c        0x0 C:/ti/ccsv8/tools/compiler/gcc-arm-none-eabi-7-2017-q4-major-win32/arm-none-eabi/lib/thumb/v7e-m/fpv4-sp/hard\libc_nano.a(lib_a-memcpy-stub.o)
 .text          0x00000d7c        0x0 C:/ti/ccsv8/tools/compiler/gcc-arm-none-eabi-7-2017-q4-major-win32/arm-none-eabi/lib/thumb/v7e-m/fpv4-sp/hard\libc_nano.a(lib_a-memset.o)
 .text          0x00000d7c        0x0 C:/ti/ccsv8/tools/compiler/gcc-arm-none-eabi-7-2017-q4-major-win32/arm-none-eabi/lib/thumb/v7e-m/fpv4-sp/hard\libc_nano.a(lib_a-nano-mallocr.o)
 .text          0x00000d7c        0x0 C:/ti/ccsv8/tools/compiler/gcc-arm-none-eabi-7-2017-q4-major-win32/arm-none-eabi/lib/thumb/v7e-m/fpv4-sp/hard\libc_nano.a(lib_a-reent.o)
 .text          0x00000d7c        0x0 C:/ti/ccsv8/tools/compiler/gcc-arm-none-eabi-7-2017-q4-major-win32/arm-none-eabi/lib/thumb/v7e-m/fpv4-sp/hard\libc_nano.a(lib_a-sbrkr.o)
 .text          0x00000d7c        0x0 C:/ti/ccsv8/tools/compiler/gcc-arm-none-eabi-7-2017-q4-major-win32/arm-none-eabi/lib/thumb/v7e-m/fpv4-sp/hard\libc_nano.a(lib_a-stdio.o)
 .text          0x00000d7c       0x10 C:/ti/ccsv8/tools/compiler/gcc-arm-none-eabi-7-2017-q4-major-win32/arm-none-eabi/lib/thumb/v7e-m/fpv4-sp/hard\libc_nano.a(lib_a-strlen.o)
                0x00000d7c                strlen
 .text          0x00000d8c        0x0 C:/ti/ccsv8/tools/compiler/gcc-arm-none-eabi-7-2017-q4-major-win32/arm-none-eabi/lib/thumb/v7e-m/fpv4-sp/hard\libc_nano.a(lib_a-writer.o)
 .text          0x00000d8c        0x0 C:/ti/ccsv8/tools/compiler/gcc-arm-none-eabi-7-2017-q4-major-win32/arm-none-eabi/lib/thumb/v7e-m/fpv4-sp/hard\libc_nano.a(lib_a-closer.o)
 .text          0x00000d8c        0x0 C:/ti/ccsv8/tools/compiler/gcc-arm-none-eabi-7-2017-q4-major-win32/arm-none-eabi/lib/thumb/v7e-m/fpv4-sp/hard\libc_nano.a(lib_a-fflush.o)
 .text          0x00000d8c        0x0 C:/ti/ccsv8/tools/compiler/gcc-arm-none-eabi-7-2017-q4-major-win32/arm-none-eabi/lib/thumb/v7e-m/fpv4-sp/hard\libc_nano.a(lib_a-lseekr.o)
 .text          0x00000d8c        0x0 C:/ti/ccsv8/tools/compiler/gcc-arm-none-eabi-7-2017-q4-major-win32/arm-none-eabi/lib/thumb/v7e-m/fpv4-sp/hard\libc_nano.a(lib_a-mlock.o)
 .text          0x00000d8c        0x0 C:/ti/ccsv8/tools/compiler/gcc-arm-none-eabi-7-2017-q4-major-win32/arm-none-eabi/lib/thumb/v7e-m/fpv4-sp/hard\libc_nano.a(lib_a-nano-freer.o)
 .text          0x00000d8c        0x0 C:/ti/ccsv8/tools/compiler/gcc-arm-none-eabi-7-2017-q4-major-win32/arm-none-eabi/lib/thumb/v7e-m/fpv4-sp/hard\libc_nano.a(lib_a-readr.o)
 .text          0x00000d8c        0x0 C:/ti/ccsv8/tools/compiler/gcc-arm-none-eabi-7-2017-q4-major-win32/arm-none-eabi/lib/thumb/v7e-m/fpv4-sp/hard\libnosys.a(close.o)
 .text          0x00000d8c        0x0 C:/ti/ccsv8/tools/compiler/gcc-arm-none-eabi-7-2017-q4-major-win32/arm-none-eabi/lib/thumb/v7e-m/fpv4-sp/hard\libnosys.a(lseek.o)
 .text          0x00000d8c        0x0 C:/ti/ccsv8/tools/compiler/gcc-arm-none-eabi-7-2017-q4-major-win32/arm-none-eabi/lib/thumb/v7e-m/fpv4-sp/hard\libnosys.a(read.o)
 .text          0x00000d8c        0x0 C:/ti/ccsv8/tools/compiler/gcc-arm-none-eabi-7-2017-q4-major-win32/arm-none-eabi/lib/thumb/v7e-m/fpv4-sp/hard\libnosys.a(sbrk.o)
 .text          0x00000d8c        0x0 C:/ti/ccsv8/tools/compiler/gcc-arm-none-eabi-7-2017-q4-major-win32/arm-none-eabi/lib/thumb/v7e-m/fpv4-sp/hard\libnosys.a(write.o)
 *(.text.*)
 .text.MSP_EXP432P401R_initGeneral
                0x00000d8c        0xc ./MSP_EXP432P401R.o
                0x00000d8c                MSP_EXP432P401R_initGeneral
 .text.main     0x00000d98       0xd8 ./main_freertos.o
                0x00000d98                main
 .text.vInitPerif
                0x00000e70       0xbc ./main_freertos.o
                0x00000e70                vInitPerif
 .text.vTeste1  0x00000f2c       0xac ./main_freertos.o
                0x00000f2c                vTeste1
 .text.vPIDMulti
                0x00000fd8      0x3d0 ./main_freertos.o
                0x00000fd8                vPIDMulti
 .text.vPID1    0x000013a8      0x1d8 ./main_freertos.o
                0x000013a8                vPID1
 .text.vPID2    0x00001580      0x1d8 ./main_freertos.o
                0x00001580                vPID2
 .text.vSerial  0x00001758      0x940 ./main_freertos.o
                0x00001758                vSerial
 .text.vADC     0x00002098       0x70 ./main_freertos.o
                0x00002098                vADC
 .text.vI2C_DAC
                0x00002108       0xe8 ./main_freertos.o
                0x00002108                vI2C_DAC
 .text.vApplicationMallocFailedHook
                0x000021f0        0x6 ./main_freertos.o
                0x000021f0                vApplicationMallocFailedHook
 .text.vApplicationStackOverflowHook
                0x000021f6        0xc ./main_freertos.o
                0x000021f6                vApplicationStackOverflowHook
 *fill*         0x00002202        0x2 
 .text.Init_valores
                0x00002204       0xe8 ./value.o
                0x00002204                Init_valores
 .text.Init_valores1
                0x000022ec       0x68 ./value.o
                0x000022ec                Init_valores1
 .text.Init_valores2
                0x00002354       0x68 ./value.o
                0x00002354                Init_valores2
 .text.Altera_Kp
                0x000023bc       0x30 ./value.o
                0x000023bc                Altera_Kp
 .text.Altera_Ki
                0x000023ec       0x30 ./value.o
                0x000023ec                Altera_Ki
 .text.Altera_Kd
                0x0000241c       0x30 ./value.o
                0x0000241c                Altera_Kd
 .text.Retorna_Kp
                0x0000244c       0x34 ./value.o
                0x0000244c                Retorna_Kp
 .text.Retorna_Ki
                0x00002480       0x34 ./value.o
                0x00002480                Retorna_Ki
 .text.Retorna_Kd
                0x000024b4       0x34 ./value.o
                0x000024b4                Retorna_Kd
 .text.Altera_timerMulti
                0x000024e8       0x24 ./value.o
                0x000024e8                Altera_timerMulti
 .text.Altera_timer1
                0x0000250c       0x24 ./value.o
                0x0000250c                Altera_timer1
 .text.Altera_timer2
                0x00002530       0x24 ./value.o
                0x00002530                Altera_timer2
 .text.Altera_ie1
                0x00002554       0x20 ./value.o
                0x00002554                Altera_ie1
 .text.Altera_e1
                0x00002574       0x20 ./value.o
                0x00002574                Altera_e1
 .text.Altera_ref1
                0x00002594       0x48 ./value.o
                0x00002594                Altera_ref1
 .text.Altera_ie2
                0x000025dc       0x20 ./value.o
                0x000025dc                Altera_ie2
 .text.Altera_e2
                0x000025fc       0x20 ./value.o
                0x000025fc                Altera_e2
 .text.Altera_ref2
                0x0000261c       0x48 ./value.o
                0x0000261c                Altera_ref2
 .text.Retorna_timerMulti
                0x00002664       0x18 ./value.o
                0x00002664                Retorna_timerMulti
 .text.Retorna_timer1
                0x0000267c       0x18 ./value.o
                0x0000267c                Retorna_timer1
 .text.Retorna_timer2
                0x00002694       0x18 ./value.o
                0x00002694                Retorna_timer2
 .text.Retorna_ref1
                0x000026ac       0x1c ./value.o
                0x000026ac                Retorna_ref1
 .text.Retorna_e1
                0x000026c8       0x1c ./value.o
                0x000026c8                Retorna_e1
 .text.Retorna_ie1
                0x000026e4       0x1c ./value.o
                0x000026e4                Retorna_ie1
 .text.Retorna_ref2
                0x00002700       0x1c ./value.o
                0x00002700                Retorna_ref2
 .text.Retorna_e2
                0x0000271c       0x1c ./value.o
                0x0000271c                Retorna_e2
 .text.Retorna_ie2
                0x00002738       0x1c ./value.o
                0x00002738                Retorna_ie2
 .text.Display_doInit
                0x00002754       0x2c C:/ti/simplelink_msp432p4_sdk_2_20_00_12/source\ti/display/lib/display.am4fg(Display.om4fg)
                0x00002754                Display_doInit
 .text.DisplayUartMin_init
                0x00002780        0x4 C:/ti/simplelink_msp432p4_sdk_2_20_00_12/source\ti/display/lib/display.am4fg(DisplayUart.om4fg)
                0x00002780                DisplayUartMin_init
 .text.DisplayUartMin_clearLines
                0x00002784        0x4 C:/ti/simplelink_msp432p4_sdk_2_20_00_12/source\ti/display/lib/display.am4fg(DisplayUart.om4fg)
                0x00002784                DisplayUartMin_clearLines
 .text.DisplayUartMin_control
                0x00002788        0x8 C:/ti/simplelink_msp432p4_sdk_2_20_00_12/source\ti/display/lib/display.am4fg(DisplayUart.om4fg)
                0x00002788                DisplayUartMin_control
 .text.DisplayUartMin_getType
                0x00002790        0x8 C:/ti/simplelink_msp432p4_sdk_2_20_00_12/source\ti/display/lib/display.am4fg(DisplayUart.om4fg)
                0x00002790                DisplayUartMin_getType
 .text.DisplayUartMin_open
                0x00002798       0x48 C:/ti/simplelink_msp432p4_sdk_2_20_00_12/source\ti/display/lib/display.am4fg(DisplayUart.om4fg)
                0x00002798                DisplayUartMin_open
 .text.DisplayUartMin_vprintf
                0x000027e0       0x4c C:/ti/simplelink_msp432p4_sdk_2_20_00_12/source\ti/display/lib/display.am4fg(DisplayUart.om4fg)
                0x000027e0                DisplayUartMin_vprintf
 .text.DisplayUartMin_close
                0x0000282c       0x18 C:/ti/simplelink_msp432p4_sdk_2_20_00_12/source\ti/display/lib/display.am4fg(DisplayUart.om4fg)
                0x0000282c                DisplayUartMin_close
 .text.DisplayUartMin_clear
                0x00002844        0x4 C:/ti/simplelink_msp432p4_sdk_2_20_00_12/source\ti/display/lib/display.am4fg(DisplayUart.om4fg)
                0x00002844                DisplayUartMin_clear
 .text.ADC_convert
                0x00002848        0x8 C:/ti/simplelink_msp432p4_sdk_2_20_00_12/source\ti/drivers/lib/drivers_msp432p401x.am4fg(ADC.om4fg)
                0x00002848                ADC_convert
 .text.ADC_init
                0x00002850       0x4c C:/ti/simplelink_msp432p4_sdk_2_20_00_12/source\ti/drivers/lib/drivers_msp432p401x.am4fg(ADC.om4fg)
                0x00002850                ADC_init
 .text.ADC_open
                0x0000289c       0x44 C:/ti/simplelink_msp432p4_sdk_2_20_00_12/source\ti/drivers/lib/drivers_msp432p401x.am4fg(ADC.om4fg)
                0x0000289c                ADC_open
 .text.ADC_Params_init
                0x000028e0        0xc C:/ti/simplelink_msp432p4_sdk_2_20_00_12/source\ti/drivers/lib/drivers_msp432p401x.am4fg(ADC.om4fg)
                0x000028e0                ADC_Params_init
 .text.ADCMSP432_control
                0x000028ec        0x8 C:/ti/simplelink_msp432p4_sdk_2_20_00_12/source\ti/drivers/lib/drivers_msp432p401x.am4fg(ADCMSP432.om4fg)
                0x000028ec                ADCMSP432_control
 .text.ADCMSP432_convertToMicroVolts
                0x000028f4       0xc4 C:/ti/simplelink_msp432p4_sdk_2_20_00_12/source\ti/drivers/lib/drivers_msp432p401x.am4fg(ADCMSP432.om4fg)
                0x000028f4                ADCMSP432_convertToMicroVolts
 .text.ADCMSP432_close
                0x000029b8       0x40 C:/ti/simplelink_msp432p4_sdk_2_20_00_12/source\ti/drivers/lib/drivers_msp432p401x.am4fg(ADCMSP432.om4fg)
                0x000029b8                ADCMSP432_close
 .text.ADCMSP432_convert
                0x000029f8      0x114 C:/ti/simplelink_msp432p4_sdk_2_20_00_12/source\ti/drivers/lib/drivers_msp432p401x.am4fg(ADCMSP432.om4fg)
                0x000029f8                ADCMSP432_convert
 .text.ADCMSP432_init
                0x00002b0c       0x34 C:/ti/simplelink_msp432p4_sdk_2_20_00_12/source\ti/drivers/lib/drivers_msp432p401x.am4fg(ADCMSP432.om4fg)
                0x00002b0c                ADCMSP432_init
 .text.ADCMSP432_open
                0x00002b40       0xe4 C:/ti/simplelink_msp432p4_sdk_2_20_00_12/source\ti/drivers/lib/drivers_msp432p401x.am4fg(ADCMSP432.om4fg)
                0x00002b40                ADCMSP432_open
 .text.GPIO_hwiIntFxn
                0x00002c24       0x64 C:/ti/simplelink_msp432p4_sdk_2_20_00_12/source\ti/drivers/lib/drivers_msp432p401x.am4fg(GPIOMSP432.om4fg)
                0x00002c24                GPIO_hwiIntFxn
 .text.GPIO_setCallback
                0x00002c88       0x68 C:/ti/simplelink_msp432p4_sdk_2_20_00_12/source\ti/drivers/lib/drivers_msp432p401x.am4fg(GPIOMSP432.om4fg)
                0x00002c88                GPIO_setCallback
 .text.GPIO_setConfig
                0x00002cf0      0x184 C:/ti/simplelink_msp432p4_sdk_2_20_00_12/source\ti/drivers/lib/drivers_msp432p401x.am4fg(GPIOMSP432.om4fg)
                0x00002cf0                GPIO_setConfig
 .text.GPIO_init
                0x00002e74       0xe0 C:/ti/simplelink_msp432p4_sdk_2_20_00_12/source\ti/drivers/lib/drivers_msp432p401x.am4fg(GPIOMSP432.om4fg)
                0x00002e74                GPIO_init
 .text.GPIO_write
                0x00002f54       0x64 C:/ti/simplelink_msp432p4_sdk_2_20_00_12/source\ti/drivers/lib/drivers_msp432p401x.am4fg(GPIOMSP432.om4fg)
                0x00002f54                GPIO_write
 .text.I2C_init
                0x00002fb8       0x4c C:/ti/simplelink_msp432p4_sdk_2_20_00_12/source\ti/drivers/lib/drivers_msp432p401x.am4fg(I2C.om4fg)
                0x00002fb8                I2C_init
 .text.I2C_open
                0x00003004       0x44 C:/ti/simplelink_msp432p4_sdk_2_20_00_12/source\ti/drivers/lib/drivers_msp432p401x.am4fg(I2C.om4fg)
                0x00003004                I2C_open
 .text.I2C_Params_init
                0x00003048        0xc C:/ti/simplelink_msp432p4_sdk_2_20_00_12/source\ti/drivers/lib/drivers_msp432p401x.am4fg(I2C.om4fg)
                0x00003048                I2C_Params_init
 .text.I2C_transfer
                0x00003054        0x8 C:/ti/simplelink_msp432p4_sdk_2_20_00_12/source\ti/drivers/lib/drivers_msp432p401x.am4fg(I2C.om4fg)
                0x00003054                I2C_transfer
 .text.I2CMSP432_control
                0x0000305c        0x8 C:/ti/simplelink_msp432p4_sdk_2_20_00_12/source\ti/drivers/lib/drivers_msp432p401x.am4fg(I2CMSP432.om4fg)
                0x0000305c                I2CMSP432_control
 .text.I2CMSP432_init
                0x00003064        0x4 C:/ti/simplelink_msp432p4_sdk_2_20_00_12/source\ti/drivers/lib/drivers_msp432p401x.am4fg(I2CMSP432.om4fg)
                0x00003064                I2CMSP432_init
 .text.I2CMSP432_close
                0x00003068       0x70 C:/ti/simplelink_msp432p4_sdk_2_20_00_12/source\ti/drivers/lib/drivers_msp432p401x.am4fg(I2CMSP432.om4fg)
                0x00003068                I2CMSP432_close
 .text.blockingTransferCallback
                0x000030d8        0x8 C:/ti/simplelink_msp432p4_sdk_2_20_00_12/source\ti/drivers/lib/drivers_msp432p401x.am4fg(I2CMSP432.om4fg)
 .text.initHw.isra.0
                0x000030e0       0x6c C:/ti/simplelink_msp432p4_sdk_2_20_00_12/source\ti/drivers/lib/drivers_msp432p401x.am4fg(I2CMSP432.om4fg)
 .text.perfChangeNotifyFxn
                0x0000314c       0x48 C:/ti/simplelink_msp432p4_sdk_2_20_00_12/source\ti/drivers/lib/drivers_msp432p401x.am4fg(I2CMSP432.om4fg)
 .text.I2CMSP432_cancel
                0x00003194       0xac C:/ti/simplelink_msp432p4_sdk_2_20_00_12/source\ti/drivers/lib/drivers_msp432p401x.am4fg(I2CMSP432.om4fg)
                0x00003194                I2CMSP432_cancel
 .text.I2CMSP432_open
                0x00003240      0x254 C:/ti/simplelink_msp432p4_sdk_2_20_00_12/source\ti/drivers/lib/drivers_msp432p401x.am4fg(I2CMSP432.om4fg)
                0x00003240                I2CMSP432_open
 .text.primeTransfer.isra.1
                0x00003494       0x80 C:/ti/simplelink_msp432p4_sdk_2_20_00_12/source\ti/drivers/lib/drivers_msp432p401x.am4fg(I2CMSP432.om4fg)
 .text.completeTransfer
                0x00003514       0x48 C:/ti/simplelink_msp432p4_sdk_2_20_00_12/source\ti/drivers/lib/drivers_msp432p401x.am4fg(I2CMSP432.om4fg)
 .text.I2CMSP432_hwiIntFxn
                0x0000355c      0x174 C:/ti/simplelink_msp432p4_sdk_2_20_00_12/source\ti/drivers/lib/drivers_msp432p401x.am4fg(I2CMSP432.om4fg)
                0x0000355c                I2CMSP432_hwiIntFxn
 .text.I2CMSP432_transfer
                0x000036d0       0xa0 C:/ti/simplelink_msp432p4_sdk_2_20_00_12/source\ti/drivers/lib/drivers_msp432p401x.am4fg(I2CMSP432.om4fg)
                0x000036d0                I2CMSP432_transfer
 .text.notify   0x00003770       0x34 C:/ti/simplelink_msp432p4_sdk_2_20_00_12/source\ti/drivers/lib/drivers_msp432p401x.am4fg(PowerMSP432.om4fg)
 .text.restartHFXT
                0x000037a4       0x88 C:/ti/simplelink_msp432p4_sdk_2_20_00_12/source\ti/drivers/lib/drivers_msp432p401x.am4fg(PowerMSP432.om4fg)
 .text.Power_getConstraintMask
                0x0000382c        0xc C:/ti/simplelink_msp432p4_sdk_2_20_00_12/source\ti/drivers/lib/drivers_msp432p401x.am4fg(PowerMSP432.om4fg)
                0x0000382c                Power_getConstraintMask
 .text.Power_getPerformanceLevel
                0x00003838        0xc C:/ti/simplelink_msp432p4_sdk_2_20_00_12/source\ti/drivers/lib/drivers_msp432p401x.am4fg(PowerMSP432.om4fg)
                0x00003838                Power_getPerformanceLevel
 .text.Power_idleFunc
                0x00003844       0x14 C:/ti/simplelink_msp432p4_sdk_2_20_00_12/source\ti/drivers/lib/drivers_msp432p401x.am4fg(PowerMSP432.om4fg)
                0x00003844                Power_idleFunc
 .text.Power_init
                0x00003858      0x34c C:/ti/simplelink_msp432p4_sdk_2_20_00_12/source\ti/drivers/lib/drivers_msp432p401x.am4fg(PowerMSP432.om4fg)
                0x00003858                Power_init
 .text.Power_registerNotify
                0x00003ba4       0x24 C:/ti/simplelink_msp432p4_sdk_2_20_00_12/source\ti/drivers/lib/drivers_msp432p401x.am4fg(PowerMSP432.om4fg)
                0x00003ba4                Power_registerNotify
 .text.Power_releaseConstraint
                0x00003bc8       0x48 C:/ti/simplelink_msp432p4_sdk_2_20_00_12/source\ti/drivers/lib/drivers_msp432p401x.am4fg(PowerMSP432.om4fg)
                0x00003bc8                Power_releaseConstraint
 .text.Power_setConstraint
                0x00003c10       0x34 C:/ti/simplelink_msp432p4_sdk_2_20_00_12/source\ti/drivers/lib/drivers_msp432p401x.am4fg(PowerMSP432.om4fg)
                0x00003c10                Power_setConstraint
 .text.Power_sleep
                0x00003c44      0x400 C:/ti/simplelink_msp432p4_sdk_2_20_00_12/source\ti/drivers/lib/drivers_msp432p401x.am4fg(PowerMSP432.om4fg)
                0x00003c44                Power_sleep
 .text.Power_unregisterNotify
                0x00004044       0x20 C:/ti/simplelink_msp432p4_sdk_2_20_00_12/source\ti/drivers/lib/drivers_msp432p401x.am4fg(PowerMSP432.om4fg)
                0x00004044                Power_unregisterNotify
 .text.PowerMSP432_getFreqs
                0x00004064       0x54 C:/ti/simplelink_msp432p4_sdk_2_20_00_12/source\ti/drivers/lib/drivers_msp432p401x.am4fg(PowerMSP432.om4fg)
                0x00004064                PowerMSP432_getFreqs
 .text.PowerMSP432_getNumPerfLevels
                0x000040b8        0xc C:/ti/simplelink_msp432p4_sdk_2_20_00_12/source\ti/drivers/lib/drivers_msp432p401x.am4fg(PowerMSP432.om4fg)
                0x000040b8                PowerMSP432_getNumPerfLevels
 .text.UART_close
                0x000040c4        0x8 C:/ti/simplelink_msp432p4_sdk_2_20_00_12/source\ti/drivers/lib/drivers_msp432p401x.am4fg(UART.om4fg)
                0x000040c4                UART_close
 .text.UART_control
                0x000040cc        0x8 C:/ti/simplelink_msp432p4_sdk_2_20_00_12/source\ti/drivers/lib/drivers_msp432p401x.am4fg(UART.om4fg)
                0x000040cc                UART_control
 .text.UART_init
                0x000040d4       0x4c C:/ti/simplelink_msp432p4_sdk_2_20_00_12/source\ti/drivers/lib/drivers_msp432p401x.am4fg(UART.om4fg)
                0x000040d4                UART_init
 .text.UART_open
                0x00004120       0x44 C:/ti/simplelink_msp432p4_sdk_2_20_00_12/source\ti/drivers/lib/drivers_msp432p401x.am4fg(UART.om4fg)
                0x00004120                UART_open
 .text.UART_Params_init
                0x00004164       0x1c C:/ti/simplelink_msp432p4_sdk_2_20_00_12/source\ti/drivers/lib/drivers_msp432p401x.am4fg(UART.om4fg)
                0x00004164                UART_Params_init
 .text.UART_read
                0x00004180        0x8 C:/ti/simplelink_msp432p4_sdk_2_20_00_12/source\ti/drivers/lib/drivers_msp432p401x.am4fg(UART.om4fg)
                0x00004180                UART_read
 .text.UART_write
                0x00004188        0x8 C:/ti/simplelink_msp432p4_sdk_2_20_00_12/source\ti/drivers/lib/drivers_msp432p401x.am4fg(UART.om4fg)
                0x00004188                UART_write
 .text.initHw   0x00004190       0xbc C:/ti/simplelink_msp432p4_sdk_2_20_00_12/source\ti/drivers/lib/drivers_msp432p401x.am4fg(UARTMSP432.om4fg)
 .text.UARTMSP432_init
                0x0000424c        0x4 C:/ti/simplelink_msp432p4_sdk_2_20_00_12/source\ti/drivers/lib/drivers_msp432p401x.am4fg(UARTMSP432.om4fg)
                0x0000424c                UARTMSP432_init
 .text.UARTMSP432_close
                0x00004250       0x94 C:/ti/simplelink_msp432p4_sdk_2_20_00_12/source\ti/drivers/lib/drivers_msp432p401x.am4fg(UARTMSP432.om4fg)
                0x00004250                UARTMSP432_close
 .text.UARTMSP432_control
                0x000042e4       0xbc C:/ti/simplelink_msp432p4_sdk_2_20_00_12/source\ti/drivers/lib/drivers_msp432p401x.am4fg(UARTMSP432.om4fg)
                0x000042e4                UARTMSP432_control
 .text.UARTMSP432_writePolling
                0x000043a0       0xb0 C:/ti/simplelink_msp432p4_sdk_2_20_00_12/source\ti/drivers/lib/drivers_msp432p401x.am4fg(UARTMSP432.om4fg)
                0x000043a0                UARTMSP432_writePolling
 .text.UARTMSP432_read
                0x00004450       0x40 C:/ti/simplelink_msp432p4_sdk_2_20_00_12/source\ti/drivers/lib/drivers_msp432p401x.am4fg(UARTMSP432.om4fg)
                0x00004450                UARTMSP432_read
 .text.UARTMSP432_readCancel
                0x00004490       0x38 C:/ti/simplelink_msp432p4_sdk_2_20_00_12/source\ti/drivers/lib/drivers_msp432p401x.am4fg(UARTMSP432.om4fg)
                0x00004490                UARTMSP432_readCancel
 .text.UARTMSP432_writeCancel
                0x000044c8       0x60 C:/ti/simplelink_msp432p4_sdk_2_20_00_12/source\ti/drivers/lib/drivers_msp432p401x.am4fg(UARTMSP432.om4fg)
                0x000044c8                UARTMSP432_writeCancel
 .text.perfChangeNotifyFxn
                0x00004528       0x40 C:/ti/simplelink_msp432p4_sdk_2_20_00_12/source\ti/drivers/lib/drivers_msp432p401x.am4fg(UARTMSP432.om4fg)
 .text.UARTMSP432_open
                0x00004568      0x36c C:/ti/simplelink_msp432p4_sdk_2_20_00_12/source\ti/drivers/lib/drivers_msp432p401x.am4fg(UARTMSP432.om4fg)
                0x00004568                UARTMSP432_open
 .text.readIsrTextBlocking
                0x000048d4       0x8c C:/ti/simplelink_msp432p4_sdk_2_20_00_12/source\ti/drivers/lib/drivers_msp432p401x.am4fg(UARTMSP432.om4fg)
 .text.readIsrBinaryBlocking
                0x00004960       0x58 C:/ti/simplelink_msp432p4_sdk_2_20_00_12/source\ti/drivers/lib/drivers_msp432p401x.am4fg(UARTMSP432.om4fg)
 .text.readTaskCallback
                0x000049b8       0xb8 C:/ti/simplelink_msp432p4_sdk_2_20_00_12/source\ti/drivers/lib/drivers_msp432p401x.am4fg(UARTMSP432.om4fg)
 .text.readIsrTextCallback
                0x00004a70       0x98 C:/ti/simplelink_msp432p4_sdk_2_20_00_12/source\ti/drivers/lib/drivers_msp432p401x.am4fg(UARTMSP432.om4fg)
 .text.readIsrBinaryCallback
                0x00004b08       0x50 C:/ti/simplelink_msp432p4_sdk_2_20_00_12/source\ti/drivers/lib/drivers_msp432p401x.am4fg(UARTMSP432.om4fg)
 .text.UARTMSP432_readPolling
                0x00004b58       0xd8 C:/ti/simplelink_msp432p4_sdk_2_20_00_12/source\ti/drivers/lib/drivers_msp432p401x.am4fg(UARTMSP432.om4fg)
                0x00004b58                UARTMSP432_readPolling
 .text.UARTMSP432_write
                0x00004c30       0x90 C:/ti/simplelink_msp432p4_sdk_2_20_00_12/source\ti/drivers/lib/drivers_msp432p401x.am4fg(UARTMSP432.om4fg)
                0x00004c30                UARTMSP432_write
 .text.readTaskBlocking
                0x00004cc0       0xb0 C:/ti/simplelink_msp432p4_sdk_2_20_00_12/source\ti/drivers/lib/drivers_msp432p401x.am4fg(UARTMSP432.om4fg)
 .text.readBlockingTimeout
                0x00004d70       0x10 C:/ti/simplelink_msp432p4_sdk_2_20_00_12/source\ti/drivers/lib/drivers_msp432p401x.am4fg(UARTMSP432.om4fg)
 .text.readSemCallback
                0x00004d80        0x8 C:/ti/simplelink_msp432p4_sdk_2_20_00_12/source\ti/drivers/lib/drivers_msp432p401x.am4fg(UARTMSP432.om4fg)
 .text.writeSemCallback
                0x00004d88        0x8 C:/ti/simplelink_msp432p4_sdk_2_20_00_12/source\ti/drivers/lib/drivers_msp432p401x.am4fg(UARTMSP432.om4fg)
 .text.UARTMSP432_hwiIntFxn
                0x00004d90      0x13c C:/ti/simplelink_msp432p4_sdk_2_20_00_12/source\ti/drivers/lib/drivers_msp432p401x.am4fg(UARTMSP432.om4fg)
                0x00004d90                UARTMSP432_hwiIntFxn
 .text.List_put
                0x00004ecc       0x2c C:/ti/simplelink_msp432p4_sdk_2_20_00_12/source\ti/drivers/lib/drivers_msp432p401x.am4fg(List.om4fg)
                0x00004ecc                List_put
 .text.List_remove
                0x00004ef8       0x30 C:/ti/simplelink_msp432p4_sdk_2_20_00_12/source\ti/drivers/lib/drivers_msp432p401x.am4fg(List.om4fg)
                0x00004ef8                List_remove
 .text.RingBuf_construct
                0x00004f28       0x18 C:/ti/simplelink_msp432p4_sdk_2_20_00_12/source\ti/drivers/lib/drivers_msp432p401x.am4fg(RingBuf.om4fg)
                0x00004f28                RingBuf_construct
 .text.RingBuf_get
                0x00004f40       0x40 C:/ti/simplelink_msp432p4_sdk_2_20_00_12/source\ti/drivers/lib/drivers_msp432p401x.am4fg(RingBuf.om4fg)
                0x00004f40                RingBuf_get
 .text.RingBuf_peek
                0x00004f80       0x1c C:/ti/simplelink_msp432p4_sdk_2_20_00_12/source\ti/drivers/lib/drivers_msp432p401x.am4fg(RingBuf.om4fg)
                0x00004f80                RingBuf_peek
 .text.RingBuf_put
                0x00004f9c       0x48 C:/ti/simplelink_msp432p4_sdk_2_20_00_12/source\ti/drivers/lib/drivers_msp432p401x.am4fg(RingBuf.om4fg)
                0x00004f9c                RingBuf_put
 .text.ClockP_callbackFxn
                0x00004fe4       0x4a C:/Users/jfeli/workspace_v8/freertos_builds_MSP_EXP432P401R_release_gcc/Debug\libfreertos_builds_MSP_EXP432P401R_release_gcc.a(ClockP_freertos.o)
                0x00004fe4                ClockP_callbackFxn
 *fill*         0x0000502e        0x2 
 .text.ClockP_create
                0x00005030       0xb8 C:/Users/jfeli/workspace_v8/freertos_builds_MSP_EXP432P401R_release_gcc/Debug\libfreertos_builds_MSP_EXP432P401R_release_gcc.a(ClockP_freertos.o)
                0x00005030                ClockP_create
 .text.ClockP_delete
                0x000050e8       0x54 C:/Users/jfeli/workspace_v8/freertos_builds_MSP_EXP432P401R_release_gcc/Debug\libfreertos_builds_MSP_EXP432P401R_release_gcc.a(ClockP_freertos.o)
                0x000050e8                ClockP_delete
 .text.ClockP_Params_init
                0x0000513c       0x26 C:/Users/jfeli/workspace_v8/freertos_builds_MSP_EXP432P401R_release_gcc/Debug\libfreertos_builds_MSP_EXP432P401R_release_gcc.a(ClockP_freertos.o)
                0x0000513c                ClockP_Params_init
 .text.ClockP_setTimeout
                0x00005162       0x20 C:/Users/jfeli/workspace_v8/freertos_builds_MSP_EXP432P401R_release_gcc/Debug\libfreertos_builds_MSP_EXP432P401R_release_gcc.a(ClockP_freertos.o)
                0x00005162                ClockP_setTimeout
 .text.ClockP_start
                0x00005182       0x24 C:/Users/jfeli/workspace_v8/freertos_builds_MSP_EXP432P401R_release_gcc/Debug\libfreertos_builds_MSP_EXP432P401R_release_gcc.a(ClockP_freertos.o)
                0x00005182                ClockP_start
 *fill*         0x000051a6        0x2 
 .text.ClockP_stop
                0x000051a8       0x70 C:/Users/jfeli/workspace_v8/freertos_builds_MSP_EXP432P401R_release_gcc/Debug\libfreertos_builds_MSP_EXP432P401R_release_gcc.a(ClockP_freertos.o)
                0x000051a8                ClockP_stop
 .text.setClockObjTimeout
                0x00005218       0x7c C:/Users/jfeli/workspace_v8/freertos_builds_MSP_EXP432P401R_release_gcc/Debug\libfreertos_builds_MSP_EXP432P401R_release_gcc.a(ClockP_freertos.o)
 .text.HwiP_disable
                0x00005294       0x34 C:/Users/jfeli/workspace_v8/freertos_builds_MSP_EXP432P401R_release_gcc/Debug\libfreertos_builds_MSP_EXP432P401R_release_gcc.a(HwiPMSP432_freertos.o)
                0x00005294                HwiP_disable
 .text.HwiP_restore
                0x000052c8       0x2c C:/Users/jfeli/workspace_v8/freertos_builds_MSP_EXP432P401R_release_gcc/Debug\libfreertos_builds_MSP_EXP432P401R_release_gcc.a(HwiPMSP432_freertos.o)
                0x000052c8                HwiP_restore
 .text.HwiP_delete
                0x000052f4       0x20 C:/Users/jfeli/workspace_v8/freertos_builds_MSP_EXP432P401R_release_gcc/Debug\libfreertos_builds_MSP_EXP432P401R_release_gcc.a(HwiPMSP432_freertos.o)
                0x000052f4                HwiP_delete
 .text.HwiP_dispatch
                0x00005314       0x58 C:/Users/jfeli/workspace_v8/freertos_builds_MSP_EXP432P401R_release_gcc/Debug\libfreertos_builds_MSP_EXP432P401R_release_gcc.a(HwiPMSP432_freertos.o)
                0x00005314                HwiP_dispatch
 .text.HwiP_create
                0x0000536c       0x78 C:/Users/jfeli/workspace_v8/freertos_builds_MSP_EXP432P401R_release_gcc/Debug\libfreertos_builds_MSP_EXP432P401R_release_gcc.a(HwiPMSP432_freertos.o)
                0x0000536c                HwiP_create
 .text.HwiP_inISR
                0x000053e4       0x2c C:/Users/jfeli/workspace_v8/freertos_builds_MSP_EXP432P401R_release_gcc/Debug\libfreertos_builds_MSP_EXP432P401R_release_gcc.a(HwiPMSP432_freertos.o)
                0x000053e4                HwiP_inISR
 .text.HwiP_Params_init
                0x00005410       0x28 C:/Users/jfeli/workspace_v8/freertos_builds_MSP_EXP432P401R_release_gcc/Debug\libfreertos_builds_MSP_EXP432P401R_release_gcc.a(HwiPMSP432_freertos.o)
                0x00005410                HwiP_Params_init
 .text.PowerMSP432_sleepPolicy
                0x00005438       0x4a C:/Users/jfeli/workspace_v8/freertos_builds_MSP_EXP432P401R_release_gcc/Debug\libfreertos_builds_MSP_EXP432P401R_release_gcc.a(PowerMSP432_freertos.o)
                0x00005438                PowerMSP432_sleepPolicy
 .text.PowerMSP432_initPolicy
                0x00005482        0xe C:/Users/jfeli/workspace_v8/freertos_builds_MSP_EXP432P401R_release_gcc/Debug\libfreertos_builds_MSP_EXP432P401R_release_gcc.a(PowerMSP432_freertos.o)
                0x00005482                PowerMSP432_initPolicy
 .text.PowerMSP432_updateFreqs
                0x00005490       0x14 C:/Users/jfeli/workspace_v8/freertos_builds_MSP_EXP432P401R_release_gcc/Debug\libfreertos_builds_MSP_EXP432P401R_release_gcc.a(PowerMSP432_freertos.o)
                0x00005490                PowerMSP432_updateFreqs
 .text.vPortSuppressTicksAndSleep
                0x000054a4       0x14 C:/Users/jfeli/workspace_v8/freertos_builds_MSP_EXP432P401R_release_gcc/Debug\libfreertos_builds_MSP_EXP432P401R_release_gcc.a(PowerMSP432_freertos.o)
                0x000054a4                vPortSuppressTicksAndSleep
 .text.SemaphoreP_create
                0x000054b8       0x64 C:/Users/jfeli/workspace_v8/freertos_builds_MSP_EXP432P401R_release_gcc/Debug\libfreertos_builds_MSP_EXP432P401R_release_gcc.a(SemaphoreP_freertos.o)
                0x000054b8                SemaphoreP_create
 .text.SemaphoreP_createBinary
                0x0000551c       0x3a C:/Users/jfeli/workspace_v8/freertos_builds_MSP_EXP432P401R_release_gcc/Debug\libfreertos_builds_MSP_EXP432P401R_release_gcc.a(SemaphoreP_freertos.o)
                0x0000551c                SemaphoreP_createBinary
 .text.SemaphoreP_delete
                0x00005556       0x16 C:/Users/jfeli/workspace_v8/freertos_builds_MSP_EXP432P401R_release_gcc/Debug\libfreertos_builds_MSP_EXP432P401R_release_gcc.a(SemaphoreP_freertos.o)
                0x00005556                SemaphoreP_delete
 .text.SemaphoreP_Params_init
                0x0000556c       0x20 C:/Users/jfeli/workspace_v8/freertos_builds_MSP_EXP432P401R_release_gcc/Debug\libfreertos_builds_MSP_EXP432P401R_release_gcc.a(SemaphoreP_freertos.o)
                0x0000556c                SemaphoreP_Params_init
 .text.SemaphoreP_pend
                0x0000558c       0x2a C:/Users/jfeli/workspace_v8/freertos_builds_MSP_EXP432P401R_release_gcc/Debug\libfreertos_builds_MSP_EXP432P401R_release_gcc.a(SemaphoreP_freertos.o)
                0x0000558c                SemaphoreP_pend
 .text.SemaphoreP_post
                0x000055b6       0x3a C:/Users/jfeli/workspace_v8/freertos_builds_MSP_EXP432P401R_release_gcc/Debug\libfreertos_builds_MSP_EXP432P401R_release_gcc.a(SemaphoreP_freertos.o)
                0x000055b6                SemaphoreP_post
 .text.SystemP_vsnprintf
                0x000055f0       0x26 C:/Users/jfeli/workspace_v8/freertos_builds_MSP_EXP432P401R_release_gcc/Debug\libfreertos_builds_MSP_EXP432P401R_release_gcc.a(SystemP_freertos.o)
                0x000055f0                SystemP_vsnprintf
 *fill*         0x00005616        0x2 
 .text.doPrint  0x00005618      0x4cc C:/Users/jfeli/workspace_v8/freertos_builds_MSP_EXP432P401R_release_gcc/Debug\libfreertos_builds_MSP_EXP432P401R_release_gcc.a(SystemP_freertos.o)
 .text.formatNum
                0x00005ae4       0xb0 C:/Users/jfeli/workspace_v8/freertos_builds_MSP_EXP432P401R_release_gcc/Debug\libfreertos_builds_MSP_EXP432P401R_release_gcc.a(SystemP_freertos.o)
 .text.putChar  0x00005b94       0x3c C:/Users/jfeli/workspace_v8/freertos_builds_MSP_EXP432P401R_release_gcc/Debug\libfreertos_builds_MSP_EXP432P401R_release_gcc.a(SystemP_freertos.o)
 .text.pvPortMalloc
                0x00005bd0      0x18c C:/Users/jfeli/workspace_v8/freertos_builds_MSP_EXP432P401R_release_gcc/Debug\libfreertos_builds_MSP_EXP432P401R_release_gcc.a(heap_4.o)
                0x00005bd0                pvPortMalloc
 .text.vPortFree
                0x00005d5c       0xb0 C:/Users/jfeli/workspace_v8/freertos_builds_MSP_EXP432P401R_release_gcc/Debug\libfreertos_builds_MSP_EXP432P401R_release_gcc.a(heap_4.o)
                0x00005d5c                vPortFree
 .text.prvHeapInit
                0x00005e0c       0xc4 C:/Users/jfeli/workspace_v8/freertos_builds_MSP_EXP432P401R_release_gcc/Debug\libfreertos_builds_MSP_EXP432P401R_release_gcc.a(heap_4.o)
 .text.prvInsertBlockIntoFreeList
                0x00005ed0       0xb4 C:/Users/jfeli/workspace_v8/freertos_builds_MSP_EXP432P401R_release_gcc/Debug\libfreertos_builds_MSP_EXP432P401R_release_gcc.a(heap_4.o)
 .text.xQueueGenericReset
                0x00005f84       0xd0 C:/Users/jfeli/workspace_v8/freertos_builds_MSP_EXP432P401R_release_gcc/Debug\libfreertos_builds_MSP_EXP432P401R_release_gcc.a(queue.o)
                0x00005f84                xQueueGenericReset
 .text.xQueueGenericCreate
                0x00006054       0x72 C:/Users/jfeli/workspace_v8/freertos_builds_MSP_EXP432P401R_release_gcc/Debug\libfreertos_builds_MSP_EXP432P401R_release_gcc.a(queue.o)
                0x00006054                xQueueGenericCreate
 .text.prvInitialiseNewQueue
                0x000060c6       0x46 C:/Users/jfeli/workspace_v8/freertos_builds_MSP_EXP432P401R_release_gcc/Debug\libfreertos_builds_MSP_EXP432P401R_release_gcc.a(queue.o)
 .text.prvInitialiseMutex
                0x0000610c       0x34 C:/Users/jfeli/workspace_v8/freertos_builds_MSP_EXP432P401R_release_gcc/Debug\libfreertos_builds_MSP_EXP432P401R_release_gcc.a(queue.o)
 .text.xQueueCreateMutex
                0x00006140       0x30 C:/Users/jfeli/workspace_v8/freertos_builds_MSP_EXP432P401R_release_gcc/Debug\libfreertos_builds_MSP_EXP432P401R_release_gcc.a(queue.o)
                0x00006140                xQueueCreateMutex
 .text.xQueueCreateCountingSemaphore
                0x00006170       0x62 C:/Users/jfeli/workspace_v8/freertos_builds_MSP_EXP432P401R_release_gcc/Debug\libfreertos_builds_MSP_EXP432P401R_release_gcc.a(queue.o)
                0x00006170                xQueueCreateCountingSemaphore
 *fill*         0x000061d2        0x2 
 .text.xQueueGenericSend
                0x000061d4      0x1f4 C:/Users/jfeli/workspace_v8/freertos_builds_MSP_EXP432P401R_release_gcc/Debug\libfreertos_builds_MSP_EXP432P401R_release_gcc.a(queue.o)
                0x000061d4                xQueueGenericSend
 .text.xQueueGenericSendFromISR
                0x000063c8      0x128 C:/Users/jfeli/workspace_v8/freertos_builds_MSP_EXP432P401R_release_gcc/Debug\libfreertos_builds_MSP_EXP432P401R_release_gcc.a(queue.o)
                0x000063c8                xQueueGenericSendFromISR
 .text.xQueueGiveFromISR
                0x000064f0      0x112 C:/Users/jfeli/workspace_v8/freertos_builds_MSP_EXP432P401R_release_gcc/Debug\libfreertos_builds_MSP_EXP432P401R_release_gcc.a(queue.o)
                0x000064f0                xQueueGiveFromISR
 *fill*         0x00006602        0x2 
 .text.xQueueReceive
                0x00006604      0x1b8 C:/Users/jfeli/workspace_v8/freertos_builds_MSP_EXP432P401R_release_gcc/Debug\libfreertos_builds_MSP_EXP432P401R_release_gcc.a(queue.o)
                0x00006604                xQueueReceive
 .text.xQueueSemaphoreTake
                0x000067bc      0x210 C:/Users/jfeli/workspace_v8/freertos_builds_MSP_EXP432P401R_release_gcc/Debug\libfreertos_builds_MSP_EXP432P401R_release_gcc.a(queue.o)
                0x000067bc                xQueueSemaphoreTake
 .text.vQueueDelete
                0x000069cc       0x34 C:/Users/jfeli/workspace_v8/freertos_builds_MSP_EXP432P401R_release_gcc/Debug\libfreertos_builds_MSP_EXP432P401R_release_gcc.a(queue.o)
                0x000069cc                vQueueDelete
 .text.prvGetDisinheritPriorityAfterTimeout
                0x00006a00       0x30 C:/Users/jfeli/workspace_v8/freertos_builds_MSP_EXP432P401R_release_gcc/Debug\libfreertos_builds_MSP_EXP432P401R_release_gcc.a(queue.o)
 .text.prvCopyDataToQueue
                0x00006a30       0xd4 C:/Users/jfeli/workspace_v8/freertos_builds_MSP_EXP432P401R_release_gcc/Debug\libfreertos_builds_MSP_EXP432P401R_release_gcc.a(queue.o)
 .text.prvCopyDataFromQueue
                0x00006b04       0x4c C:/Users/jfeli/workspace_v8/freertos_builds_MSP_EXP432P401R_release_gcc/Debug\libfreertos_builds_MSP_EXP432P401R_release_gcc.a(queue.o)
 .text.prvUnlockQueue
                0x00006b50       0xa4 C:/Users/jfeli/workspace_v8/freertos_builds_MSP_EXP432P401R_release_gcc/Debug\libfreertos_builds_MSP_EXP432P401R_release_gcc.a(queue.o)
 .text.prvIsQueueEmpty
                0x00006bf4       0x2c C:/Users/jfeli/workspace_v8/freertos_builds_MSP_EXP432P401R_release_gcc/Debug\libfreertos_builds_MSP_EXP432P401R_release_gcc.a(queue.o)
 .text.prvIsQueueFull
                0x00006c20       0x30 C:/Users/jfeli/workspace_v8/freertos_builds_MSP_EXP432P401R_release_gcc/Debug\libfreertos_builds_MSP_EXP432P401R_release_gcc.a(queue.o)
 .text.vQueueWaitForMessageRestricted
                0x00006c50       0x68 C:/Users/jfeli/workspace_v8/freertos_builds_MSP_EXP432P401R_release_gcc/Debug\libfreertos_builds_MSP_EXP432P401R_release_gcc.a(queue.o)
                0x00006c50                vQueueWaitForMessageRestricted
 .text.xTaskCreate
                0x00006cb8       0x82 C:/Users/jfeli/workspace_v8/freertos_builds_MSP_EXP432P401R_release_gcc/Debug\libfreertos_builds_MSP_EXP432P401R_release_gcc.a(tasks.o)
                0x00006cb8                xTaskCreate
 *fill*         0x00006d3a        0x2 
 .text.prvInitialiseNewTask
                0x00006d3c      0x140 C:/Users/jfeli/workspace_v8/freertos_builds_MSP_EXP432P401R_release_gcc/Debug\libfreertos_builds_MSP_EXP432P401R_release_gcc.a(tasks.o)
 .text.prvAddNewTaskToReadyList
                0x00006e7c       0xdc C:/Users/jfeli/workspace_v8/freertos_builds_MSP_EXP432P401R_release_gcc/Debug\libfreertos_builds_MSP_EXP432P401R_release_gcc.a(tasks.o)
 .text.vTaskDelayUntil
                0x00006f58       0xf4 C:/Users/jfeli/workspace_v8/freertos_builds_MSP_EXP432P401R_release_gcc/Debug\libfreertos_builds_MSP_EXP432P401R_release_gcc.a(tasks.o)
                0x00006f58                vTaskDelayUntil
 .text.vTaskSuspend
                0x0000704c      0x124 C:/Users/jfeli/workspace_v8/freertos_builds_MSP_EXP432P401R_release_gcc/Debug\libfreertos_builds_MSP_EXP432P401R_release_gcc.a(tasks.o)
                0x0000704c                vTaskSuspend
 .text.prvTaskIsTaskSuspended
                0x00007170       0x74 C:/Users/jfeli/workspace_v8/freertos_builds_MSP_EXP432P401R_release_gcc/Debug\libfreertos_builds_MSP_EXP432P401R_release_gcc.a(tasks.o)
 .text.vTaskResume
                0x000071e4       0xb8 C:/Users/jfeli/workspace_v8/freertos_builds_MSP_EXP432P401R_release_gcc/Debug\libfreertos_builds_MSP_EXP432P401R_release_gcc.a(tasks.o)
                0x000071e4                vTaskResume
 .text.vTaskStartScheduler
                0x0000729c       0xac C:/Users/jfeli/workspace_v8/freertos_builds_MSP_EXP432P401R_release_gcc/Debug\libfreertos_builds_MSP_EXP432P401R_release_gcc.a(tasks.o)
                0x0000729c                vTaskStartScheduler
 .text.vTaskSuspendAll
                0x00007348       0x1c C:/Users/jfeli/workspace_v8/freertos_builds_MSP_EXP432P401R_release_gcc/Debug\libfreertos_builds_MSP_EXP432P401R_release_gcc.a(tasks.o)
                0x00007348                vTaskSuspendAll
 .text.prvGetExpectedIdleTime
                0x00007364       0x74 C:/Users/jfeli/workspace_v8/freertos_builds_MSP_EXP432P401R_release_gcc/Debug\libfreertos_builds_MSP_EXP432P401R_release_gcc.a(tasks.o)
 .text.xTaskResumeAll
                0x000073d8      0x138 C:/Users/jfeli/workspace_v8/freertos_builds_MSP_EXP432P401R_release_gcc/Debug\libfreertos_builds_MSP_EXP432P401R_release_gcc.a(tasks.o)
                0x000073d8                xTaskResumeAll
 .text.xTaskGetTickCount
                0x00007510       0x20 C:/Users/jfeli/workspace_v8/freertos_builds_MSP_EXP432P401R_release_gcc/Debug\libfreertos_builds_MSP_EXP432P401R_release_gcc.a(tasks.o)
                0x00007510                xTaskGetTickCount
 .text.xTaskIncrementTick
                0x00007530      0x158 C:/Users/jfeli/workspace_v8/freertos_builds_MSP_EXP432P401R_release_gcc/Debug\libfreertos_builds_MSP_EXP432P401R_release_gcc.a(tasks.o)
                0x00007530                xTaskIncrementTick
 .text.vTaskSwitchContext
                0x00007688      0x10c C:/Users/jfeli/workspace_v8/freertos_builds_MSP_EXP432P401R_release_gcc/Debug\libfreertos_builds_MSP_EXP432P401R_release_gcc.a(tasks.o)
                0x00007688                vTaskSwitchContext
 .text.vTaskPlaceOnEventList
                0x00007794       0x48 C:/Users/jfeli/workspace_v8/freertos_builds_MSP_EXP432P401R_release_gcc/Debug\libfreertos_builds_MSP_EXP432P401R_release_gcc.a(tasks.o)
                0x00007794                vTaskPlaceOnEventList
 .text.vTaskPlaceOnEventListRestricted
                0x000077dc       0x54 C:/Users/jfeli/workspace_v8/freertos_builds_MSP_EXP432P401R_release_gcc/Debug\libfreertos_builds_MSP_EXP432P401R_release_gcc.a(tasks.o)
                0x000077dc                vTaskPlaceOnEventListRestricted
 .text.xTaskRemoveFromEventList
                0x00007830       0xc8 C:/Users/jfeli/workspace_v8/freertos_builds_MSP_EXP432P401R_release_gcc/Debug\libfreertos_builds_MSP_EXP432P401R_release_gcc.a(tasks.o)
                0x00007830                xTaskRemoveFromEventList
 .text.vTaskInternalSetTimeOutState
                0x000078f8       0x2c C:/Users/jfeli/workspace_v8/freertos_builds_MSP_EXP432P401R_release_gcc/Debug\libfreertos_builds_MSP_EXP432P401R_release_gcc.a(tasks.o)
                0x000078f8                vTaskInternalSetTimeOutState
 .text.xTaskCheckForTimeOut
                0x00007924       0xc0 C:/Users/jfeli/workspace_v8/freertos_builds_MSP_EXP432P401R_release_gcc/Debug\libfreertos_builds_MSP_EXP432P401R_release_gcc.a(tasks.o)
                0x00007924                xTaskCheckForTimeOut
 .text.vTaskMissedYield
                0x000079e4       0x18 C:/Users/jfeli/workspace_v8/freertos_builds_MSP_EXP432P401R_release_gcc/Debug\libfreertos_builds_MSP_EXP432P401R_release_gcc.a(tasks.o)
                0x000079e4                vTaskMissedYield
 .text.prvIdleTask
                0x000079fc       0x5c C:/Users/jfeli/workspace_v8/freertos_builds_MSP_EXP432P401R_release_gcc/Debug\libfreertos_builds_MSP_EXP432P401R_release_gcc.a(tasks.o)
 .text.prvInitialiseTaskLists
                0x00007a58       0x80 C:/Users/jfeli/workspace_v8/freertos_builds_MSP_EXP432P401R_release_gcc/Debug\libfreertos_builds_MSP_EXP432P401R_release_gcc.a(tasks.o)
 .text.prvCheckTasksWaitingTermination
                0x00007ad8       0x58 C:/Users/jfeli/workspace_v8/freertos_builds_MSP_EXP432P401R_release_gcc/Debug\libfreertos_builds_MSP_EXP432P401R_release_gcc.a(tasks.o)
 .text.prvDeleteTCB
                0x00007b30       0x2a C:/Users/jfeli/workspace_v8/freertos_builds_MSP_EXP432P401R_release_gcc/Debug\libfreertos_builds_MSP_EXP432P401R_release_gcc.a(tasks.o)
 *fill*         0x00007b5a        0x2 
 .text.prvResetNextTaskUnblockTime
                0x00007b5c       0x4c C:/Users/jfeli/workspace_v8/freertos_builds_MSP_EXP432P401R_release_gcc/Debug\libfreertos_builds_MSP_EXP432P401R_release_gcc.a(tasks.o)
 .text.xTaskGetSchedulerState
                0x00007ba8       0x3c C:/Users/jfeli/workspace_v8/freertos_builds_MSP_EXP432P401R_release_gcc/Debug\libfreertos_builds_MSP_EXP432P401R_release_gcc.a(tasks.o)
                0x00007ba8                xTaskGetSchedulerState
 .text.xTaskPriorityInherit
                0x00007be4      0x10c C:/Users/jfeli/workspace_v8/freertos_builds_MSP_EXP432P401R_release_gcc/Debug\libfreertos_builds_MSP_EXP432P401R_release_gcc.a(tasks.o)
                0x00007be4                xTaskPriorityInherit
 .text.xTaskPriorityDisinherit
                0x00007cf0      0x108 C:/Users/jfeli/workspace_v8/freertos_builds_MSP_EXP432P401R_release_gcc/Debug\libfreertos_builds_MSP_EXP432P401R_release_gcc.a(tasks.o)
                0x00007cf0                xTaskPriorityDisinherit
 .text.vTaskPriorityDisinheritAfterTimeout
                0x00007df8      0x13c C:/Users/jfeli/workspace_v8/freertos_builds_MSP_EXP432P401R_release_gcc/Debug\libfreertos_builds_MSP_EXP432P401R_release_gcc.a(tasks.o)
                0x00007df8                vTaskPriorityDisinheritAfterTimeout
 .text.pvTaskIncrementMutexHeldCount
                0x00007f34       0x28 C:/Users/jfeli/workspace_v8/freertos_builds_MSP_EXP432P401R_release_gcc/Debug\libfreertos_builds_MSP_EXP432P401R_release_gcc.a(tasks.o)
                0x00007f34                pvTaskIncrementMutexHeldCount
 .text.prvAddCurrentTaskToDelayedList
                0x00007f5c       0xcc C:/Users/jfeli/workspace_v8/freertos_builds_MSP_EXP432P401R_release_gcc/Debug\libfreertos_builds_MSP_EXP432P401R_release_gcc.a(tasks.o)
 .text.xTimerCreateTimerTask
                0x00008028       0x64 C:/Users/jfeli/workspace_v8/freertos_builds_MSP_EXP432P401R_release_gcc/Debug\libfreertos_builds_MSP_EXP432P401R_release_gcc.a(timers.o)
                0x00008028                xTimerCreateTimerTask
 .text.xTimerCreate
                0x0000808c       0x3a C:/Users/jfeli/workspace_v8/freertos_builds_MSP_EXP432P401R_release_gcc/Debug\libfreertos_builds_MSP_EXP432P401R_release_gcc.a(timers.o)
                0x0000808c                xTimerCreate
 .text.prvInitialiseNewTimer
                0x000080c6       0x62 C:/Users/jfeli/workspace_v8/freertos_builds_MSP_EXP432P401R_release_gcc/Debug\libfreertos_builds_MSP_EXP432P401R_release_gcc.a(timers.o)
 .text.xTimerGenericCommand
                0x00008128       0x98 C:/Users/jfeli/workspace_v8/freertos_builds_MSP_EXP432P401R_release_gcc/Debug\libfreertos_builds_MSP_EXP432P401R_release_gcc.a(timers.o)
                0x00008128                xTimerGenericCommand
 .text.prvProcessExpiredTimer
                0x000081c0       0x80 C:/Users/jfeli/workspace_v8/freertos_builds_MSP_EXP432P401R_release_gcc/Debug\libfreertos_builds_MSP_EXP432P401R_release_gcc.a(timers.o)
 .text.prvTimerTask
                0x00008240       0x24 C:/Users/jfeli/workspace_v8/freertos_builds_MSP_EXP432P401R_release_gcc/Debug\libfreertos_builds_MSP_EXP432P401R_release_gcc.a(timers.o)
 .text.prvProcessTimerOrBlockTask
                0x00008264       0x9c C:/Users/jfeli/workspace_v8/freertos_builds_MSP_EXP432P401R_release_gcc/Debug\libfreertos_builds_MSP_EXP432P401R_release_gcc.a(timers.o)
 .text.prvGetNextExpireTime
                0x00008300       0x48 C:/Users/jfeli/workspace_v8/freertos_builds_MSP_EXP432P401R_release_gcc/Debug\libfreertos_builds_MSP_EXP432P401R_release_gcc.a(timers.o)
 .text.prvSampleTimeNow
                0x00008348       0x40 C:/Users/jfeli/workspace_v8/freertos_builds_MSP_EXP432P401R_release_gcc/Debug\libfreertos_builds_MSP_EXP432P401R_release_gcc.a(timers.o)
 .text.prvInsertTimerInActiveList
                0x00008388       0x84 C:/Users/jfeli/workspace_v8/freertos_builds_MSP_EXP432P401R_release_gcc/Debug\libfreertos_builds_MSP_EXP432P401R_release_gcc.a(timers.o)
 .text.prvProcessReceivedCommands
                0x0000840c      0x124 C:/Users/jfeli/workspace_v8/freertos_builds_MSP_EXP432P401R_release_gcc/Debug\libfreertos_builds_MSP_EXP432P401R_release_gcc.a(timers.o)
 .text.prvSwitchTimerLists
                0x00008530       0xc0 C:/Users/jfeli/workspace_v8/freertos_builds_MSP_EXP432P401R_release_gcc/Debug\libfreertos_builds_MSP_EXP432P401R_release_gcc.a(timers.o)
 .text.prvCheckForValidListAndQueue
                0x000085f0       0x54 C:/Users/jfeli/workspace_v8/freertos_builds_MSP_EXP432P401R_release_gcc/Debug\libfreertos_builds_MSP_EXP432P401R_release_gcc.a(timers.o)
 .text.pvTimerGetTimerID
                0x00008644       0x3e C:/Users/jfeli/workspace_v8/freertos_builds_MSP_EXP432P401R_release_gcc/Debug\libfreertos_builds_MSP_EXP432P401R_release_gcc.a(timers.o)
                0x00008644                pvTimerGetTimerID
 *fill*         0x00008682        0x2 
 .text.pxPortInitialiseStack
                0x00008684       0x68 C:/Users/jfeli/workspace_v8/freertos_builds_MSP_EXP432P401R_release_gcc/Debug\libfreertos_builds_MSP_EXP432P401R_release_gcc.a(port.o)
                0x00008684                pxPortInitialiseStack
 .text.prvTaskExitError
                0x000086ec       0x54 C:/Users/jfeli/workspace_v8/freertos_builds_MSP_EXP432P401R_release_gcc/Debug\libfreertos_builds_MSP_EXP432P401R_release_gcc.a(port.o)
 .text.SVC_Handler
                0x00008740       0x28 C:/Users/jfeli/workspace_v8/freertos_builds_MSP_EXP432P401R_release_gcc/Debug\libfreertos_builds_MSP_EXP432P401R_release_gcc.a(port.o)
                0x00008740                SVC_Handler
 .text.prvPortStartFirstTask
                0x00008768       0x28 C:/Users/jfeli/workspace_v8/freertos_builds_MSP_EXP432P401R_release_gcc/Debug\libfreertos_builds_MSP_EXP432P401R_release_gcc.a(port.o)
 .text.xPortStartScheduler
                0x00008790      0x13c C:/Users/jfeli/workspace_v8/freertos_builds_MSP_EXP432P401R_release_gcc/Debug\libfreertos_builds_MSP_EXP432P401R_release_gcc.a(port.o)
                0x00008790                xPortStartScheduler
 .text.vPortEnterCritical
                0x000088cc       0x5c C:/Users/jfeli/workspace_v8/freertos_builds_MSP_EXP432P401R_release_gcc/Debug\libfreertos_builds_MSP_EXP432P401R_release_gcc.a(port.o)
                0x000088cc                vPortEnterCritical
 .text.vPortExitCritical
                0x00008928       0x50 C:/Users/jfeli/workspace_v8/freertos_builds_MSP_EXP432P401R_release_gcc/Debug\libfreertos_builds_MSP_EXP432P401R_release_gcc.a(port.o)
                0x00008928                vPortExitCritical
 *fill*         0x00008978        0x8 
 .text.PendSV_Handler
                0x00008980       0x68 C:/Users/jfeli/workspace_v8/freertos_builds_MSP_EXP432P401R_release_gcc/Debug\libfreertos_builds_MSP_EXP432P401R_release_gcc.a(port.o)
                0x00008980                PendSV_Handler
 .text.SysTick_Handler
                0x000089e8       0x40 C:/Users/jfeli/workspace_v8/freertos_builds_MSP_EXP432P401R_release_gcc/Debug\libfreertos_builds_MSP_EXP432P401R_release_gcc.a(port.o)
                0x000089e8                SysTick_Handler
 .text.vPortSetupTimerInterrupt
                0x00008a28       0x8c C:/Users/jfeli/workspace_v8/freertos_builds_MSP_EXP432P401R_release_gcc/Debug\libfreertos_builds_MSP_EXP432P401R_release_gcc.a(port.o)
                0x00008a28                vPortSetupTimerInterrupt
 .text.vPortEnableVFP
                0x00008ab4       0x14 C:/Users/jfeli/workspace_v8/freertos_builds_MSP_EXP432P401R_release_gcc/Debug\libfreertos_builds_MSP_EXP432P401R_release_gcc.a(port.o)
 .text.vPortValidateInterruptPriority
                0x00008ac8       0x7c C:/Users/jfeli/workspace_v8/freertos_builds_MSP_EXP432P401R_release_gcc/Debug\libfreertos_builds_MSP_EXP432P401R_release_gcc.a(port.o)
                0x00008ac8                vPortValidateInterruptPriority
 .text.resetISR
                0x00008b44       0xc0 C:/Users/jfeli/workspace_v8/freertos_builds_MSP_EXP432P401R_release_gcc/Debug\libfreertos_builds_MSP_EXP432P401R_release_gcc.a(startup_msp432_gcc.o)
                0x00008b44                resetISR
 .text.nmiISR   0x00008c04        0x6 C:/Users/jfeli/workspace_v8/freertos_builds_MSP_EXP432P401R_release_gcc/Debug\libfreertos_builds_MSP_EXP432P401R_release_gcc.a(startup_msp432_gcc.o)
 .text.faultISR
                0x00008c0a        0x6 C:/Users/jfeli/workspace_v8/freertos_builds_MSP_EXP432P401R_release_gcc/Debug\libfreertos_builds_MSP_EXP432P401R_release_gcc.a(startup_msp432_gcc.o)
 .text.busFaultHandler
                0x00008c10        0x6 C:/Users/jfeli/workspace_v8/freertos_builds_MSP_EXP432P401R_release_gcc/Debug\libfreertos_builds_MSP_EXP432P401R_release_gcc.a(startup_msp432_gcc.o)
 .text.defaultHandler
                0x00008c16        0x6 C:/Users/jfeli/workspace_v8/freertos_builds_MSP_EXP432P401R_release_gcc/Debug\libfreertos_builds_MSP_EXP432P401R_release_gcc.a(startup_msp432_gcc.o)
 .text._fini    0x00008c1c        0xe C:/Users/jfeli/workspace_v8/freertos_builds_MSP_EXP432P401R_release_gcc/Debug\libfreertos_builds_MSP_EXP432P401R_release_gcc.a(startup_msp432_gcc.o)
                0x00008c1c                _fini
 .text.vListInitialise
                0x00008c2a       0x40 C:/Users/jfeli/workspace_v8/freertos_builds_MSP_EXP432P401R_release_gcc/Debug\libfreertos_builds_MSP_EXP432P401R_release_gcc.a(list.o)
                0x00008c2a                vListInitialise
 .text.vListInitialiseItem
                0x00008c6a       0x1a C:/Users/jfeli/workspace_v8/freertos_builds_MSP_EXP432P401R_release_gcc/Debug\libfreertos_builds_MSP_EXP432P401R_release_gcc.a(list.o)
                0x00008c6a                vListInitialiseItem
 .text.vListInsertEnd
                0x00008c84       0x48 C:/Users/jfeli/workspace_v8/freertos_builds_MSP_EXP432P401R_release_gcc/Debug\libfreertos_builds_MSP_EXP432P401R_release_gcc.a(list.o)
                0x00008c84                vListInsertEnd
 .text.vListInsert
                0x00008ccc       0x72 C:/Users/jfeli/workspace_v8/freertos_builds_MSP_EXP432P401R_release_gcc/Debug\libfreertos_builds_MSP_EXP432P401R_release_gcc.a(list.o)
                0x00008ccc                vListInsert
 .text.uxListRemove
                0x00008d3e       0x54 C:/Users/jfeli/workspace_v8/freertos_builds_MSP_EXP432P401R_release_gcc/Debug\libfreertos_builds_MSP_EXP432P401R_release_gcc.a(list.o)
                0x00008d3e                uxListRemove
 .text.CPU_cpsid
                0x00008d92        0xe C:/ti/simplelink_msp432p4_sdk_2_20_00_12/source\ti/devices/msp432p4xx/driverlib/gcc/msp432p4xx_driverlib.a(cpu.o)
                0x00008d92                CPU_cpsid
 .text.CPU_cpsie
                0x00008da0        0xe C:/ti/simplelink_msp432p4_sdk_2_20_00_12/source\ti/devices/msp432p4xx/driverlib/gcc/msp432p4xx_driverlib.a(cpu.o)
                0x00008da0                CPU_cpsie
 *fill*         0x00008dae        0x2 
 .text._CSGetHFXTFrequency
                0x00008db0       0xe8 C:/ti/simplelink_msp432p4_sdk_2_20_00_12/source\ti/devices/msp432p4xx/driverlib/gcc/msp432p4xx_driverlib.a(cs.o)
 .text._CSGetDividerValue
                0x00008e98       0x78 C:/ti/simplelink_msp432p4_sdk_2_20_00_12/source\ti/devices/msp432p4xx/driverlib/gcc/msp432p4xx_driverlib.a(cs.o)
 .text._CSComputeCLKFrequency
                0x00008f10      0x130 C:/ti/simplelink_msp432p4_sdk_2_20_00_12/source\ti/devices/msp432p4xx/driverlib/gcc/msp432p4xx_driverlib.a(cs.o)
 .text._CSGetDOCFrequency
                0x00009040       0x8c C:/ti/simplelink_msp432p4_sdk_2_20_00_12/source\ti/devices/msp432p4xx/driverlib/gcc/msp432p4xx_driverlib.a(cs.o)
 .text.CS_setExternalClockSourceFrequency
                0x000090cc       0x2c C:/ti/simplelink_msp432p4_sdk_2_20_00_12/source\ti/devices/msp432p4xx/driverlib/gcc/msp432p4xx_driverlib.a(cs.o)
                0x000090cc                CS_setExternalClockSourceFrequency
 .text.CS_startHFXTWithTimeout
                0x000090f8       0xf4 C:/ti/simplelink_msp432p4_sdk_2_20_00_12/source\ti/devices/msp432p4xx/driverlib/gcc/msp432p4xx_driverlib.a(cs.o)
                0x000090f8                CS_startHFXTWithTimeout
 .text.CS_startLFXTWithTimeout
                0x000091ec       0xec C:/ti/simplelink_msp432p4_sdk_2_20_00_12/source\ti/devices/msp432p4xx/driverlib/gcc/msp432p4xx_driverlib.a(cs.o)
                0x000091ec                CS_startLFXTWithTimeout
 .text.CS_getDCOFrequency
                0x000092d8      0x118 C:/ti/simplelink_msp432p4_sdk_2_20_00_12/source\ti/devices/msp432p4xx/driverlib/gcc/msp432p4xx_driverlib.a(cs.o)
                0x000092d8                CS_getDCOFrequency
 .text.CS_getMCLK
                0x000093f0       0x34 C:/ti/simplelink_msp432p4_sdk_2_20_00_12/source\ti/devices/msp432p4xx/driverlib/gcc/msp432p4xx_driverlib.a(cs.o)
                0x000093f0                CS_getMCLK
 .text.CS_clearInterruptFlag
                0x00009424       0x38 C:/ti/simplelink_msp432p4_sdk_2_20_00_12/source\ti/devices/msp432p4xx/driverlib/gcc/msp432p4xx_driverlib.a(cs.o)
                0x00009424                CS_clearInterruptFlag
 .text.I2C_masterSendMultiByteFinish
                0x0000945c       0x9c C:/ti/simplelink_msp432p4_sdk_2_20_00_12/source\ti/devices/msp432p4xx/driverlib/gcc/msp432p4xx_driverlib.a(i2c.o)
                0x0000945c                I2C_masterSendMultiByteFinish
 .text.IntDefaultHandler
                0x000094f8        0x6 C:/ti/simplelink_msp432p4_sdk_2_20_00_12/source\ti/devices/msp432p4xx/driverlib/gcc/msp432p4xx_driverlib.a(interrupt.o)
 *fill*         0x000094fe        0x2 
 .text.Interrupt_registerInterrupt
                0x00009500       0x64 C:/ti/simplelink_msp432p4_sdk_2_20_00_12/source\ti/devices/msp432p4xx/driverlib/gcc/msp432p4xx_driverlib.a(interrupt.o)
                0x00009500                Interrupt_registerInterrupt
 .text.Interrupt_unregisterInterrupt
                0x00009564       0x28 C:/ti/simplelink_msp432p4_sdk_2_20_00_12/source\ti/devices/msp432p4xx/driverlib/gcc/msp432p4xx_driverlib.a(interrupt.o)
                0x00009564                Interrupt_unregisterInterrupt
 .text.Interrupt_setPriority
                0x0000958c       0x68 C:/ti/simplelink_msp432p4_sdk_2_20_00_12/source\ti/devices/msp432p4xx/driverlib/gcc/msp432p4xx_driverlib.a(interrupt.o)
                0x0000958c                Interrupt_setPriority
 .text.Interrupt_enableInterrupt
                0x000095f4       0x94 C:/ti/simplelink_msp432p4_sdk_2_20_00_12/source\ti/devices/msp432p4xx/driverlib/gcc/msp432p4xx_driverlib.a(interrupt.o)
                0x000095f4                Interrupt_enableInterrupt
 .text.Interrupt_disableInterrupt
                0x00009688       0x94 C:/ti/simplelink_msp432p4_sdk_2_20_00_12/source\ti/devices/msp432p4xx/driverlib/gcc/msp432p4xx_driverlib.a(interrupt.o)
                0x00009688                Interrupt_disableInterrupt
 .text.SysCtl_getNMISourceStatus
                0x0000971c       0x1c C:/ti/simplelink_msp432p4_sdk_2_20_00_12/source\ti/devices/msp432p4xx/driverlib/gcc/msp432p4xx_driverlib.a(sysctl.o)
                0x0000971c                SysCtl_getNMISourceStatus
 .text.SysCtl_A_getTLVInfo
                0x00009738       0xa8 C:/ti/simplelink_msp432p4_sdk_2_20_00_12/source\ti/devices/msp432p4xx/driverlib/gcc/msp432p4xx_driverlib.a(sysctl_a.o)
                0x00009738                SysCtl_A_getTLVInfo
 .text.SysCtl_A_disableNMISource
                0x000097e0       0x28 C:/ti/simplelink_msp432p4_sdk_2_20_00_12/source\ti/devices/msp432p4xx/driverlib/gcc/msp432p4xx_driverlib.a(sysctl_a.o)
                0x000097e0                SysCtl_A_disableNMISource
 .text.SysCtl_A_enableNMISource
                0x00009808       0x24 C:/ti/simplelink_msp432p4_sdk_2_20_00_12/source\ti/devices/msp432p4xx/driverlib/gcc/msp432p4xx_driverlib.a(sysctl_a.o)
                0x00009808                SysCtl_A_enableNMISource
 .text.SysCtl_A_getNMISourceStatus
                0x0000982c       0x1c C:/ti/simplelink_msp432p4_sdk_2_20_00_12/source\ti/devices/msp432p4xx/driverlib/gcc/msp432p4xx_driverlib.a(sysctl_a.o)
                0x0000982c                SysCtl_A_getNMISourceStatus
 .text.memcpy   0x00009848       0x16 C:/ti/ccsv8/tools/compiler/gcc-arm-none-eabi-7-2017-q4-major-win32/arm-none-eabi/lib/thumb/v7e-m/fpv4-sp/hard\libc_nano.a(lib_a-memcpy-stub.o)
                0x00009848                memcpy
 .text.memset   0x0000985e       0x10 C:/ti/ccsv8/tools/compiler/gcc-arm-none-eabi-7-2017-q4-major-win32/arm-none-eabi/lib/thumb/v7e-m/fpv4-sp/hard\libc_nano.a(lib_a-memset.o)
                0x0000985e                memset
 .text.cleanup_glue
                0x0000986e       0x1a C:/ti/ccsv8/tools/compiler/gcc-arm-none-eabi-7-2017-q4-major-win32/arm-none-eabi/lib/thumb/v7e-m/fpv4-sp/hard\libc_nano.a(lib_a-reent.o)
                0x0000986e                cleanup_glue
 .text._reclaim_reent
                0x00009888       0xb8 C:/ti/ccsv8/tools/compiler/gcc-arm-none-eabi-7-2017-q4-major-win32/arm-none-eabi/lib/thumb/v7e-m/fpv4-sp/hard\libc_nano.a(lib_a-reent.o)
                0x00009888                _reclaim_reent
 .text.__malloc_lock
                0x00009940        0x2 C:/ti/ccsv8/tools/compiler/gcc-arm-none-eabi-7-2017-q4-major-win32/arm-none-eabi/lib/thumb/v7e-m/fpv4-sp/hard\libc_nano.a(lib_a-mlock.o)
                0x00009940                __malloc_lock
 .text.__malloc_unlock
                0x00009942        0x2 C:/ti/ccsv8/tools/compiler/gcc-arm-none-eabi-7-2017-q4-major-win32/arm-none-eabi/lib/thumb/v7e-m/fpv4-sp/hard\libc_nano.a(lib_a-mlock.o)
                0x00009942                __malloc_unlock
 .text._free_r  0x00009944       0x9c C:/ti/ccsv8/tools/compiler/gcc-arm-none-eabi-7-2017-q4-major-win32/arm-none-eabi/lib/thumb/v7e-m/fpv4-sp/hard\libc_nano.a(lib_a-nano-freer.o)
                0x00009944                _free_r
                0x000099e0                . = ALIGN (0x4)
 *(.ctors)
                0x000099e0                . = ALIGN (0x4)
 *(.dtors)
                0x000099e0                . = ALIGN (0x4)
                0x000099e0                __init_array_start = .
 *(.init_array*)
                0x000099e0                __init_array_end = .
 *(.init)
 *(.fini*)

.glue_7         0x000099e0        0x0
 .glue_7        0x000099e0        0x0 linker stubs

.glue_7t        0x000099e0        0x0
 .glue_7t       0x000099e0        0x0 linker stubs

.vfp11_veneer   0x000099e0        0x0
 .vfp11_veneer  0x000099e0        0x0 linker stubs

.v4_bx          0x000099e0        0x0
 .v4_bx         0x000099e0        0x0 linker stubs

.iplt           0x000099e0        0x0
 .iplt          0x000099e0        0x0 ./MSP_EXP432P401R.o

.rodata         0x000099e0      0x408
 *(.rodata)
 .rodata        0x000099e0       0x31 ./main_freertos.o
 *fill*         0x00009a11        0x3 
 .rodata        0x00009a14       0x19 C:/Users/jfeli/workspace_v8/freertos_builds_MSP_EXP432P401R_release_gcc/Debug\libfreertos_builds_MSP_EXP432P401R_release_gcc.a(SystemP_freertos.o)
 *fill*         0x00009a2d        0x3 
 .rodata        0x00009a30        0x5 C:/Users/jfeli/workspace_v8/freertos_builds_MSP_EXP432P401R_release_gcc/Debug\libfreertos_builds_MSP_EXP432P401R_release_gcc.a(tasks.o)
 *fill*         0x00009a35        0x3 
 .rodata        0x00009a38        0x8 C:/Users/jfeli/workspace_v8/freertos_builds_MSP_EXP432P401R_release_gcc/Debug\libfreertos_builds_MSP_EXP432P401R_release_gcc.a(timers.o)
 *(.rodata.*)
 .rodata.adcMSP432HWAttrs
                0x00009a40       0x18 ./MSP_EXP432P401R.o
                0x00009a40                adcMSP432HWAttrs
 .rodata.ADC_config
                0x00009a58       0x18 ./MSP_EXP432P401R.o
                0x00009a58                ADC_config
 .rodata.ADC_count
                0x00009a70        0x1 ./MSP_EXP432P401R.o
                0x00009a70                ADC_count
 *fill*         0x00009a71        0x3 
 .rodata.displayUartHWAttrs
                0x00009a74       0x14 ./MSP_EXP432P401R.o
                0x00009a74                displayUartHWAttrs
 .rodata.Display_config
                0x00009a88        0xc ./MSP_EXP432P401R.o
                0x00009a88                Display_config
 .rodata.Display_count
                0x00009a94        0x1 ./MSP_EXP432P401R.o
                0x00009a94                Display_count
 *fill*         0x00009a95        0x3 
 .rodata.GPIOMSP432_config
                0x00009a98       0x14 ./MSP_EXP432P401R.o
                0x00009a98                GPIOMSP432_config
 .rodata.i2cMSP432HWAttrs
                0x00009aac       0x28 ./MSP_EXP432P401R.o
                0x00009aac                i2cMSP432HWAttrs
 .rodata.I2C_config
                0x00009ad4       0x18 ./MSP_EXP432P401R.o
                0x00009ad4                I2C_config
 .rodata.I2C_count
                0x00009aec        0x1 ./MSP_EXP432P401R.o
                0x00009aec                I2C_count
 *fill*         0x00009aed        0x3 
 .rodata.PowerMSP432_config
                0x00009af0       0x38 ./MSP_EXP432P401R.o
                0x00009af0                PowerMSP432_config
 .rodata.uartMSP432Baudrates
                0x00009b28       0x90 ./MSP_EXP432P401R.o
                0x00009b28                uartMSP432Baudrates
 .rodata.uartMSP432HWAttrs
                0x00009bb8       0x58 ./MSP_EXP432P401R.o
                0x00009bb8                uartMSP432HWAttrs
 .rodata.UART_config
                0x00009c10       0x18 ./MSP_EXP432P401R.o
                0x00009c10                UART_config
 .rodata.UART_count
                0x00009c28        0x1 ./MSP_EXP432P401R.o
                0x00009c28                UART_count
 *fill*         0x00009c29        0x3 
 .rodata.DisplayUartMin_fxnTable
                0x00009c2c       0x20 C:/ti/simplelink_msp432p4_sdk_2_20_00_12/source\ti/display/lib/display.am4fg(DisplayUart.om4fg)
                0x00009c2c                DisplayUartMin_fxnTable
 .rodata.ADC_defaultParams
                0x00009c4c        0x8 C:/ti/simplelink_msp432p4_sdk_2_20_00_12/source\ti/drivers/lib/drivers_msp432p401x.am4fg(ADC.om4fg)
                0x00009c4c                ADC_defaultParams
 .rodata.ADCMSP432_fxnTable
                0x00009c54       0x18 C:/ti/simplelink_msp432p4_sdk_2_20_00_12/source\ti/drivers/lib/drivers_msp432p401x.am4fg(ADCMSP432.om4fg)
                0x00009c54                ADCMSP432_fxnTable
 .rodata.interruptType
                0x00009c6c        0x6 C:/ti/simplelink_msp432p4_sdk_2_20_00_12/source\ti/drivers/lib/drivers_msp432p401x.am4fg(GPIOMSP432.om4fg)
 *fill*         0x00009c72        0x2 
 .rodata.portInterruptIds
                0x00009c74        0x6 C:/ti/simplelink_msp432p4_sdk_2_20_00_12/source\ti/drivers/lib/drivers_msp432p401x.am4fg(GPIOMSP432.om4fg)
 *fill*         0x00009c7a        0x2 
 .rodata.I2C_defaultParams
                0x00009c7c       0x10 C:/ti/simplelink_msp432p4_sdk_2_20_00_12/source\ti/drivers/lib/drivers_msp432p401x.am4fg(I2C.om4fg)
                0x00009c7c                I2C_defaultParams
 .rodata.I2CMSP432_fxnTable
                0x00009c8c       0x18 C:/ti/simplelink_msp432p4_sdk_2_20_00_12/source\ti/drivers/lib/drivers_msp432p401x.am4fg(I2CMSP432.om4fg)
                0x00009c8c                I2CMSP432_fxnTable
 .rodata.bitRates
                0x00009ca4        0xc C:/ti/simplelink_msp432p4_sdk_2_20_00_12/source\ti/drivers/lib/drivers_msp432p401x.am4fg(I2CMSP432.om4fg)
 .rodata.UART_defaultParams
                0x00009cb0       0x24 C:/ti/simplelink_msp432p4_sdk_2_20_00_12/source\ti/drivers/lib/drivers_msp432p401x.am4fg(UART.om4fg)
                0x00009cb0                UART_defaultParams
 .rodata.UARTMSP432_fxnTable
                0x00009cd4       0x28 C:/ti/simplelink_msp432p4_sdk_2_20_00_12/source\ti/drivers/lib/drivers_msp432p401x.am4fg(UARTMSP432.om4fg)
                0x00009cd4                UARTMSP432_fxnTable
 .rodata.parityTypes
                0x00009cfc        0x5 C:/ti/simplelink_msp432p4_sdk_2_20_00_12/source\ti/drivers/lib/drivers_msp432p401x.am4fg(UARTMSP432.om4fg)
 *fill*         0x00009d01        0x3 
 .rodata.staticFxnTable
                0x00009d04       0x20 C:/ti/simplelink_msp432p4_sdk_2_20_00_12/source\ti/drivers/lib/drivers_msp432p401x.am4fg(UARTMSP432.om4fg)
 .rodata.stopBits
                0x00009d24        0x4 C:/ti/simplelink_msp432p4_sdk_2_20_00_12/source\ti/drivers/lib/drivers_msp432p401x.am4fg(UARTMSP432.om4fg)
 .rodata.g_pulRegs
                0x00009d28       0x50 C:/ti/simplelink_msp432p4_sdk_2_20_00_12/source\ti/devices/msp432p4xx/driverlib/gcc/msp432p4xx_driverlib.a(interrupt.o)
 .rodata.g_pulEnRegs
                0x00009d78        0x8 C:/ti/simplelink_msp432p4_sdk_2_20_00_12/source\ti/devices/msp432p4xx/driverlib/gcc/msp432p4xx_driverlib.a(interrupt.o)
 .rodata.g_pulDisRegs
                0x00009d80        0x8 C:/ti/simplelink_msp432p4_sdk_2_20_00_12/source\ti/devices/msp432p4xx/driverlib/gcc/msp432p4xx_driverlib.a(interrupt.o)
 .rodata.__sf_fake_stderr
                0x00009d88       0x20 C:/ti/ccsv8/tools/compiler/gcc-arm-none-eabi-7-2017-q4-major-win32/arm-none-eabi/lib/thumb/v7e-m/fpv4-sp/hard\libc_nano.a(lib_a-findfp.o)
                0x00009d88                __sf_fake_stderr
 .rodata.__sf_fake_stdin
                0x00009da8       0x20 C:/ti/ccsv8/tools/compiler/gcc-arm-none-eabi-7-2017-q4-major-win32/arm-none-eabi/lib/thumb/v7e-m/fpv4-sp/hard\libc_nano.a(lib_a-findfp.o)
                0x00009da8                __sf_fake_stdin
 .rodata.__sf_fake_stdout
                0x00009dc8       0x20 C:/ti/ccsv8/tools/compiler/gcc-arm-none-eabi-7-2017-q4-major-win32/arm-none-eabi/lib/thumb/v7e-m/fpv4-sp/hard\libc_nano.a(lib_a-findfp.o)
                0x00009dc8                __sf_fake_stdout

.ARM.exidx      0x00009de8        0x8
                0x00009de8                __exidx_start = .
 *(.ARM.exidx* .gnu.linkonce.armexidx.*)
 .ARM.exidx     0x00009de8        0x8 c:/ti/ccsv8/tools/compiler/gcc-arm-none-eabi-7-2017-q4-major-win32/bin/../lib/gcc/arm-none-eabi/7.2.1/thumb/v7e-m/fpv4-sp/hard\libgcc.a(_udivmoddi4.o)
                0x00009df0                __exidx_end = .

.rel.dyn        0x00009df0        0x0
 .rel.iplt      0x00009df0        0x0 ./MSP_EXP432P401R.o

.ARM.extab
 *(.ARM.extab* .gnu.linkonce.armextab.*)
                0x00009df0                __etext = .

.data           0x20000000      0x2bc load address 0x00009df0
                0x00009df0                __data_load__ = LOADADDR (.data)
                0x20000000                __data_start__ = .
 *(.data)
 .data          0x20000000        0x0 ./MSP_EXP432P401R.o
 .data          0x20000000        0x0 ./main_freertos.o
 .data          0x20000000        0x0 ./uartecho.o
 .data          0x20000000        0x0 ./value.o
 .data          0x20000000        0x0 C:/ti/simplelink_msp432p4_sdk_2_20_00_12/source\ti/display/lib/display.am4fg(Display.om4fg)
 .data          0x20000000        0x0 C:/ti/simplelink_msp432p4_sdk_2_20_00_12/source\ti/display/lib/display.am4fg(DisplayUart.om4fg)
 .data          0x20000000        0x0 C:/ti/simplelink_msp432p4_sdk_2_20_00_12/source\ti/drivers/lib/drivers_msp432p401x.am4fg(SDSPI.om4fg)
 .data          0x20000000        0x0 C:/ti/simplelink_msp432p4_sdk_2_20_00_12/source\ti/drivers/lib/drivers_msp432p401x.am4fg(ADC.om4fg)
 .data          0x20000000        0x0 C:/ti/simplelink_msp432p4_sdk_2_20_00_12/source\ti/drivers/lib/drivers_msp432p401x.am4fg(ADCMSP432.om4fg)
 .data          0x20000000        0x0 C:/ti/simplelink_msp432p4_sdk_2_20_00_12/source\ti/drivers/lib/drivers_msp432p401x.am4fg(ADCBufMSP432.om4fg)
 .data          0x20000000        0x0 C:/ti/simplelink_msp432p4_sdk_2_20_00_12/source\ti/drivers/lib/drivers_msp432p401x.am4fg(CaptureMSP432.om4fg)
 .data          0x20000000        0x0 C:/ti/simplelink_msp432p4_sdk_2_20_00_12/source\ti/drivers/lib/drivers_msp432p401x.am4fg(UDMAMSP432.om4fg)
 .data          0x20000000        0x0 C:/ti/simplelink_msp432p4_sdk_2_20_00_12/source\ti/drivers/lib/drivers_msp432p401x.am4fg(GPIOMSP432.om4fg)
 .data          0x20000000        0x0 C:/ti/simplelink_msp432p4_sdk_2_20_00_12/source\ti/drivers/lib/drivers_msp432p401x.am4fg(I2C.om4fg)
 .data          0x20000000        0x0 C:/ti/simplelink_msp432p4_sdk_2_20_00_12/source\ti/drivers/lib/drivers_msp432p401x.am4fg(I2CMSP432.om4fg)
 .data          0x20000000        0x0 C:/ti/simplelink_msp432p4_sdk_2_20_00_12/source\ti/drivers/lib/drivers_msp432p401x.am4fg(I2CSlaveMSP432.om4fg)
 .data          0x20000000        0x0 C:/ti/simplelink_msp432p4_sdk_2_20_00_12/source\ti/drivers/lib/drivers_msp432p401x.am4fg(NVSMSP432.om4fg)
 .data          0x20000000        0x0 C:/ti/simplelink_msp432p4_sdk_2_20_00_12/source\ti/drivers/lib/drivers_msp432p401x.am4fg(PowerMSP432.om4fg)
 .data          0x20000000        0x0 C:/ti/simplelink_msp432p4_sdk_2_20_00_12/source\ti/drivers/lib/drivers_msp432p401x.am4fg(PWMTimerMSP432.om4fg)
 .data          0x20000000        0x0 C:/ti/simplelink_msp432p4_sdk_2_20_00_12/source\ti/drivers/lib/drivers_msp432p401x.am4fg(SPI.om4fg)
 .data          0x20000000        0x0 C:/ti/simplelink_msp432p4_sdk_2_20_00_12/source\ti/drivers/lib/drivers_msp432p401x.am4fg(SPIMSP432DMA.om4fg)
 .data          0x20000000        0x0 C:/ti/simplelink_msp432p4_sdk_2_20_00_12/source\ti/drivers/lib/drivers_msp432p401x.am4fg(TimerMSP432.om4fg)
 .data          0x20000000        0x0 C:/ti/simplelink_msp432p4_sdk_2_20_00_12/source\ti/drivers/lib/drivers_msp432p401x.am4fg(UART.om4fg)
 .data          0x20000000        0x0 C:/ti/simplelink_msp432p4_sdk_2_20_00_12/source\ti/drivers/lib/drivers_msp432p401x.am4fg(UARTMSP432.om4fg)
 .data          0x20000000        0x0 C:/ti/simplelink_msp432p4_sdk_2_20_00_12/source\ti/drivers/lib/drivers_msp432p401x.am4fg(WatchdogMSP432.om4fg)
 .data          0x20000000        0x0 C:/ti/simplelink_msp432p4_sdk_2_20_00_12/source\ti/drivers/lib/drivers_msp432p401x.am4fg(List.om4fg)
 .data          0x20000000        0x0 C:/ti/simplelink_msp432p4_sdk_2_20_00_12/source\ti/drivers/lib/drivers_msp432p401x.am4fg(RingBuf.om4fg)
 .data          0x20000000        0x0 C:/ti/simplelink_msp432p4_sdk_2_20_00_12/source\ti/drivers/lib/drivers_msp432p401x.am4fg(ADCBuf.om4fg)
 .data          0x20000000        0x0 C:/Users/jfeli/workspace_v8/freertos_builds_MSP_EXP432P401R_release_gcc/Debug\libfreertos_builds_MSP_EXP432P401R_release_gcc.a(ClockP_freertos.o)
 .data          0x20000000        0x0 C:/Users/jfeli/workspace_v8/freertos_builds_MSP_EXP432P401R_release_gcc/Debug\libfreertos_builds_MSP_EXP432P401R_release_gcc.a(HwiPMSP432_freertos.o)
 .data          0x20000000        0x0 C:/Users/jfeli/workspace_v8/freertos_builds_MSP_EXP432P401R_release_gcc/Debug\libfreertos_builds_MSP_EXP432P401R_release_gcc.a(PowerMSP432_freertos.o)
 .data          0x20000000        0x0 C:/Users/jfeli/workspace_v8/freertos_builds_MSP_EXP432P401R_release_gcc/Debug\libfreertos_builds_MSP_EXP432P401R_release_gcc.a(SemaphoreP_freertos.o)
 .data          0x20000000        0x0 C:/Users/jfeli/workspace_v8/freertos_builds_MSP_EXP432P401R_release_gcc/Debug\libfreertos_builds_MSP_EXP432P401R_release_gcc.a(SystemP_freertos.o)
 .data          0x20000000        0x0 C:/Users/jfeli/workspace_v8/freertos_builds_MSP_EXP432P401R_release_gcc/Debug\libfreertos_builds_MSP_EXP432P401R_release_gcc.a(heap_4.o)
 .data          0x20000000        0x0 C:/Users/jfeli/workspace_v8/freertos_builds_MSP_EXP432P401R_release_gcc/Debug\libfreertos_builds_MSP_EXP432P401R_release_gcc.a(queue.o)
 .data          0x20000000        0x0 C:/Users/jfeli/workspace_v8/freertos_builds_MSP_EXP432P401R_release_gcc/Debug\libfreertos_builds_MSP_EXP432P401R_release_gcc.a(tasks.o)
 .data          0x20000000        0x0 C:/Users/jfeli/workspace_v8/freertos_builds_MSP_EXP432P401R_release_gcc/Debug\libfreertos_builds_MSP_EXP432P401R_release_gcc.a(timers.o)
 .data          0x20000000        0x0 C:/Users/jfeli/workspace_v8/freertos_builds_MSP_EXP432P401R_release_gcc/Debug\libfreertos_builds_MSP_EXP432P401R_release_gcc.a(port.o)
 .data          0x20000000        0x0 C:/Users/jfeli/workspace_v8/freertos_builds_MSP_EXP432P401R_release_gcc/Debug\libfreertos_builds_MSP_EXP432P401R_release_gcc.a(startup_msp432_gcc.o)
 .data          0x20000000        0x0 C:/Users/jfeli/workspace_v8/freertos_builds_MSP_EXP432P401R_release_gcc/Debug\libfreertos_builds_MSP_EXP432P401R_release_gcc.a(list.o)
 .data          0x20000000        0x0 C:/ti/simplelink_msp432p4_sdk_2_20_00_12/source\ti/devices/msp432p4xx/driverlib/gcc/msp432p4xx_driverlib.a(cpu.o)
 .data          0x20000000        0x0 C:/ti/simplelink_msp432p4_sdk_2_20_00_12/source\ti/devices/msp432p4xx/driverlib/gcc/msp432p4xx_driverlib.a(cs.o)
 .data          0x20000000        0x0 C:/ti/simplelink_msp432p4_sdk_2_20_00_12/source\ti/devices/msp432p4xx/driverlib/gcc/msp432p4xx_driverlib.a(dma.o)
 .data          0x20000000        0x0 C:/ti/simplelink_msp432p4_sdk_2_20_00_12/source\ti/devices/msp432p4xx/driverlib/gcc/msp432p4xx_driverlib.a(gpio.o)
 .data          0x20000000        0x0 C:/ti/simplelink_msp432p4_sdk_2_20_00_12/source\ti/devices/msp432p4xx/driverlib/gcc/msp432p4xx_driverlib.a(i2c.o)
 .data          0x20000000        0x0 C:/ti/simplelink_msp432p4_sdk_2_20_00_12/source\ti/devices/msp432p4xx/driverlib/gcc/msp432p4xx_driverlib.a(interrupt.o)
 .data          0x20000000        0x0 C:/ti/simplelink_msp432p4_sdk_2_20_00_12/source\ti/devices/msp432p4xx/driverlib/gcc/msp432p4xx_driverlib.a(spi.o)
 .data          0x20000000        0x0 C:/ti/simplelink_msp432p4_sdk_2_20_00_12/source\ti/devices/msp432p4xx/driverlib/gcc/msp432p4xx_driverlib.a(sysctl.o)
 .data          0x20000000        0x0 C:/ti/simplelink_msp432p4_sdk_2_20_00_12/source\ti/devices/msp432p4xx/driverlib/gcc/msp432p4xx_driverlib.a(sysctl_a.o)
 .data          0x20000000        0x0 C:/ti/simplelink_msp432p4_sdk_2_20_00_12/source\ti/devices/msp432p4xx/driverlib/gcc/msp432p4xx_driverlib.a(timer_a.o)
 .data          0x20000000        0x0 c:/ti/ccsv8/tools/compiler/gcc-arm-none-eabi-7-2017-q4-major-win32/bin/../lib/gcc/arm-none-eabi/7.2.1/thumb/v7e-m/fpv4-sp/hard\libgcc.a(_arm_addsubdf3.o)
 .data          0x20000000        0x0 c:/ti/ccsv8/tools/compiler/gcc-arm-none-eabi-7-2017-q4-major-win32/bin/../lib/gcc/arm-none-eabi/7.2.1/thumb/v7e-m/fpv4-sp/hard\libgcc.a(_arm_muldivdf3.o)
 .data          0x20000000        0x0 c:/ti/ccsv8/tools/compiler/gcc-arm-none-eabi-7-2017-q4-major-win32/bin/../lib/gcc/arm-none-eabi/7.2.1/thumb/v7e-m/fpv4-sp/hard\libgcc.a(_arm_cmpdf2.o)
 .data          0x20000000        0x0 c:/ti/ccsv8/tools/compiler/gcc-arm-none-eabi-7-2017-q4-major-win32/bin/../lib/gcc/arm-none-eabi/7.2.1/thumb/v7e-m/fpv4-sp/hard\libgcc.a(_arm_fixdfsi.o)
 .data          0x20000000        0x0 c:/ti/ccsv8/tools/compiler/gcc-arm-none-eabi-7-2017-q4-major-win32/bin/../lib/gcc/arm-none-eabi/7.2.1/thumb/v7e-m/fpv4-sp/hard\libgcc.a(_arm_fixunsdfsi.o)
 .data          0x20000000        0x0 c:/ti/ccsv8/tools/compiler/gcc-arm-none-eabi-7-2017-q4-major-win32/bin/../lib/gcc/arm-none-eabi/7.2.1/thumb/v7e-m/fpv4-sp/hard\libgcc.a(_aeabi_uldivmod.o)
 .data          0x20000000        0x0 c:/ti/ccsv8/tools/compiler/gcc-arm-none-eabi-7-2017-q4-major-win32/bin/../lib/gcc/arm-none-eabi/7.2.1/thumb/v7e-m/fpv4-sp/hard\libgcc.a(_udivmoddi4.o)
 .data          0x20000000        0x0 c:/ti/ccsv8/tools/compiler/gcc-arm-none-eabi-7-2017-q4-major-win32/bin/../lib/gcc/arm-none-eabi/7.2.1/thumb/v7e-m/fpv4-sp/hard\libgcc.a(_dvmd_tls.o)
 .data          0x20000000        0x0 C:/ti/ccsv8/tools/compiler/gcc-arm-none-eabi-7-2017-q4-major-win32/arm-none-eabi/lib/thumb/v7e-m/fpv4-sp/hard\libc_nano.a(lib_a-findfp.o)
 .data          0x20000000        0x0 C:/ti/ccsv8/tools/compiler/gcc-arm-none-eabi-7-2017-q4-major-win32/arm-none-eabi/lib/thumb/v7e-m/fpv4-sp/hard\libc_nano.a(lib_a-fwalk.o)
 .data          0x20000000        0x0 C:/ti/ccsv8/tools/compiler/gcc-arm-none-eabi-7-2017-q4-major-win32/arm-none-eabi/lib/thumb/v7e-m/fpv4-sp/hard\libc_nano.a(lib_a-impure.o)
 .data          0x20000000        0x0 C:/ti/ccsv8/tools/compiler/gcc-arm-none-eabi-7-2017-q4-major-win32/arm-none-eabi/lib/thumb/v7e-m/fpv4-sp/hard\libc_nano.a(lib_a-memcpy-stub.o)