Archive member included to satisfy reference by file (symbol)

C:/ti/simplelink_msp432p4_sdk_2_20_00_12/source\ti/display/lib/display.am4fg(Display.om4fg)
                              ./main_freertos.o (Display_doInit)
C:/ti/simplelink_msp432p4_sdk_2_20_00_12/source\ti/display/lib/display.am4fg(DisplayUart.om4fg)
                              ./MSP_EXP432P401R.o (DisplayUartMin_fxnTable)
C:/ti/simplelink_msp432p4_sdk_2_20_00_12/source\ti/drivers/lib/drivers_msp432p401x.am4fg(SDSPI.om4fg)
                              ./MSP_EXP432P401R.o (SDSPI_fxnTable)
C:/ti/simplelink_msp432p4_sdk_2_20_00_12/source\ti/drivers/lib/drivers_msp432p401x.am4fg(ADC.om4fg)
                              ./main_freertos.o (ADC_convert)
C:/ti/simplelink_msp432p4_sdk_2_20_00_12/source\ti/drivers/lib/drivers_msp432p401x.am4fg(ADCMSP432.om4fg)
                              ./MSP_EXP432P401R.o (ADCMSP432_fxnTable)
C:/ti/simplelink_msp432p4_sdk_2_20_00_12/source\ti/drivers/lib/drivers_msp432p401x.am4fg(ADCBufMSP432.om4fg)
                              ./MSP_EXP432P401R.o (ADCBufMSP432_fxnTable)
C:/ti/simplelink_msp432p4_sdk_2_20_00_12/source\ti/drivers/lib/drivers_msp432p401x.am4fg(CaptureMSP432.om4fg)
                              ./MSP_EXP432P401R.o (CaptureMSP432_captureFxnTable)
C:/ti/simplelink_msp432p4_sdk_2_20_00_12/source\ti/drivers/lib/drivers_msp432p401x.am4fg(UDMAMSP432.om4fg)
                              C:/ti/simplelink_msp432p4_sdk_2_20_00_12/source\ti/drivers/lib/drivers_msp432p401x.am4fg(ADCBufMSP432.om4fg) (UDMAMSP432_close)
C:/ti/simplelink_msp432p4_sdk_2_20_00_12/source\ti/drivers/lib/drivers_msp432p401x.am4fg(GPIOMSP432.om4fg)
                              ./main_freertos.o (GPIO_setConfig)
C:/ti/simplelink_msp432p4_sdk_2_20_00_12/source\ti/drivers/lib/drivers_msp432p401x.am4fg(I2C.om4fg)
                              ./main_freertos.o (I2C_init)
C:/ti/simplelink_msp432p4_sdk_2_20_00_12/source\ti/drivers/lib/drivers_msp432p401x.am4fg(I2CMSP432.om4fg)
                              ./MSP_EXP432P401R.o (I2CMSP432_fxnTable)
C:/ti/simplelink_msp432p4_sdk_2_20_00_12/source\ti/drivers/lib/drivers_msp432p401x.am4fg(I2CSlaveMSP432.om4fg)
                              ./MSP_EXP432P401R.o (I2CSlaveMSP432_fxnTable)
C:/ti/simplelink_msp432p4_sdk_2_20_00_12/source\ti/drivers/lib/drivers_msp432p401x.am4fg(NVSMSP432.om4fg)
                              ./MSP_EXP432P401R.o (NVSMSP432_fxnTable)
C:/ti/simplelink_msp432p4_sdk_2_20_00_12/source\ti/drivers/lib/drivers_msp432p401x.am4fg(PowerMSP432.om4fg)
                              C:/ti/simplelink_msp432p4_sdk_2_20_00_12/source\ti/drivers/lib/drivers_msp432p401x.am4fg(ADCBufMSP432.om4fg) (Power_getPerformanceLevel)
C:/ti/simplelink_msp432p4_sdk_2_20_00_12/source\ti/drivers/lib/drivers_msp432p401x.am4fg(PWMTimerMSP432.om4fg)
                              ./MSP_EXP432P401R.o (PWMTimerMSP432_fxnTable)
C:/ti/simplelink_msp432p4_sdk_2_20_00_12/source\ti/drivers/lib/drivers_msp432p401x.am4fg(SPI.om4fg)
                              C:/ti/simplelink_msp432p4_sdk_2_20_00_12/source\ti/drivers/lib/drivers_msp432p401x.am4fg(SDSPI.om4fg) (SPI_close)
C:/ti/simplelink_msp432p4_sdk_2_20_00_12/source\ti/drivers/lib/drivers_msp432p401x.am4fg(SPIMSP432DMA.om4fg)
                              ./MSP_EXP432P401R.o (SPIMSP432DMA_fxnTable)
C:/ti/simplelink_msp432p4_sdk_2_20_00_12/source\ti/drivers/lib/drivers_msp432p401x.am4fg(TimerMSP432.om4fg)
                              C:/ti/simplelink_msp432p4_sdk_2_20_00_12/source\ti/drivers/lib/drivers_msp432p401x.am4fg(ADCBufMSP432.om4fg) (TimerMSP432_allocateTimerResource)
C:/ti/simplelink_msp432p4_sdk_2_20_00_12/source\ti/drivers/lib/drivers_msp432p401x.am4fg(UART.om4fg)
                              C:/ti/simplelink_msp432p4_sdk_2_20_00_12/source\ti/display/lib/display.am4fg(DisplayUart.om4fg) (UART_close)
C:/ti/simplelink_msp432p4_sdk_2_20_00_12/source\ti/drivers/lib/drivers_msp432p401x.am4fg(UARTMSP432.om4fg)
                              ./MSP_EXP432P401R.o (UARTMSP432_fxnTable)
C:/ti/simplelink_msp432p4_sdk_2_20_00_12/source\ti/drivers/lib/drivers_msp432p401x.am4fg(WatchdogMSP432.om4fg)
                              ./MSP_EXP432P401R.o (WatchdogMSP432_fxnTable)
C:/ti/simplelink_msp432p4_sdk_2_20_00_12/source\ti/drivers/lib/drivers_msp432p401x.am4fg(List.om4fg)
                              C:/ti/simplelink_msp432p4_sdk_2_20_00_12/source\ti/drivers/lib/drivers_msp432p401x.am4fg(PowerMSP432.om4fg) (List_put)
C:/ti/simplelink_msp432p4_sdk_2_20_00_12/source\ti/drivers/lib/drivers_msp432p401x.am4fg(RingBuf.om4fg)
                              C:/ti/simplelink_msp432p4_sdk_2_20_00_12/source\ti/drivers/lib/drivers_msp432p401x.am4fg(UARTMSP432.om4fg) (RingBuf_construct)
C:/ti/simplelink_msp432p4_sdk_2_20_00_12/source\ti/drivers/lib/drivers_msp432p401x.am4fg(ADCBuf.om4fg)
                              C:/ti/simplelink_msp432p4_sdk_2_20_00_12/source\ti/drivers/lib/drivers_msp432p401x.am4fg(ADCBufMSP432.om4fg) (ADCBuf_defaultParams)
[...]
Memory Configuration

Name             Origin             Length             Attributes
MAIN_FLASH       0x00000000         0x00040000         xr
INFO_FLASH       0x00200000         0x00004000         xr
SRAM_DATA        0x20000000         0x00010000         rw
*default*        0x00000000         0xffffffff

Linker script and memory map

LOAD ./MSP_EXP432P401R.o
LOAD ./main_freertos.o
LOAD ./uartecho.o
LOAD ./value.o
                0x00001000                STACKSIZE = 0x1000
                0x00000000                PROVIDE (_intvecs_base_address, DEFINED (_intvecs_base_address)?_intvecs_base_address:0x0)

.intvecs        0x00000000      0x140
 *(.intvecs)
 .intvecs       0x00000000      0x140 C:/Users/jfeli/workspace_v8/freertos_builds_MSP_EXP432P401R_release_gcc/Debug\libfreertos_builds_MSP_EXP432P401R_release_gcc.a(startup_msp432_gcc.o)
                0x00000000                interruptVectors
                0x20000000                PROVIDE (_vtable_base_address, DEFINED (_vtable_base_address)?_vtable_base_address:0x20000000)

.vtable
 *(.vtable)

.text           0x00000140     0x8b3c
 CREATE_OBJECT_SYMBOLS
 *(.text)
 .text          0x00000140        0x0 ./MSP_EXP432P401R.o
 .text          0x00000140        0x0 ./main_freertos.o
 .text          0x00000140        0x0 ./uartecho.o
 .text          0x00000140        0x0 ./value.o
 .text          0x00000140        0x0 C:/ti/simplelink_msp432p4_sdk_2_20_00_12/source\ti/display/lib/display.am4fg(Display.om4fg)
 .text          0x00000140        0x0 C:/ti/simplelink_msp432p4_sdk_2_20_00_12/source\ti/display/lib/display.am4fg(DisplayUart.om4fg)
 .text          0x00000140        0x0 C:/ti/simplelink_msp432p4_sdk_2_20_00_12/source\ti/drivers/lib/drivers_msp432p401x.am4fg(SDSPI.om4fg)
 .text          0x00000140        0x0 C:/ti/simplelink_msp432p4_sdk_2_20_00_12/source\ti/drivers/lib/drivers_msp432p401x.am4fg(ADC.om4fg)
 .text          0x00000140        0x0 C:/ti/simplelink_msp432p4_sdk_2_20_00_12/source\ti/drivers/lib/drivers_msp432p401x.am4fg(ADCMSP432.om4fg)
 .text          0x00000140        0x0 C:/ti/simplelink_msp432p4_sdk_2_20_00_12/source\ti/drivers/lib/drivers_msp432p401x.am4fg(ADCBufMSP432.om4fg)
 .text          0x00000140        0x0 C:/ti/simplelink_msp432p4_sdk_2_20_00_12/source\ti/drivers/lib/drivers_msp432p401x.am4fg(CaptureMSP432.om4fg)
 .text          0x00000140        0x0 C:/ti/simplelink_msp432p4_sdk_2_20_00_12/source\ti/drivers/lib/drivers_msp432p401x.am4fg(UDMAMSP432.om4fg)
 .text          0x00000140        0x0 C:/ti/simplelink_msp432p4_sdk_2_20_00_12/source\ti/drivers/lib/drivers_msp432p401x.am4fg(GPIOMSP432.om4fg)
 .text          0x00000140        0x0 C:/ti/simplelink_msp432p4_sdk_2_20_00_12/source\ti/drivers/lib/drivers_msp432p401x.am4fg(I2C.om4fg)
 .text          0x00000140        0x0 C:/ti/simplelink_msp432p4_sdk_2_20_00_12/source\ti/drivers/lib/drivers_msp432p401x.am4fg(I2CMSP432.om4fg)
 .text          0x00000140        0x0 C:/ti/simplelink_msp432p4_sdk_2_20_00_12/source\ti/drivers/lib/drivers_msp432p401x.am4fg(I2CSlaveMSP432.om4fg)
 .text          0x00000140        0x0 C:/ti/simplelink_msp432p4_sdk_2_20_00_12/source\ti/drivers/lib/drivers_msp432p401x.am4fg(NVSMSP432.om4fg)
 .text          0x00000140        0x0 C:/ti/simplelink_msp432p4_sdk_2_20_00_12/source\ti/drivers/lib/drivers_msp432p401x.am4fg(PowerMSP432.om4fg)
 .text          0x00000140        0x0 C:/ti/simplelink_msp432p4_sdk_2_20_00_12/source\ti/drivers/lib/drivers_msp432p401x.am4fg(PWMTimerMSP432.om4fg)
 .text          0x00000140        0x0 C:/ti/simplelink_msp432p4_sdk_2_20_00_12/source\ti/drivers/lib/drivers_msp432p401x.am4fg(SPI.om4fg)
 .text          0x00000140        0x0 C:/ti/simplelink_msp432p4_sdk_2_20_00_12/source\ti/drivers/lib/drivers_msp432p401x.am4fg(SPIMSP432DMA.om4fg)
 .text          0x00000140        0x0 C:/ti/simplelink_msp432p4_sdk_2_20_00_12/source\ti/drivers/lib/drivers_msp432p401x.am4fg(TimerMSP432.om4fg)
 .text          0x00000140        0x0 C:/ti/simplelink_msp432p4_sdk_2_20_00_12/source\ti/drivers/lib/drivers_msp432p401x.am4fg(UART.om4fg)
 .text          0x00000140        0x0 C:/ti/simplelink_msp432p4_sdk_2_20_00_12/source\ti/drivers/lib/drivers_msp432p401x.am4fg(UARTMSP432.om4fg)
 .text          0x00000140        0x0 C:/ti/simplelink_msp432p4_sdk_2_20_00_12/source\ti/drivers/lib/drivers_msp432p401x.am4fg(WatchdogMSP432.om4fg)
 .text          0x00000140        0x0 C:/ti/simplelink_msp432p4_sdk_2_20_00_12/source\ti/drivers/lib/drivers_msp432p401x.am4fg(List.om4fg)
 .text          0x00000140        0x0 C:/ti/simplelink_msp432p4_sdk_2_20_00_12/source\ti/drivers/lib/drivers_msp432p401x.am4fg(RingBuf.om4fg)
 .text          0x00000140        0x0 C:/ti/simplelink_msp432p4_sdk_2_20_00_12/source\ti/drivers/lib/drivers_msp432p401x.am4fg(ADCBuf.om4fg)
 .text          0x00000140        0x0 C:/Users/jfeli/workspace_v8/freertos_builds_MSP_EXP432P401R_release_gcc/Debug\libfreertos_builds_MSP_EXP432P401R_release_gcc.a(ClockP_freertos.o)
 .text          0x00000140        0x0 C:/Users/jfeli/workspace_v8/freertos_builds_MSP_EXP432P401R_release_gcc/Debug\libfreertos_builds_MSP_EXP432P401R_release_gcc.a(HwiPMSP432_freertos.o)
 .text          0x00000140        0x0 C:/Users/jfeli/workspace_v8/freertos_builds_MSP_EXP432P401R_release_gcc/Debug\libfreertos_builds_MSP_EXP432P401R_release_gcc.a(PowerMSP432_freertos.o)
 .text          0x00000140        0x0 C:/Users/jfeli/workspace_v8/freertos_builds_MSP_EXP432P401R_release_gcc/Debug\libfreertos_builds_MSP_EXP432P401R_release_gcc.a(SemaphoreP_freertos.o)
 .text          0x00000140        0x0 C:/Users/jfeli/workspace_v8/freertos_builds_MSP_EXP432P401R_release_gcc/Debug\libfreertos_builds_MSP_EXP432P401R_release_gcc.a(SystemP_freertos.o)
 .text          0x00000140        0x0 C:/Users/jfeli/workspace_v8/freertos_builds_MSP_EXP432P401R_release_gcc/Debug\libfreertos_builds_MSP_EXP432P401R_release_gcc.a(heap_4.o)
 .text          0x00000140        0x0 C:/Users/jfeli/workspace_v8/freertos_builds_MSP_EXP432P401R_release_gcc/Debug\libfreertos_builds_MSP_EXP432P401R_release_gcc.a(queue.o)
 .text          0x00000140        0x0 C:/Users/jfeli/workspace_v8/freertos_builds_MSP_EXP432P401R_release_gcc/Debug\libfreertos_builds_MSP_EXP432P401R_release_gcc.a(tasks.o)
 .text          0x00000140        0x0 C:/Users/jfeli/workspace_v8/freertos_builds_MSP_EXP432P401R_release_gcc/Debug\libfreertos_builds_MSP_EXP432P401R_release_gcc.a(timers.o)
 .text          0x00000140        0x0 C:/Users/jfeli/workspace_v8/freertos_builds_MSP_EXP432P401R_release_gcc/Debug\libfreertos_builds_MSP_EXP432P401R_release_gcc.a(port.o)
 .text          0x00000140        0x0 C:/Users/jfeli/workspace_v8/freertos_builds_MSP_EXP432P401R_release_gcc/Debug\libfreertos_builds_MSP_EXP432P401R_release_gcc.a(startup_msp432_gcc.o)
 .text          0x00000140        0x0 C:/Users/jfeli/workspace_v8/freertos_builds_MSP_EXP432P401R_release_gcc/Debug\libfreertos_builds_MSP_EXP432P401R_release_gcc.a(list.o)
 .text          0x00000140        0x0 C:/ti/simplelink_msp432p4_sdk_2_20_00_12/source\ti/devices/msp432p4xx/driverlib/gcc/msp432p4xx_driverlib.a(cpu.o)
 .text          0x00000140        0x0 C:/ti/simplelink_msp432p4_sdk_2_20_00_12/source\ti/devices/msp432p4xx/driverlib/gcc/msp432p4xx_driverlib.a(cs.o)
 .text          0x00000140        0x0 C:/ti/simplelink_msp432p4_sdk_2_20_00_12/source\ti/devices/msp432p4xx/driverlib/gcc/msp432p4xx_driverlib.a(dma.o)
 .text          0x00000140        0x0 C:/ti/simplelink_msp432p4_sdk_2_20_00_12/source\ti/devices/msp432p4xx/driverlib/gcc/msp432p4xx_driverlib.a(gpio.o)
 .text          0x00000140        0x0 C:/ti/simplelink_msp432p4_sdk_2_20_00_12/source\ti/devices/msp432p4xx/driverlib/gcc/msp432p4xx_driverlib.a(i2c.o)
 .text          0x00000140        0x0 C:/ti/simplelink_msp432p4_sdk_2_20_00_12/source\ti/devices/msp432p4xx/driverlib/gcc/msp432p4xx_driverlib.a(interrupt.o)
 .text          0x00000140        0x0 C:/ti/simplelink_msp432p4_sdk_2_20_00_12/source\ti/devices/msp432p4xx/driverlib/gcc/msp432p4xx_driverlib.a(spi.o)
 .text          0x00000140        0x0 C:/ti/simplelink_msp432p4_sdk_2_20_00_12/source\ti/devices/msp432p4xx/driverlib/gcc/msp432p4xx_driverlib.a(sysctl.o)
 .text          0x00000140        0x0 C:/ti/simplelink_msp432p4_sdk_2_20_00_12/source\ti/devices/msp432p4xx/driverlib/gcc/msp432p4xx_driverlib.a(sysctl_a.o)
 .text          0x00000140        0x0 C:/ti/simplelink_msp432p4_sdk_2_20_00_12/source\ti/devices/msp432p4xx/driverlib/gcc/msp432p4xx_driverlib.a(timer_a.o)
 .text          0x00000140      0x378 c:/ti/ccsv8/tools/compiler/gcc-arm-none-eabi-7-2017-q4-major-win32/bin/../lib/gcc/arm-none-eabi/7.2.1/thumb/v7e-m/fpv4-sp/hard\libgcc.a(_arm_addsubdf3.o)
                0x00000140                __aeabi_drsub
                0x00000148                __aeabi_dsub
                0x00000148                __subdf3
                0x0000014c                __aeabi_dadd
                0x0000014c                __adddf3
                0x000003c4                __floatunsidf
                0x000003c4                __aeabi_ui2d
                0x000003e4                __floatsidf
                0x000003e4                __aeabi_i2d
                0x00000408                __aeabi_f2d
                0x00000408                __extendsfdf2
                0x0000044c                __floatundidf
                0x0000044c                __aeabi_ul2d
                0x0000045c                __floatdidf
                0x0000045c                __aeabi_l2d
 .text          0x000004b8      0x424 c:/ti/ccsv8/tools/compiler/gcc-arm-none-eabi-7-2017-q4-major-win32/bin/../lib/gcc/arm-none-eabi/7.2.1/thumb/v7e-m/fpv4-sp/hard\libgcc.a(_arm_muldivdf3.o)
                0x000004b8                __aeabi_dmul
                0x000004b8                __muldf3
                0x0000070c                __divdf3
                0x0000070c                __aeabi_ddiv
 .text          0x000008dc      0x110 c:/ti/ccsv8/tools/compiler/gcc-arm-none-eabi-7-2017-q4-major-win32/bin/../lib/gcc/arm-none-eabi/7.2.1/thumb/v7e-m/fpv4-sp/hard\libgcc.a(_arm_cmpdf2.o)
                0x000008dc                __gtdf2
                0x000008dc                __gedf2
                0x000008e4                __ltdf2
                0x000008e4                __ledf2
                0x000008ec                __nedf2
                0x000008ec                __eqdf2
                0x000008ec                __cmpdf2
                0x00000968                __aeabi_cdrcmple
                0x00000978                __aeabi_cdcmpeq
                0x00000978                __aeabi_cdcmple
                0x00000988                __aeabi_dcmpeq
                0x0000099c                __aeabi_dcmplt
                0x000009b0                __aeabi_dcmple
                0x000009c4                __aeabi_dcmpge
                0x000009d8                __aeabi_dcmpgt
 .text          0x000009ec       0x50 c:/ti/ccsv8/tools/compiler/gcc-arm-none-eabi-7-2017-q4-major-win32/bin/../lib/gcc/arm-none-eabi/7.2.1/thumb/v7e-m/fpv4-sp/hard\libgcc.a(_arm_fixdfsi.o)
                0x000009ec                __aeabi_d2iz
                0x000009ec                __fixdfsi
 .text          0x00000a3c       0x40 c:/ti/ccsv8/tools/compiler/gcc-arm-none-eabi-7-2017-q4-major-win32/bin/../lib/gcc/arm-none-eabi/7.2.1/thumb/v7e-m/fpv4-sp/hard\libgcc.a(_arm_fixunsdfsi.o)
                0x00000a3c                __aeabi_d2uiz
                0x00000a3c                __fixunsdfsi
 .text          0x00000a7c       0x30 c:/ti/ccsv8/tools/compiler/gcc-arm-none-eabi-7-2017-q4-major-win32/bin/../lib/gcc/arm-none-eabi/7.2.1/thumb/v7e-m/fpv4-sp/hard\libgcc.a(_aeabi_uldivmod.o)
                0x00000a7c                __aeabi_uldivmod
 .text          0x00000aac      0x2cc c:/ti/ccsv8/tools/compiler/gcc-arm-none-eabi-7-2017-q4-major-win32/bin/../lib/gcc/arm-none-eabi/7.2.1/thumb/v7e-m/fpv4-sp/hard\libgcc.a(_udivmoddi4.o)
                0x00000aac                __udivmoddi4
 .text          0x00000d78        0x4 c:/ti/ccsv8/tools/compiler/gcc-arm-none-eabi-7-2017-q4-major-win32/bin/../lib/gcc/arm-none-eabi/7.2.1/thumb/v7e-m/fpv4-sp/hard\libgcc.a(_dvmd_tls.o)
                0x00000d78                __aeabi_idiv0
                0x00000d78                __aeabi_ldiv0
 .text          0x00000d7c        0x0 C:/ti/ccsv8/tools/compiler/gcc-arm-none-eabi-7-2017-q4-major-win32/arm-none-eabi/lib/thumb/v7e-m/fpv4-sp/hard\libc_nano.a(lib_a-findfp.o)
 .text          0x00000d7c        0x0 C:/ti/ccsv8/tools/compiler/gcc-arm-none-eabi-7-2017-q4-major-win32/arm-none-eabi/lib/thumb/v7e-m/fpv4-sp/hard\libc_nano.a(lib_a-fwalk.o)
 .text          0x00000d7c        0x0 C:/ti/ccsv8/tools/compiler/gcc-arm-none-eabi-7-2017-q4-major-win32/arm-none-eabi/lib/thumb/v7e-m/fpv4-sp/hard\libc_nano.a(lib_a-impure.o)
 .text          0x00000d7c        0x0 C:/ti/ccsv8/tools/compiler/gcc-arm-none-eabi-7-2017-q4-major-win32/arm-none-eabi/lib/thumb/v7e-m/fpv4-sp/hard\libc_nano.a(lib_a-memcpy-stub.o)
 .text          0x00000d7c        0x0 C:/ti/ccsv8/tools/compiler/gcc-arm-none-eabi-7-2017-q4-major-win32/arm-none-eabi/lib/thumb/v7e-m/fpv4-sp/hard\libc_nano.a(lib_a-memset.o)
 .text          0x00000d7c        0x0 C:/ti/ccsv8/tools/compiler/gcc-arm-none-eabi-7-2017-q4-major-win32/arm-none-eabi/lib/thumb/v7e-m/fpv4-sp/hard\libc_nano.a(lib_a-nano-mallocr.o)
 .text          0x00000d7c        0x0 C:/ti/ccsv8/tools/compiler/gcc-arm-none-eabi-7-2017-q4-major-win32/arm-none-eabi/lib/thumb/v7e-m/fpv4-sp/hard\libc_nano.a(lib_a-reent.o)
 .text          0x00000d7c        0x0 C:/ti/ccsv8/tools/compiler/gcc-arm-none-eabi-7-2017-q4-major-win32/arm-none-eabi/lib/thumb/v7e-m/fpv4-sp/hard\libc_nano.a(lib_a-sbrkr.o)
 .text          0x00000d7c        0x0 C:/ti/ccsv8/tools/compiler/gcc-arm-none-eabi-7-2017-q4-major-win32/arm-none-eabi/lib/thumb/v7e-m/fpv4-sp/hard\libc_nano.a(lib_a-stdio.o)
 .text          0x00000d7c       0x10 C:/ti/ccsv8/tools/compiler/gcc-arm-none-eabi-7-2017-q4-major-win32/arm-none-eabi/lib/thumb/v7e-m/fpv4-sp/hard\libc_nano.a(lib_a-strlen.o)
                0x00000d7c                strlen
 .text          0x00000d8c        0x0 C:/ti/ccsv8/tools/compiler/gcc-arm-none-eabi-7-2017-q4-major-win32/arm-none-eabi/lib/thumb/v7e-m/fpv4-sp/hard\libc_nano.a(lib_a-writer.o)
 .text          0x00000d8c        0x0 C:/ti/ccsv8/tools/compiler/gcc-arm-none-eabi-7-2017-q4-major-win32/arm-none-eabi/lib/thumb/v7e-m/fpv4-sp/hard\libc_nano.a(lib_a-closer.o)
 .text          0x00000d8c        0x0 C:/ti/ccsv8/tools/compiler/gcc-arm-none-eabi-7-2017-q4-major-win32/arm-none-eabi/lib/thumb/v7e-m/fpv4-sp/hard\libc_nano.a(lib_a-fflush.o)
 .text          0x00000d8c        0x0 C:/ti/ccsv8/tools/compiler/gcc-arm-none-eabi-7-2017-q4-major-win32/arm-none-eabi/lib/thumb/v7e-m/fpv4-sp/hard\libc_nano.a(lib_a-lseekr.o)
 .text          0x00000d8c        0x0 C:/ti/ccsv8/tools/compiler/gcc-arm-none-eabi-7-2017-q4-major-win32/arm-none-eabi/lib/thumb/v7e-m/fpv4-sp/hard\libc_nano.a(lib_a-mlock.o)
 .text          0x00000d8c        0x0 C:/ti/ccsv8/tools/compiler/gcc-arm-none-eabi-7-2017-q4-major-win32/arm-none-eabi/lib/thumb/v7e-m/fpv4-sp/hard\libc_nano.a(lib_a-nano-freer.o)
 .text          0x00000d8c        0x0 C:/ti/ccsv8/tools/compiler/gcc-arm-none-eabi-7-2017-q4-major-win32/arm-none-eabi/lib/thumb/v7e-m/fpv4-sp/hard\libc_nano.a(lib_a-readr.o)
 .text          0x00000d8c        0x0 C:/ti/ccsv8/tools/compiler/gcc-arm-none-eabi-7-2017-q4-major-win32/arm-none-eabi/lib/thumb/v7e-m/fpv4-sp/hard\libnosys.a(close.o)
 .text          0x00000d8c        0x0 C:/ti/ccsv8/tools/compiler/gcc-arm-none-eabi-7-2017-q4-major-win32/arm-none-eabi/lib/thumb/v7e-m/fpv4-sp/hard\libnosys.a(lseek.o)
 .text          0x00000d8c        0x0 C:/ti/ccsv8/tools/compiler/gcc-arm-none-eabi-7-2017-q4-major-win32/arm-none-eabi/lib/thumb/v7e-m/fpv4-sp/hard\libnosys.a(read.o)
 .text          0x00000d8c        0x0 C:/ti/ccsv8/tools/compiler/gcc-arm-none-eabi-7-2017-q4-major-win32/arm-none-eabi/lib/thumb/v7e-m/fpv4-sp/hard\libnosys.a(sbrk.o)
 .text          0x00000d8c        0x0 C:/ti/ccsv8/tools/compiler/gcc-arm-none-eabi-7-2017-q4-major-win32/arm-none-eabi/lib/thumb/v7e-m/fpv4-sp/hard\libnosys.a(write.o)
 *(.text.*)
 .text.MSP_EXP432P401R_initGeneral
                0x00000d8c        0xc ./MSP_EXP432P401R.o
                0x00000d8c                MSP_EXP432P401R_initGeneral
 .text.main     0x00000d98       0x50 ./main_freertos.o
                0x00000d98                main
 .text.vInitPerif
                0x00000de8       0xbc ./main_freertos.o
                0x00000de8                vInitPerif
 .text.vPID     0x00000ea4      0x338 ./main_freertos.o
                0x00000ea4                vPID
 .text.vSerial  0x000011dc      0x508 ./main_freertos.o
                0x000011dc                vSerial
 .text.vADC     0x000016e4       0xb8 ./main_freertos.o
                0x000016e4                vADC
 .text.vI2C_DAC
                0x0000179c       0xe8 ./main_freertos.o
                0x0000179c                vI2C_DAC
 .text.vApplicationMallocFailedHook
                0x00001884        0x6 ./main_freertos.o
                0x00001884                vApplicationMallocFailedHook
 .text.vApplicationStackOverflowHook
                0x0000188a        0xc ./main_freertos.o
                0x0000188a                vApplicationStackOverflowHook
 *fill*         0x00001896        0x2 
 .text.Init_valores
                0x00001898       0xb4 ./value.o
                0x00001898                Init_valores
 .text.Altera_timer
                0x0000194c       0x28 ./value.o
                0x0000194c                Altera_timer
 .text.Altera_ie1
                0x00001974       0x20 ./value.o
                0x00001974                Altera_ie1
 .text.Altera_e1
                0x00001994       0x20 ./value.o
                0x00001994                Altera_e1
 .text.Altera_Kp1
                0x000019b4       0x20 ./value.o
                0x000019b4                Altera_Kp1
 .text.Altera_Ki1
                0x000019d4       0x20 ./value.o
                0x000019d4                Altera_Ki1
 .text.Altera_Kd1
                0x000019f4       0x20 ./value.o
                0x000019f4                Altera_Kd1
 .text.Altera_ref1
                0x00001a14       0x48 ./value.o
                0x00001a14                Altera_ref1
 .text.Altera_ie2
                0x00001a5c       0x20 ./value.o
                0x00001a5c                Altera_ie2
 .text.Altera_e2
                0x00001a7c       0x20 ./value.o
                0x00001a7c                Altera_e2
 .text.Altera_Kp2
                0x00001a9c       0x20 ./value.o
                0x00001a9c                Altera_Kp2
 .text.Altera_Ki2
                0x00001abc       0x20 ./value.o
                0x00001abc                Altera_Ki2
 .text.Altera_Kd2
                0x00001adc       0x20 ./value.o
                0x00001adc                Altera_Kd2
 .text.Altera_ref2
                0x00001afc       0x48 ./value.o
                0x00001afc                Altera_ref2
 .text.Retorna_timer
                0x00001b44       0x18 ./value.o
                0x00001b44                Retorna_timer
 .text.Retorna_Kp1
                0x00001b5c       0x1c ./value.o
                0x00001b5c                Retorna_Kp1
 .text.Retorna_Ki1
                0x00001b78       0x1c ./value.o
                0x00001b78                Retorna_Ki1
 .text.Retorna_Kd1
                0x00001b94       0x1c ./value.o
                0x00001b94                Retorna_Kd1
 .text.Retorna_ref1
                0x00001bb0       0x1c ./value.o
                0x00001bb0                Retorna_ref1
 .text.Retorna_e1
                0x00001bcc       0x1c ./value.o
                0x00001bcc                Retorna_e1
 .text.Retorna_ie1
                0x00001be8       0x1c ./value.o
                0x00001be8                Retorna_ie1
 .text.Retorna_Kp2
                0x00001c04       0x1c ./value.o
                0x00001c04                Retorna_Kp2
 .text.Retorna_Ki2
                0x00001c20       0x1c ./value.o
                0x00001c20                Retorna_Ki2
 .text.Retorna_Kd2
                0x00001c3c       0x1c ./value.o
                0x00001c3c                Retorna_Kd2
 .text.Retorna_ref2
                0x00001c58       0x1c ./value.o
                0x00001c58                Retorna_ref2
 .text.Retorna_e2
                0x00001c74       0x1c ./value.o
                0x00001c74                Retorna_e2
 .text.Retorna_ie2
                0x00001c90       0x1c ./value.o
                0x00001c90                Retorna_ie2
 .text.Display_doInit
                0x00001cac       0x2c C:/ti/simplelink_msp432p4_sdk_2_20_00_12/source\ti/display/lib/display.am4fg(Display.om4fg)
                0x00001cac                Display_doInit
 .text.DisplayUartMin_init
                0x00001cd8        0x4 C:/ti/simplelink_msp432p4_sdk_2_20_00_12/source\ti/display/lib/display.am4fg(DisplayUart.om4fg)
                0x00001cd8                DisplayUartMin_init
 .text.DisplayUartMin_clearLines
                0x00001cdc        0x4 C:/ti/simplelink_msp432p4_sdk_2_20_00_12/source\ti/display/lib/display.am4fg(DisplayUart.om4fg)
                0x00001cdc                DisplayUartMin_clearLines
 .text.DisplayUartMin_control
                0x00001ce0        0x8 C:/ti/simplelink_msp432p4_sdk_2_20_00_12/source\ti/display/lib/display.am4fg(DisplayUart.om4fg)
                0x00001ce0                DisplayUartMin_control
 .text.DisplayUartMin_getType
                0x00001ce8        0x8 C:/ti/simplelink_msp432p4_sdk_2_20_00_12/source\ti/display/lib/display.am4fg(DisplayUart.om4fg)
                0x00001ce8                DisplayUartMin_getType
 .text.DisplayUartMin_open
                0x00001cf0       0x48 C:/ti/simplelink_msp432p4_sdk_2_20_00_12/source\ti/display/lib/display.am4fg(DisplayUart.om4fg)
                0x00001cf0                DisplayUartMin_open
 .text.DisplayUartMin_vprintf
                0x00001d38       0x4c C:/ti/simplelink_msp432p4_sdk_2_20_00_12/source\ti/display/lib/display.am4fg(DisplayUart.om4fg)
                0x00001d38                DisplayUartMin_vprintf
 .text.DisplayUartMin_close
                0x00001d84       0x18 C:/ti/simplelink_msp432p4_sdk_2_20_00_12/source\ti/display/lib/display.am4fg(DisplayUart.om4fg)
                0x00001d84                DisplayUartMin_close
 .text.DisplayUartMin_clear
                0x00001d9c        0x4 C:/ti/simplelink_msp432p4_sdk_2_20_00_12/source\ti/display/lib/display.am4fg(DisplayUart.om4fg)
                0x00001d9c                DisplayUartMin_clear
 .text.ADC_convert
                0x00001da0        0x8 C:/ti/simplelink_msp432p4_sdk_2_20_00_12/source\ti/drivers/lib/drivers_msp432p401x.am4fg(ADC.om4fg)
                0x00001da0                ADC_convert
 .text.ADC_convertToMicroVolts
                0x00001da8        0x8 C:/ti/simplelink_msp432p4_sdk_2_20_00_12/source\ti/drivers/lib/drivers_msp432p401x.am4fg(ADC.om4fg)
                0x00001da8                ADC_convertToMicroVolts
 .text.ADC_init
                0x00001db0       0x4c C:/ti/simplelink_msp432p4_sdk_2_20_00_12/source\ti/drivers/lib/drivers_msp432p401x.am4fg(ADC.om4fg)
                0x00001db0                ADC_init
 .text.ADC_open
                0x00001dfc       0x44 C:/ti/simplelink_msp432p4_sdk_2_20_00_12/source\ti/drivers/lib/drivers_msp432p401x.am4fg(ADC.om4fg)
                0x00001dfc                ADC_open
 .text.ADC_Params_init
                0x00001e40        0xc C:/ti/simplelink_msp432p4_sdk_2_20_00_12/source\ti/drivers/lib/drivers_msp432p401x.am4fg(ADC.om4fg)
                0x00001e40                ADC_Params_init
 .text.ADCMSP432_control
                0x00001e4c        0x8 C:/ti/simplelink_msp432p4_sdk_2_20_00_12/source\ti/drivers/lib/drivers_msp432p401x.am4fg(ADCMSP432.om4fg)
                0x00001e4c                ADCMSP432_control
 .text.ADCMSP432_convertToMicroVolts
                0x00001e54       0xc4 C:/ti/simplelink_msp432p4_sdk_2_20_00_12/source\ti/drivers/lib/drivers_msp432p401x.am4fg(ADCMSP432.om4fg)
                0x00001e54                ADCMSP432_convertToMicroVolts
 .text.ADCMSP432_close
                0x00001f18       0x40 C:/ti/simplelink_msp432p4_sdk_2_20_00_12/source\ti/drivers/lib/drivers_msp432p401x.am4fg(ADCMSP432.om4fg)
                0x00001f18                ADCMSP432_close
 .text.ADCMSP432_convert
                0x00001f58      0x114 C:/ti/simplelink_msp432p4_sdk_2_20_00_12/source\ti/drivers/lib/drivers_msp432p401x.am4fg(ADCMSP432.om4fg)
                0x00001f58                ADCMSP432_convert
 .text.ADCMSP432_init
                0x0000206c       0x34 C:/ti/simplelink_msp432p4_sdk_2_20_00_12/source\ti/drivers/lib/drivers_msp432p401x.am4fg(ADCMSP432.om4fg)
                0x0000206c                ADCMSP432_init
 .text.ADCMSP432_open
                0x000020a0       0xe4 C:/ti/simplelink_msp432p4_sdk_2_20_00_12/source\ti/drivers/lib/drivers_msp432p401x.am4fg(ADCMSP432.om4fg)
                0x000020a0                ADCMSP432_open
 .text.GPIO_hwiIntFxn
                0x00002184       0x64 C:/ti/simplelink_msp432p4_sdk_2_20_00_12/source\ti/drivers/lib/drivers_msp432p401x.am4fg(GPIOMSP432.om4fg)
                0x00002184                GPIO_hwiIntFxn
 .text.GPIO_setCallback
                0x000021e8       0x68 C:/ti/simplelink_msp432p4_sdk_2_20_00_12/source\ti/drivers/lib/drivers_msp432p401x.am4fg(GPIOMSP432.om4fg)
                0x000021e8                GPIO_setCallback
 .text.GPIO_setConfig
                0x00002250      0x184 C:/ti/simplelink_msp432p4_sdk_2_20_00_12/source\ti/drivers/lib/drivers_msp432p401x.am4fg(GPIOMSP432.om4fg)
                0x00002250                GPIO_setConfig
 .text.GPIO_init
                0x000023d4       0xe0 C:/ti/simplelink_msp432p4_sdk_2_20_00_12/source\ti/drivers/lib/drivers_msp432p401x.am4fg(GPIOMSP432.om4fg)
                0x000023d4                GPIO_init
 .text.GPIO_write
                0x000024b4       0x64 C:/ti/simplelink_msp432p4_sdk_2_20_00_12/source\ti/drivers/lib/drivers_msp432p401x.am4fg(GPIOMSP432.om4fg)
                0x000024b4                GPIO_write
 .text.I2C_init
                0x00002518       0x4c C:/ti/simplelink_msp432p4_sdk_2_20_00_12/source\ti/drivers/lib/drivers_msp432p401x.am4fg(I2C.om4fg)
                0x00002518                I2C_init
 .text.I2C_open
                0x00002564       0x44 C:/ti/simplelink_msp432p4_sdk_2_20_00_12/source\ti/drivers/lib/drivers_msp432p401x.am4fg(I2C.om4fg)
                0x00002564                I2C_open
 .text.I2C_Params_init
                0x000025a8        0xc C:/ti/simplelink_msp432p4_sdk_2_20_00_12/source\ti/drivers/lib/drivers_msp432p401x.am4fg(I2C.om4fg)
                0x000025a8                I2C_Params_init
 .text.I2C_transfer
                0x000025b4        0x8 C:/ti/simplelink_msp432p4_sdk_2_20_00_12/source\ti/drivers/lib/drivers_msp432p401x.am4fg(I2C.om4fg)
                0x000025b4                I2C_transfer
 .text.I2CMSP432_control
                0x000025bc        0x8 C:/ti/simplelink_msp432p4_sdk_2_20_00_12/source\ti/drivers/lib/drivers_msp432p401x.am4fg(I2CMSP432.om4fg)
                0x000025bc                I2CMSP432_control
 .text.I2CMSP432_init
                0x000025c4        0x4 C:/ti/simplelink_msp432p4_sdk_2_20_00_12/source\ti/drivers/lib/drivers_msp432p401x.am4fg(I2CMSP432.om4fg)
                0x000025c4                I2CMSP432_init
 .text.I2CMSP432_close
                0x000025c8       0x70 C:/ti/simplelink_msp432p4_sdk_2_20_00_12/source\ti/drivers/lib/drivers_msp432p401x.am4fg(I2CMSP432.om4fg)
                0x000025c8                I2CMSP432_close
 .text.blockingTransferCallback
                0x00002638        0x8 C:/ti/simplelink_msp432p4_sdk_2_20_00_12/source\ti/drivers/lib/drivers_msp432p401x.am4fg(I2CMSP432.om4fg)
 .text.initHw.isra.0
                0x00002640       0x6c C:/ti/simplelink_msp432p4_sdk_2_20_00_12/source\ti/drivers/lib/drivers_msp432p401x.am4fg(I2CMSP432.om4fg)
 .text.perfChangeNotifyFxn
                0x000026ac       0x48 C:/ti/simplelink_msp432p4_sdk_2_20_00_12/source\ti/drivers/lib/drivers_msp432p401x.am4fg(I2CMSP432.om4fg)
 .text.I2CMSP432_cancel
                0x000026f4       0xac C:/ti/simplelink_msp432p4_sdk_2_20_00_12/source\ti/drivers/lib/drivers_msp432p401x.am4fg(I2CMSP432.om4fg)
                0x000026f4                I2CMSP432_cancel
 .text.I2CMSP432_open
                0x000027a0      0x254 C:/ti/simplelink_msp432p4_sdk_2_20_00_12/source\ti/drivers/lib/drivers_msp432p401x.am4fg(I2CMSP432.om4fg)
                0x000027a0                I2CMSP432_open
 .text.primeTransfer.isra.1
                0x000029f4       0x80 C:/ti/simplelink_msp432p4_sdk_2_20_00_12/source\ti/drivers/lib/drivers_msp432p401x.am4fg(I2CMSP432.om4fg)
 .text.completeTransfer
                0x00002a74       0x48 C:/ti/simplelink_msp432p4_sdk_2_20_00_12/source\ti/drivers/lib/drivers_msp432p401x.am4fg(I2CMSP432.om4fg)
 .text.I2CMSP432_hwiIntFxn
                0x00002abc      0x174 C:/ti/simplelink_msp432p4_sdk_2_20_00_12/source\ti/drivers/lib/drivers_msp432p401x.am4fg(I2CMSP432.om4fg)
                0x00002abc                I2CMSP432_hwiIntFxn
 .text.I2CMSP432_transfer
                0x00002c30       0xa0 C:/ti/simplelink_msp432p4_sdk_2_20_00_12/source\ti/drivers/lib/drivers_msp432p401x.am4fg(I2CMSP432.om4fg)
                0x00002c30                I2CMSP432_transfer
 .text.notify   0x00002cd0       0x34 C:/ti/simplelink_msp432p4_sdk_2_20_00_12/source\ti/drivers/lib/drivers_msp432p401x.am4fg(PowerMSP432.om4fg)
 .text.restartHFXT
                0x00002d04       0x88 C:/ti/simplelink_msp432p4_sdk_2_20_00_12/source\ti/drivers/lib/drivers_msp432p401x.am4fg(PowerMSP432.om4fg)
 .text.Power_getConstraintMask
                0x00002d8c        0xc C:/ti/simplelink_msp432p4_sdk_2_20_00_12/source\ti/drivers/lib/drivers_msp432p401x.am4fg(PowerMSP432.om4fg)
                0x00002d8c                Power_getConstraintMask
 .text.Power_getPerformanceLevel
                0x00002d98        0xc C:/ti/simplelink_msp432p4_sdk_2_20_00_12/source\ti/drivers/lib/drivers_msp432p401x.am4fg(PowerMSP432.om4fg)
                0x00002d98                Power_getPerformanceLevel
 .text.Power_idleFunc
                0x00002da4       0x14 C:/ti/simplelink_msp432p4_sdk_2_20_00_12/source\ti/drivers/lib/drivers_msp432p401x.am4fg(PowerMSP432.om4fg)
                0x00002da4                Power_idleFunc
 .text.Power_init
                0x00002db8      0x34c C:/ti/simplelink_msp432p4_sdk_2_20_00_12/source\ti/drivers/lib/drivers_msp432p401x.am4fg(PowerMSP432.om4fg)
                0x00002db8                Power_init
 .text.Power_registerNotify
                0x00003104       0x24 C:/ti/simplelink_msp432p4_sdk_2_20_00_12/source\ti/drivers/lib/drivers_msp432p401x.am4fg(PowerMSP432.om4fg)
                0x00003104                Power_registerNotify
 .text.Power_releaseConstraint
                0x00003128       0x48 C:/ti/simplelink_msp432p4_sdk_2_20_00_12/source\ti/drivers/lib/drivers_msp432p401x.am4fg(PowerMSP432.om4fg)
                0x00003128                Power_releaseConstraint
 .text.Power_setConstraint
                0x00003170       0x34 C:/ti/simplelink_msp432p4_sdk_2_20_00_12/source\ti/drivers/lib/drivers_msp432p401x.am4fg(PowerMSP432.om4fg)
                0x00003170                Power_setConstraint
 .text.Power_sleep
                0x000031a4      0x400 C:/ti/simplelink_msp432p4_sdk_2_20_00_12/source\ti/drivers/lib/drivers_msp432p401x.am4fg(PowerMSP432.om4fg)
                0x000031a4                Power_sleep
 .text.Power_unregisterNotify
                0x000035a4       0x20 C:/ti/simplelink_msp432p4_sdk_2_20_00_12/source\ti/drivers/lib/drivers_msp432p401x.am4fg(PowerMSP432.om4fg)
                0x000035a4                Power_unregisterNotify
 .text.PowerMSP432_getFreqs
                0x000035c4       0x54 C:/ti/simplelink_msp432p4_sdk_2_20_00_12/source\ti/drivers/lib/drivers_msp432p401x.am4fg(PowerMSP432.om4fg)
                0x000035c4                PowerMSP432_getFreqs
 .text.PowerMSP432_getNumPerfLevels
                0x00003618        0xc C:/ti/simplelink_msp432p4_sdk_2_20_00_12/source\ti/drivers/lib/drivers_msp432p401x.am4fg(PowerMSP432.om4fg)
                0x00003618                PowerMSP432_getNumPerfLevels
 .text.UART_close
                0x00003624        0x8 C:/ti/simplelink_msp432p4_sdk_2_20_00_12/source\ti/drivers/lib/drivers_msp432p401x.am4fg(UART.om4fg)
                0x00003624                UART_close
 .text.UART_control
                0x0000362c        0x8 C:/ti/simplelink_msp432p4_sdk_2_20_00_12/source\ti/drivers/lib/drivers_msp432p401x.am4fg(UART.om4fg)
                0x0000362c                UART_control
 .text.UART_init
                0x00003634       0x4c C:/ti/simplelink_msp432p4_sdk_2_20_00_12/source\ti/drivers/lib/drivers_msp432p401x.am4fg(UART.om4fg)
                0x00003634                UART_init
 .text.UART_open
                0x00003680       0x44 C:/ti/simplelink_msp432p4_sdk_2_20_00_12/source\ti/drivers/lib/drivers_msp432p401x.am4fg(UART.om4fg)
                0x00003680                UART_open
 .text.UART_Params_init
                0x000036c4       0x1c C:/ti/simplelink_msp432p4_sdk_2_20_00_12/source\ti/drivers/lib/drivers_msp432p401x.am4fg(UART.om4fg)
                0x000036c4                UART_Params_init
 .text.UART_read
                0x000036e0        0x8 C:/ti/simplelink_msp432p4_sdk_2_20_00_12/source\ti/drivers/lib/drivers_msp432p401x.am4fg(UART.om4fg)
                0x000036e0                UART_read
 .text.UART_write
                0x000036e8        0x8 C:/ti/simplelink_msp432p4_sdk_2_20_00_12/source\ti/drivers/lib/drivers_msp432p401x.am4fg(UART.om4fg)
                0x000036e8                UART_write
 .text.initHw   0x000036f0       0xbc C:/ti/simplelink_msp432p4_sdk_2_20_00_12/source\ti/drivers/lib/drivers_msp432p401x.am4fg(UARTMSP432.om4fg)
 .text.UARTMSP432_init
                0x000037ac        0x4 C:/ti/simplelink_msp432p4_sdk_2_20_00_12/source\ti/drivers/lib/drivers_msp432p401x.am4fg(UARTMSP432.om4fg)
                0x000037ac                UARTMSP432_init
 .text.UARTMSP432_close
                0x000037b0       0x94 C:/ti/simplelink_msp432p4_sdk_2_20_00_12/source\ti/drivers/lib/drivers_msp432p401x.am4fg(UARTMSP432.om4fg)
                0x000037b0                UARTMSP432_close
 .text.UARTMSP432_control
                0x00003844       0xbc C:/ti/simplelink_msp432p4_sdk_2_20_00_12/source\ti/drivers/lib/drivers_msp432p401x.am4fg(UARTMSP432.om4fg)
                0x00003844                UARTMSP432_control
 .text.UARTMSP432_writePolling
                0x00003900       0xb0 C:/ti/simplelink_msp432p4_sdk_2_20_00_12/source\ti/drivers/lib/drivers_msp432p401x.am4fg(UARTMSP432.om4fg)
                0x00003900                UARTMSP432_writePolling
 .text.UARTMSP432_read
                0x000039b0       0x40 C:/ti/simplelink_msp432p4_sdk_2_20_00_12/source\ti/drivers/lib/drivers_msp432p401x.am4fg(UARTMSP432.om4fg)
                0x000039b0                UARTMSP432_read
 .text.UARTMSP432_readCancel
                0x000039f0       0x38 C:/ti/simplelink_msp432p4_sdk_2_20_00_12/source\ti/drivers/lib/drivers_msp432p401x.am4fg(UARTMSP432.om4fg)
                0x000039f0                UARTMSP432_readCancel
 .text.UARTMSP432_writeCancel
                0x00003a28       0x60 C:/ti/simplelink_msp432p4_sdk_2_20_00_12/source\ti/drivers/lib/drivers_msp432p401x.am4fg(UARTMSP432.om4fg)
                0x00003a28                UARTMSP432_writeCancel
 .text.perfChangeNotifyFxn
                0x00003a88       0x40 C:/ti/simplelink_msp432p4_sdk_2_20_00_12/source\ti/drivers/lib/drivers_msp432p401x.am4fg(UARTMSP432.om4fg)
 .text.UARTMSP432_open
                0x00003ac8      0x36c C:/ti/simplelink_msp432p4_sdk_2_20_00_12/source\ti/drivers/lib/drivers_msp432p401x.am4fg(UARTMSP432.om4fg)
                0x00003ac8                UARTMSP432_open
 .text.readIsrTextBlocking
                0x00003e34       0x8c C:/ti/simplelink_msp432p4_sdk_2_20_00_12/source\ti/drivers/lib/drivers_msp432p401x.am4fg(UARTMSP432.om4fg)
 .text.readIsrBinaryBlocking
                0x00003ec0       0x58 C:/ti/simplelink_msp432p4_sdk_2_20_00_12/source\ti/drivers/lib/drivers_msp432p401x.am4fg(UARTMSP432.om4fg)
 .text.readTaskCallback
                0x00003f18       0xb8 C:/ti/simplelink_msp432p4_sdk_2_20_00_12/source\ti/drivers/lib/drivers_msp432p401x.am4fg(UARTMSP432.om4fg)
 .text.readIsrTextCallback
                0x00003fd0       0x98 C:/ti/simplelink_msp432p4_sdk_2_20_00_12/source\ti/drivers/lib/drivers_msp432p401x.am4fg(UARTMSP432.om4fg)
 .text.readIsrBinaryCallback
                0x00004068       0x50 C:/ti/simplelink_msp432p4_sdk_2_20_00_12/source\ti/drivers/lib/drivers_msp432p401x.am4fg(UARTMSP432.om4fg)
 .text.UARTMSP432_readPolling
                0x000040b8       0xd8 C:/ti/simplelink_msp432p4_sdk_2_20_00_12/source\ti/drivers/lib/drivers_msp432p401x.am4fg(UARTMSP432.om4fg)
                0x000040b8                UARTMSP432_readPolling
 .text.UARTMSP432_write
                0x00004190       0x90 C:/ti/simplelink_msp432p4_sdk_2_20_00_12/source\ti/drivers/lib/drivers_msp432p401x.am4fg(UARTMSP432.om4fg)
                0x00004190                UARTMSP432_write
 .text.readTaskBlocking
                0x00004220       0xb0 C:/ti/simplelink_msp432p4_sdk_2_20_00_12/source\ti/drivers/lib/drivers_msp432p401x.am4fg(UARTMSP432.om4fg)
 .text.readBlockingTimeout
                0x000042d0       0x10 C:/ti/simplelink_msp432p4_sdk_2_20_00_12/source\ti/drivers/lib/drivers_msp432p401x.am4fg(UARTMSP432.om4fg)
 .text.readSemCallback
                0x000042e0        0x8 C:/ti/simplelink_msp432p4_sdk_2_20_00_12/source\ti/drivers/lib/drivers_msp432p401x.am4fg(UARTMSP432.om4fg)
 .text.writeSemCallback
                0x000042e8        0x8 C:/ti/simplelink_msp432p4_sdk_2_20_00_12/source\ti/drivers/lib/drivers_msp432p401x.am4fg(UARTMSP432.om4fg)
 .text.UARTMSP432_hwiIntFxn
                0x000042f0      0x13c C:/ti/simplelink_msp432p4_sdk_2_20_00_12/source\ti/drivers/lib/drivers_msp432p401x.am4fg(UARTMSP432.om4fg)
                0x000042f0                UARTMSP432_hwiIntFxn
 .text.List_put
                0x0000442c       0x2c C:/ti/simplelink_msp432p4_sdk_2_20_00_12/source\ti/drivers/lib/drivers_msp432p401x.am4fg(List.om4fg)
                0x0000442c                List_put
 .text.List_remove
                0x00004458       0x30 C:/ti/simplelink_msp432p4_sdk_2_20_00_12/source\ti/drivers/lib/drivers_msp432p401x.am4fg(List.om4fg)
                0x00004458                List_remove
 .text.RingBuf_construct
                0x00004488       0x18 C:/ti/simplelink_msp432p4_sdk_2_20_00_12/source\ti/drivers/lib/drivers_msp432p401x.am4fg(RingBuf.om4fg)
                0x00004488                RingBuf_construct
 .text.RingBuf_get
                0x000044a0       0x40 C:/ti/simplelink_msp432p4_sdk_2_20_00_12/source\ti/drivers/lib/drivers_msp432p401x.am4fg(RingBuf.om4fg)
                0x000044a0                RingBuf_get
 .text.RingBuf_peek
                0x000044e0       0x1c C:/ti/simplelink_msp432p4_sdk_2_20_00_12/source\ti/drivers/lib/drivers_msp432p401x.am4fg(RingBuf.om4fg)
                0x000044e0                RingBuf_peek
 .text.RingBuf_put
                0x000044fc       0x48 C:/ti/simplelink_msp432p4_sdk_2_20_00_12/source\ti/drivers/lib/drivers_msp432p401x.am4fg(RingBuf.om4fg)
                0x000044fc                RingBuf_put
 .text.ClockP_callbackFxn
                0x00004544       0x28 C:/Users/jfeli/workspace_v8/freertos_builds_MSP_EXP432P401R_release_gcc/Debug\libfreertos_builds_MSP_EXP432P401R_release_gcc.a(ClockP_freertos.o)
                0x00004544                ClockP_callbackFxn
 .text.ClockP_create
                0x0000456c       0x90 C:/Users/jfeli/workspace_v8/freertos_builds_MSP_EXP432P401R_release_gcc/Debug\libfreertos_builds_MSP_EXP432P401R_release_gcc.a(ClockP_freertos.o)
                0x0000456c                ClockP_create
 .text.ClockP_delete
                0x000045fc       0x54 C:/Users/jfeli/workspace_v8/freertos_builds_MSP_EXP432P401R_release_gcc/Debug\libfreertos_builds_MSP_EXP432P401R_release_gcc.a(ClockP_freertos.o)
                0x000045fc                ClockP_delete
 .text.ClockP_Params_init
                0x00004650       0x26 C:/Users/jfeli/workspace_v8/freertos_builds_MSP_EXP432P401R_release_gcc/Debug\libfreertos_builds_MSP_EXP432P401R_release_gcc.a(ClockP_freertos.o)
                0x00004650                ClockP_Params_init
 .text.ClockP_setTimeout
                0x00004676       0x20 C:/Users/jfeli/workspace_v8/freertos_builds_MSP_EXP432P401R_release_gcc/Debug\libfreertos_builds_MSP_EXP432P401R_release_gcc.a(ClockP_freertos.o)
                0x00004676                ClockP_setTimeout
 *fill*         0x00004696        0x2 
 .text.ClockP_start
                0x00004698       0xbc C:/Users/jfeli/workspace_v8/freertos_builds_MSP_EXP432P401R_release_gcc/Debug\libfreertos_builds_MSP_EXP432P401R_release_gcc.a(ClockP_freertos.o)
                0x00004698                ClockP_start
 .text.ClockP_stop
                0x00004754       0x70 C:/Users/jfeli/workspace_v8/freertos_builds_MSP_EXP432P401R_release_gcc/Debug\libfreertos_builds_MSP_EXP432P401R_release_gcc.a(ClockP_freertos.o)
                0x00004754                ClockP_stop
 .text.HwiP_disable
                0x000047c4       0x34 C:/Users/jfeli/workspace_v8/freertos_builds_MSP_EXP432P401R_release_gcc/Debug\libfreertos_builds_MSP_EXP432P401R_release_gcc.a(HwiPMSP432_freertos.o)
                0x000047c4                HwiP_disable
 .text.HwiP_restore
                0x000047f8       0x2c C:/Users/jfeli/workspace_v8/freertos_builds_MSP_EXP432P401R_release_gcc/Debug\libfreertos_builds_MSP_EXP432P401R_release_gcc.a(HwiPMSP432_freertos.o)
                0x000047f8                HwiP_restore
 .text.HwiP_delete
                0x00004824       0x20 C:/Users/jfeli/workspace_v8/freertos_builds_MSP_EXP432P401R_release_gcc/Debug\libfreertos_builds_MSP_EXP432P401R_release_gcc.a(HwiPMSP432_freertos.o)
                0x00004824                HwiP_delete
 .text.HwiP_dispatch
                0x00004844       0x58 C:/Users/jfeli/workspace_v8/freertos_builds_MSP_EXP432P401R_release_gcc/Debug\libfreertos_builds_MSP_EXP432P401R_release_gcc.a(HwiPMSP432_freertos.o)
                0x00004844                HwiP_dispatch
 .text.HwiP_create
                0x0000489c       0x78 C:/Users/jfeli/workspace_v8/freertos_builds_MSP_EXP432P401R_release_gcc/Debug\libfreertos_builds_MSP_EXP432P401R_release_gcc.a(HwiPMSP432_freertos.o)
                0x0000489c                HwiP_create
 .text.HwiP_inISR
                0x00004914       0x2c C:/Users/jfeli/workspace_v8/freertos_builds_MSP_EXP432P401R_release_gcc/Debug\libfreertos_builds_MSP_EXP432P401R_release_gcc.a(HwiPMSP432_freertos.o)
                0x00004914                HwiP_inISR
 .text.HwiP_Params_init
                0x00004940       0x28 C:/Users/jfeli/workspace_v8/freertos_builds_MSP_EXP432P401R_release_gcc/Debug\libfreertos_builds_MSP_EXP432P401R_release_gcc.a(HwiPMSP432_freertos.o)
                0x00004940                HwiP_Params_init
 .text.PowerMSP432_sleepPolicy
                0x00004968       0x4a C:/Users/jfeli/workspace_v8/freertos_builds_MSP_EXP432P401R_release_gcc/Debug\libfreertos_builds_MSP_EXP432P401R_release_gcc.a(PowerMSP432_freertos.o)
                0x00004968                PowerMSP432_sleepPolicy
 .text.PowerMSP432_initPolicy
                0x000049b2        0xe C:/Users/jfeli/workspace_v8/freertos_builds_MSP_EXP432P401R_release_gcc/Debug\libfreertos_builds_MSP_EXP432P401R_release_gcc.a(PowerMSP432_freertos.o)
                0x000049b2                PowerMSP432_initPolicy
 .text.PowerMSP432_updateFreqs
                0x000049c0       0x14 C:/Users/jfeli/workspace_v8/freertos_builds_MSP_EXP432P401R_release_gcc/Debug\libfreertos_builds_MSP_EXP432P401R_release_gcc.a(PowerMSP432_freertos.o)
                0x000049c0                PowerMSP432_updateFreqs
 .text.vPortSuppressTicksAndSleep
                0x000049d4       0x14 C:/Users/jfeli/workspace_v8/freertos_builds_MSP_EXP432P401R_release_gcc/Debug\libfreertos_builds_MSP_EXP432P401R_release_gcc.a(PowerMSP432_freertos.o)
                0x000049d4                vPortSuppressTicksAndSleep
 .text.SemaphoreP_create
                0x000049e8       0x64 C:/Users/jfeli/workspace_v8/freertos_builds_MSP_EXP432P401R_release_gcc/Debug\libfreertos_builds_MSP_EXP432P401R_release_gcc.a(SemaphoreP_freertos.o)
                0x000049e8                SemaphoreP_create
 .text.SemaphoreP_createBinary
                0x00004a4c       0x3a C:/Users/jfeli/workspace_v8/freertos_builds_MSP_EXP432P401R_release_gcc/Debug\libfreertos_builds_MSP_EXP432P401R_release_gcc.a(SemaphoreP_freertos.o)
                0x00004a4c                SemaphoreP_createBinary
 .text.SemaphoreP_delete
                0x00004a86       0x16 C:/Users/jfeli/workspace_v8/freertos_builds_MSP_EXP432P401R_release_gcc/Debug\libfreertos_builds_MSP_EXP432P401R_release_gcc.a(SemaphoreP_freertos.o)
                0x00004a86                SemaphoreP_delete
 .text.SemaphoreP_Params_init
                0x00004a9c       0x20 C:/Users/jfeli/workspace_v8/freertos_builds_MSP_EXP432P401R_release_gcc/Debug\libfreertos_builds_MSP_EXP432P401R_release_gcc.a(SemaphoreP_freertos.o)
                0x00004a9c                SemaphoreP_Params_init
 .text.SemaphoreP_pend
                0x00004abc       0x2a C:/Users/jfeli/workspace_v8/freertos_builds_MSP_EXP432P401R_release_gcc/Debug\libfreertos_builds_MSP_EXP432P401R_release_gcc.a(SemaphoreP_freertos.o)
                0x00004abc                SemaphoreP_pend
 .text.SemaphoreP_post
                0x00004ae6       0x3a C:/Users/jfeli/workspace_v8/freertos_builds_MSP_EXP432P401R_release_gcc/Debug\libfreertos_builds_MSP_EXP432P401R_release_gcc.a(SemaphoreP_freertos.o)
                0x00004ae6                SemaphoreP_post
 .text.SystemP_vsnprintf
                0x00004b20       0x26 C:/Users/jfeli/workspace_v8/freertos_builds_MSP_EXP432P401R_release_gcc/Debug\libfreertos_builds_MSP_EXP432P401R_release_gcc.a(SystemP_freertos.o)
                0x00004b20                SystemP_vsnprintf
 *fill*         0x00004b46        0x2 
 .text.doPrint  0x00004b48      0x4cc C:/Users/jfeli/workspace_v8/freertos_builds_MSP_EXP432P401R_release_gcc/Debug\libfreertos_builds_MSP_EXP432P401R_release_gcc.a(SystemP_freertos.o)
 .text.formatNum
                0x00005014       0xb0 C:/Users/jfeli/workspace_v8/freertos_builds_MSP_EXP432P401R_release_gcc/Debug\libfreertos_builds_MSP_EXP432P401R_release_gcc.a(SystemP_freertos.o)
 .text.putChar  0x000050c4       0x3c C:/Users/jfeli/workspace_v8/freertos_builds_MSP_EXP432P401R_release_gcc/Debug\libfreertos_builds_MSP_EXP432P401R_release_gcc.a(SystemP_freertos.o)
 .text.pvPortMalloc
                0x00005100      0x18c C:/Users/jfeli/workspace_v8/freertos_builds_MSP_EXP432P401R_release_gcc/Debug\libfreertos_builds_MSP_EXP432P401R_release_gcc.a(heap_4.o)
                0x00005100                pvPortMalloc
 .text.vPortFree
                0x0000528c       0xb0 C:/Users/jfeli/workspace_v8/freertos_builds_MSP_EXP432P401R_release_gcc/Debug\libfreertos_builds_MSP_EXP432P401R_release_gcc.a(heap_4.o)
                0x0000528c                vPortFree
 .text.prvHeapInit
                0x0000533c       0xc4 C:/Users/jfeli/workspace_v8/freertos_builds_MSP_EXP432P401R_release_gcc/Debug\libfreertos_builds_MSP_EXP432P401R_release_gcc.a(heap_4.o)
 .text.prvInsertBlockIntoFreeList
                0x00005400       0xb4 C:/Users/jfeli/workspace_v8/freertos_builds_MSP_EXP432P401R_release_gcc/Debug\libfreertos_builds_MSP_EXP432P401R_release_gcc.a(heap_4.o)
 .text.xQueueGenericReset
                0x000054b4       0xd0 C:/Users/jfeli/workspace_v8/freertos_builds_MSP_EXP432P401R_release_gcc/Debug\libfreertos_builds_MSP_EXP432P401R_release_gcc.a(queue.o)
                0x000054b4                xQueueGenericReset
 .text.xQueueGenericCreate
                0x00005584       0x72 C:/Users/jfeli/workspace_v8/freertos_builds_MSP_EXP432P401R_release_gcc/Debug\libfreertos_builds_MSP_EXP432P401R_release_gcc.a(queue.o)
                0x00005584                xQueueGenericCreate
 .text.prvInitialiseNewQueue
                0x000055f6       0x46 C:/Users/jfeli/workspace_v8/freertos_builds_MSP_EXP432P401R_release_gcc/Debug\libfreertos_builds_MSP_EXP432P401R_release_gcc.a(queue.o)
 .text.xQueueCreateCountingSemaphore
                0x0000563c       0x62 C:/Users/jfeli/workspace_v8/freertos_builds_MSP_EXP432P401R_release_gcc/Debug\libfreertos_builds_MSP_EXP432P401R_release_gcc.a(queue.o)
                0x0000563c                xQueueCreateCountingSemaphore
 *fill*         0x0000569e        0x2 
 .text.xQueueGenericSend
                0x000056a0      0x1f4 C:/Users/jfeli/workspace_v8/freertos_builds_MSP_EXP432P401R_release_gcc/Debug\libfreertos_builds_MSP_EXP432P401R_release_gcc.a(queue.o)
                0x000056a0                xQueueGenericSend
 .text.xQueueGenericSendFromISR
                0x00005894      0x128 C:/Users/jfeli/workspace_v8/freertos_builds_MSP_EXP432P401R_release_gcc/Debug\libfreertos_builds_MSP_EXP432P401R_release_gcc.a(queue.o)
                0x00005894                xQueueGenericSendFromISR
 .text.xQueueGiveFromISR
                0x000059bc      0x112 C:/Users/jfeli/workspace_v8/freertos_builds_MSP_EXP432P401R_release_gcc/Debug\libfreertos_builds_MSP_EXP432P401R_release_gcc.a(queue.o)
                0x000059bc                xQueueGiveFromISR
 *fill*         0x00005ace        0x2 
 .text.xQueueReceive
                0x00005ad0      0x1b8 C:/Users/jfeli/workspace_v8/freertos_builds_MSP_EXP432P401R_release_gcc/Debug\libfreertos_builds_MSP_EXP432P401R_release_gcc.a(queue.o)
                0x00005ad0                xQueueReceive
 .text.xQueueSemaphoreTake
                0x00005c88      0x210 C:/Users/jfeli/workspace_v8/freertos_builds_MSP_EXP432P401R_release_gcc/Debug\libfreertos_builds_MSP_EXP432P401R_release_gcc.a(queue.o)
                0x00005c88                xQueueSemaphoreTake
 .text.vQueueDelete
                0x00005e98       0x34 C:/Users/jfeli/workspace_v8/freertos_builds_MSP_EXP432P401R_release_gcc/Debug\libfreertos_builds_MSP_EXP432P401R_release_gcc.a(queue.o)
                0x00005e98                vQueueDelete
 .text.prvGetDisinheritPriorityAfterTimeout
                0x00005ecc       0x30 C:/Users/jfeli/workspace_v8/freertos_builds_MSP_EXP432P401R_release_gcc/Debug\libfreertos_builds_MSP_EXP432P401R_release_gcc.a(queue.o)
 .text.prvCopyDataToQueue
                0x00005efc       0xd4 C:/Users/jfeli/workspace_v8/freertos_builds_MSP_EXP432P401R_release_gcc/Debug\libfreertos_builds_MSP_EXP432P401R_release_gcc.a(queue.o)
 .text.prvCopyDataFromQueue
                0x00005fd0       0x4c C:/Users/jfeli/workspace_v8/freertos_builds_MSP_EXP432P401R_release_gcc/Debug\libfreertos_builds_MSP_EXP432P401R_release_gcc.a(queue.o)
 .text.prvUnlockQueue
                0x0000601c       0xa4 C:/Users/jfeli/workspace_v8/freertos_builds_MSP_EXP432P401R_release_gcc/Debug\libfreertos_builds_MSP_EXP432P401R_release_gcc.a(queue.o)
 .text.prvIsQueueEmpty
                0x000060c0       0x2c C:/Users/jfeli/workspace_v8/freertos_builds_MSP_EXP432P401R_release_gcc/Debug\libfreertos_builds_MSP_EXP432P401R_release_gcc.a(queue.o)
 .text.prvIsQueueFull
                0x000060ec       0x30 C:/Users/jfeli/workspace_v8/freertos_builds_MSP_EXP432P401R_release_gcc/Debug\libfreertos_builds_MSP_EXP432P401R_release_gcc.a(queue.o)
 .text.vQueueWaitForMessageRestricted
                0x0000611c       0x68 C:/Users/jfeli/workspace_v8/freertos_builds_MSP_EXP432P401R_release_gcc/Debug\libfreertos_builds_MSP_EXP432P401R_release_gcc.a(queue.o)
                0x0000611c                vQueueWaitForMessageRestricted
 .text.xTaskCreate
                0x00006184       0x82 C:/Users/jfeli/workspace_v8/freertos_builds_MSP_EXP432P401R_release_gcc/Debug\libfreertos_builds_MSP_EXP432P401R_release_gcc.a(tasks.o)
                0x00006184                xTaskCreate
 *fill*         0x00006206        0x2 
 .text.prvInitialiseNewTask
                0x00006208      0x140 C:/Users/jfeli/workspace_v8/freertos_builds_MSP_EXP432P401R_release_gcc/Debug\libfreertos_builds_MSP_EXP432P401R_release_gcc.a(tasks.o)
 .text.prvAddNewTaskToReadyList
                0x00006348       0xdc C:/Users/jfeli/workspace_v8/freertos_builds_MSP_EXP432P401R_release_gcc/Debug\libfreertos_builds_MSP_EXP432P401R_release_gcc.a(tasks.o)
 .text.vTaskDelayUntil
                0x00006424       0xf4 C:/Users/jfeli/workspace_v8/freertos_builds_MSP_EXP432P401R_release_gcc/Debug\libfreertos_builds_MSP_EXP432P401R_release_gcc.a(tasks.o)
                0x00006424                vTaskDelayUntil
 .text.vTaskStartScheduler
                0x00006518       0xac C:/Users/jfeli/workspace_v8/freertos_builds_MSP_EXP432P401R_release_gcc/Debug\libfreertos_builds_MSP_EXP432P401R_release_gcc.a(tasks.o)
                0x00006518                vTaskStartScheduler
 .text.vTaskSuspendAll
                0x000065c4       0x1c C:/Users/jfeli/workspace_v8/freertos_builds_MSP_EXP432P401R_release_gcc/Debug\libfreertos_builds_MSP_EXP432P401R_release_gcc.a(tasks.o)
                0x000065c4                vTaskSuspendAll
 .text.prvGetExpectedIdleTime
                0x000065e0       0x74 C:/Users/jfeli/workspace_v8/freertos_builds_MSP_EXP432P401R_release_gcc/Debug\libfreertos_builds_MSP_EXP432P401R_release_gcc.a(tasks.o)
 .text.xTaskResumeAll
                0x00006654      0x138 C:/Users/jfeli/workspace_v8/freertos_builds_MSP_EXP432P401R_release_gcc/Debug\libfreertos_builds_MSP_EXP432P401R_release_gcc.a(tasks.o)
                0x00006654                xTaskResumeAll
 .text.xTaskGetTickCount
                0x0000678c       0x20 C:/Users/jfeli/workspace_v8/freertos_builds_MSP_EXP432P401R_release_gcc/Debug\libfreertos_builds_MSP_EXP432P401R_release_gcc.a(tasks.o)
                0x0000678c                xTaskGetTickCount
 .text.xTaskGetTickCountFromISR
                0x000067ac       0x24 C:/Users/jfeli/workspace_v8/freertos_builds_MSP_EXP432P401R_release_gcc/Debug\libfreertos_builds_MSP_EXP432P401R_release_gcc.a(tasks.o)
                0x000067ac                xTaskGetTickCountFromISR
 .text.xTaskIncrementTick
                0x000067d0      0x158 C:/Users/jfeli/workspace_v8/freertos_builds_MSP_EXP432P401R_release_gcc/Debug\libfreertos_builds_MSP_EXP432P401R_release_gcc.a(tasks.o)
                0x000067d0                xTaskIncrementTick
 .text.vTaskSwitchContext
                0x00006928      0x10c C:/Users/jfeli/workspace_v8/freertos_builds_MSP_EXP432P401R_release_gcc/Debug\libfreertos_builds_MSP_EXP432P401R_release_gcc.a(tasks.o)
                0x00006928                vTaskSwitchContext
 .text.vTaskPlaceOnEventList
                0x00006a34       0x48 C:/Users/jfeli/workspace_v8/freertos_builds_MSP_EXP432P401R_release_gcc/Debug\libfreertos_builds_MSP_EXP432P401R_release_gcc.a(tasks.o)
                0x00006a34                vTaskPlaceOnEventList
 .text.vTaskPlaceOnEventListRestricted
                0x00006a7c       0x54 C:/Users/jfeli/workspace_v8/freertos_builds_MSP_EXP432P401R_release_gcc/Debug\libfreertos_builds_MSP_EXP432P401R_release_gcc.a(tasks.o)
                0x00006a7c                vTaskPlaceOnEventListRestricted
 .text.xTaskRemoveFromEventList
                0x00006ad0       0xc8 C:/Users/jfeli/workspace_v8/freertos_builds_MSP_EXP432P401R_release_gcc/Debug\libfreertos_builds_MSP_EXP432P401R_release_gcc.a(tasks.o)
                0x00006ad0                xTaskRemoveFromEventList
 .text.vTaskInternalSetTimeOutState
                0x00006b98       0x2c C:/Users/jfeli/workspace_v8/freertos_builds_MSP_EXP432P401R_release_gcc/Debug\libfreertos_builds_MSP_EXP432P401R_release_gcc.a(tasks.o)
                0x00006b98                vTaskInternalSetTimeOutState
 .text.xTaskCheckForTimeOut
                0x00006bc4       0xc0 C:/Users/jfeli/workspace_v8/freertos_builds_MSP_EXP432P401R_release_gcc/Debug\libfreertos_builds_MSP_EXP432P401R_release_gcc.a(tasks.o)
                0x00006bc4                xTaskCheckForTimeOut
 .text.vTaskMissedYield
                0x00006c84       0x18 C:/Users/jfeli/workspace_v8/freertos_builds_MSP_EXP432P401R_release_gcc/Debug\libfreertos_builds_MSP_EXP432P401R_release_gcc.a(tasks.o)
                0x00006c84                vTaskMissedYield
 .text.prvIdleTask
                0x00006c9c       0x5c C:/Users/jfeli/workspace_v8/freertos_builds_MSP_EXP432P401R_release_gcc/Debug\libfreertos_builds_MSP_EXP432P401R_release_gcc.a(tasks.o)
 .text.prvInitialiseTaskLists
                0x00006cf8       0x80 C:/Users/jfeli/workspace_v8/freertos_builds_MSP_EXP432P401R_release_gcc/Debug\libfreertos_builds_MSP_EXP432P401R_release_gcc.a(tasks.o)
 .text.prvCheckTasksWaitingTermination
                0x00006d78       0x58 C:/Users/jfeli/workspace_v8/freertos_builds_MSP_EXP432P401R_release_gcc/Debug\libfreertos_builds_MSP_EXP432P401R_release_gcc.a(tasks.o)
 .text.prvDeleteTCB
                0x00006dd0       0x2a C:/Users/jfeli/workspace_v8/freertos_builds_MSP_EXP432P401R_release_gcc/Debug\libfreertos_builds_MSP_EXP432P401R_release_gcc.a(tasks.o)
 *fill*         0x00006dfa        0x2 
 .text.prvResetNextTaskUnblockTime
                0x00006dfc       0x4c C:/Users/jfeli/workspace_v8/freertos_builds_MSP_EXP432P401R_release_gcc/Debug\libfreertos_builds_MSP_EXP432P401R_release_gcc.a(tasks.o)
 .text.xTaskGetSchedulerState
                0x00006e48       0x3c C:/Users/jfeli/workspace_v8/freertos_builds_MSP_EXP432P401R_release_gcc/Debug\libfreertos_builds_MSP_EXP432P401R_release_gcc.a(tasks.o)
                0x00006e48                xTaskGetSchedulerState
 .text.xTaskPriorityInherit
                0x00006e84      0x10c C:/Users/jfeli/workspace_v8/freertos_builds_MSP_EXP432P401R_release_gcc/Debug\libfreertos_builds_MSP_EXP432P401R_release_gcc.a(tasks.o)
                0x00006e84                xTaskPriorityInherit
 .text.xTaskPriorityDisinherit
                0x00006f90      0x108 C:/Users/jfeli/workspace_v8/freertos_builds_MSP_EXP432P401R_release_gcc/Debug\libfreertos_builds_MSP_EXP432P401R_release_gcc.a(tasks.o)
                0x00006f90                xTaskPriorityDisinherit
 .text.vTaskPriorityDisinheritAfterTimeout
                0x00007098      0x13c C:/Users/jfeli/workspace_v8/freertos_builds_MSP_EXP432P401R_release_gcc/Debug\libfreertos_builds_MSP_EXP432P401R_release_gcc.a(tasks.o)
                0x00007098                vTaskPriorityDisinheritAfterTimeout
 .text.pvTaskIncrementMutexHeldCount
                0x000071d4       0x28 C:/Users/jfeli/workspace_v8/freertos_builds_MSP_EXP432P401R_release_gcc/Debug\libfreertos_builds_MSP_EXP432P401R_release_gcc.a(tasks.o)
                0x000071d4                pvTaskIncrementMutexHeldCount
 .text.prvAddCurrentTaskToDelayedList
                0x000071fc       0xcc C:/Users/jfeli/workspace_v8/freertos_builds_MSP_EXP432P401R_release_gcc/Debug\libfreertos_builds_MSP_EXP432P401R_release_gcc.a(tasks.o)
 .text.xTimerCreateTimerTask
                0x000072c8       0x64 C:/Users/jfeli/workspace_v8/freertos_builds_MSP_EXP432P401R_release_gcc/Debug\libfreertos_builds_MSP_EXP432P401R_release_gcc.a(timers.o)
                0x000072c8                xTimerCreateTimerTask
 .text.xTimerCreate
                0x0000732c       0x3a C:/Users/jfeli/workspace_v8/freertos_builds_MSP_EXP432P401R_release_gcc/Debug\libfreertos_builds_MSP_EXP432P401R_release_gcc.a(timers.o)
                0x0000732c                xTimerCreate
 .text.prvInitialiseNewTimer
                0x00007366       0x62 C:/Users/jfeli/workspace_v8/freertos_builds_MSP_EXP432P401R_release_gcc/Debug\libfreertos_builds_MSP_EXP432P401R_release_gcc.a(timers.o)
 .text.xTimerGenericCommand
                0x000073c8       0x98 C:/Users/jfeli/workspace_v8/freertos_builds_MSP_EXP432P401R_release_gcc/Debug\libfreertos_builds_MSP_EXP432P401R_release_gcc.a(timers.o)
                0x000073c8                xTimerGenericCommand
 .text.prvProcessExpiredTimer
                0x00007460       0x80 C:/Users/jfeli/workspace_v8/freertos_builds_MSP_EXP432P401R_release_gcc/Debug\libfreertos_builds_MSP_EXP432P401R_release_gcc.a(timers.o)
 .text.prvTimerTask
                0x000074e0       0x24 C:/Users/jfeli/workspace_v8/freertos_builds_MSP_EXP432P401R_release_gcc/Debug\libfreertos_builds_MSP_EXP432P401R_release_gcc.a(timers.o)
 .text.prvProcessTimerOrBlockTask
                0x00007504       0x9c C:/Users/jfeli/workspace_v8/freertos_builds_MSP_EXP432P401R_release_gcc/Debug\libfreertos_builds_MSP_EXP432P401R_release_gcc.a(timers.o)
 .text.prvGetNextExpireTime
                0x000075a0       0x48 C:/Users/jfeli/workspace_v8/freertos_builds_MSP_EXP432P401R_release_gcc/Debug\libfreertos_builds_MSP_EXP432P401R_release_gcc.a(timers.o)
 .text.prvSampleTimeNow
                0x000075e8       0x40 C:/Users/jfeli/workspace_v8/freertos_builds_MSP_EXP432P401R_release_gcc/Debug\libfreertos_builds_MSP_EXP432P401R_release_gcc.a(timers.o)
 .text.prvInsertTimerInActiveList
                0x00007628       0x84 C:/Users/jfeli/workspace_v8/freertos_builds_MSP_EXP432P401R_release_gcc/Debug\libfreertos_builds_MSP_EXP432P401R_release_gcc.a(timers.o)
 .text.prvProcessReceivedCommands
                0x000076ac      0x124 C:/Users/jfeli/workspace_v8/freertos_builds_MSP_EXP432P401R_release_gcc/Debug\libfreertos_builds_MSP_EXP432P401R_release_gcc.a(timers.o)
 .text.prvSwitchTimerLists
                0x000077d0       0xc0 C:/Users/jfeli/workspace_v8/freertos_builds_MSP_EXP432P401R_release_gcc/Debug\libfreertos_builds_MSP_EXP432P401R_release_gcc.a(timers.o)
 .text.prvCheckForValidListAndQueue
                0x00007890       0x54 C:/Users/jfeli/workspace_v8/freertos_builds_MSP_EXP432P401R_release_gcc/Debug\libfreertos_builds_MSP_EXP432P401R_release_gcc.a(timers.o)
 .text.pvTimerGetTimerID
                0x000078e4       0x3e C:/Users/jfeli/workspace_v8/freertos_builds_MSP_EXP432P401R_release_gcc/Debug\libfreertos_builds_MSP_EXP432P401R_release_gcc.a(timers.o)
                0x000078e4                pvTimerGetTimerID
 *fill*         0x00007922        0x2 
 .text.pxPortInitialiseStack
                0x00007924       0x68 C:/Users/jfeli/workspace_v8/freertos_builds_MSP_EXP432P401R_release_gcc/Debug\libfreertos_builds_MSP_EXP432P401R_release_gcc.a(port.o)
                0x00007924                pxPortInitialiseStack
 .text.prvTaskExitError
                0x0000798c       0x54 C:/Users/jfeli/workspace_v8/freertos_builds_MSP_EXP432P401R_release_gcc/Debug\libfreertos_builds_MSP_EXP432P401R_release_gcc.a(port.o)
 .text.SVC_Handler
                0x000079e0       0x28 C:/Users/jfeli/workspace_v8/freertos_builds_MSP_EXP432P401R_release_gcc/Debug\libfreertos_builds_MSP_EXP432P401R_release_gcc.a(port.o)
                0x000079e0                SVC_Handler
 .text.prvPortStartFirstTask
                0x00007a08       0x28 C:/Users/jfeli/workspace_v8/freertos_builds_MSP_EXP432P401R_release_gcc/Debug\libfreertos_builds_MSP_EXP432P401R_release_gcc.a(port.o)
 .text.xPortStartScheduler
                0x00007a30      0x13c C:/Users/jfeli/workspace_v8/freertos_builds_MSP_EXP432P401R_release_gcc/Debug\libfreertos_builds_MSP_EXP432P401R_release_gcc.a(port.o)
                0x00007a30                xPortStartScheduler
 .text.vPortEnterCritical
                0x00007b6c       0x5c C:/Users/jfeli/workspace_v8/freertos_builds_MSP_EXP432P401R_release_gcc/Debug\libfreertos_builds_MSP_EXP432P401R_release_gcc.a(port.o)
                0x00007b6c                vPortEnterCritical
 .text.vPortExitCritical
                0x00007bc8       0x50 C:/Users/jfeli/workspace_v8/freertos_builds_MSP_EXP432P401R_release_gcc/Debug\libfreertos_builds_MSP_EXP432P401R_release_gcc.a(port.o)
                0x00007bc8                vPortExitCritical
 *fill*         0x00007c18        0x8 
 .text.PendSV_Handler
                0x00007c20       0x68 C:/Users/jfeli/workspace_v8/freertos_builds_MSP_EXP432P401R_release_gcc/Debug\libfreertos_builds_MSP_EXP432P401R_release_gcc.a(port.o)
                0x00007c20                PendSV_Handler
 .text.SysTick_Handler
                0x00007c88       0x40 C:/Users/jfeli/workspace_v8/freertos_builds_MSP_EXP432P401R_release_gcc/Debug\libfreertos_builds_MSP_EXP432P401R_release_gcc.a(port.o)
                0x00007c88                SysTick_Handler
 .text.vPortSetupTimerInterrupt
                0x00007cc8       0x88 C:/Users/jfeli/workspace_v8/freertos_builds_MSP_EXP432P401R_release_gcc/Debug\libfreertos_builds_MSP_EXP432P401R_release_gcc.a(port.o)
                0x00007cc8                vPortSetupTimerInterrupt
 .text.vPortEnableVFP
                0x00007d50       0x14 C:/Users/jfeli/workspace_v8/freertos_builds_MSP_EXP432P401R_release_gcc/Debug\libfreertos_builds_MSP_EXP432P401R_release_gcc.a(port.o)
 .text.vPortValidateInterruptPriority
                0x00007d64       0x7c C:/Users/jfeli/workspace_v8/freertos_builds_MSP_EXP432P401R_release_gcc/Debug\libfreertos_builds_MSP_EXP432P401R_release_gcc.a(port.o)
                0x00007d64                vPortValidateInterruptPriority
 .text.resetISR
                0x00007de0       0xc0 C:/Users/jfeli/workspace_v8/freertos_builds_MSP_EXP432P401R_release_gcc/Debug\libfreertos_builds_MSP_EXP432P401R_release_gcc.a(startup_msp432_gcc.o)
                0x00007de0                resetISR
 .text.nmiISR   0x00007ea0        0x6 C:/Users/jfeli/workspace_v8/freertos_builds_MSP_EXP432P401R_release_gcc/Debug\libfreertos_builds_MSP_EXP432P401R_release_gcc.a(startup_msp432_gcc.o)
 .text.faultISR
                0x00007ea6        0x6 C:/Users/jfeli/workspace_v8/freertos_builds_MSP_EXP432P401R_release_gcc/Debug\libfreertos_builds_MSP_EXP432P401R_release_gcc.a(startup_msp432_gcc.o)
 .text.busFaultHandler
                0x00007eac        0x6 C:/Users/jfeli/workspace_v8/freertos_builds_MSP_EXP432P401R_release_gcc/Debug\libfreertos_builds_MSP_EXP432P401R_release_gcc.a(startup_msp432_gcc.o)
 .text.defaultHandler
                0x00007eb2        0x6 C:/Users/jfeli/workspace_v8/freertos_builds_MSP_EXP432P401R_release_gcc/Debug\libfreertos_builds_MSP_EXP432P401R_release_gcc.a(startup_msp432_gcc.o)
 .text._fini    0x00007eb8        0xe C:/Users/jfeli/workspace_v8/freertos_builds_MSP_EXP432P401R_release_gcc/Debug\libfreertos_builds_MSP_EXP432P401R_release_gcc.a(startup_msp432_gcc.o)
                0x00007eb8                _fini
 .text.vListInitialise
                0x00007ec6       0x40 C:/Users/jfeli/workspace_v8/freertos_builds_MSP_EXP432P401R_release_gcc/Debug\libfreertos_builds_MSP_EXP432P401R_release_gcc.a(list.o)
                0x00007ec6                vListInitialise
 .text.vListInitialiseItem
                0x00007f06       0x1a C:/Users/jfeli/workspace_v8/freertos_builds_MSP_EXP432P401R_release_gcc/Debug\libfreertos_builds_MSP_EXP432P401R_release_gcc.a(list.o)
                0x00007f06                vListInitialiseItem
 .text.vListInsertEnd
                0x00007f20       0x48 C:/Users/jfeli/workspace_v8/freertos_builds_MSP_EXP432P401R_release_gcc/Debug\libfreertos_builds_MSP_EXP432P401R_release_gcc.a(list.o)
                0x00007f20                vListInsertEnd
 .text.vListInsert
                0x00007f68       0x72 C:/Users/jfeli/workspace_v8/freertos_builds_MSP_EXP432P401R_release_gcc/Debug\libfreertos_builds_MSP_EXP432P401R_release_gcc.a(list.o)
                0x00007f68                vListInsert
 .text.uxListRemove
                0x00007fda       0x54 C:/Users/jfeli/workspace_v8/freertos_builds_MSP_EXP432P401R_release_gcc/Debug\libfreertos_builds_MSP_EXP432P401R_release_gcc.a(list.o)
                0x00007fda                uxListRemove
 .text.CPU_cpsid
                0x0000802e        0xe C:/ti/simplelink_msp432p4_sdk_2_20_00_12/source\ti/devices/msp432p4xx/driverlib/gcc/msp432p4xx_driverlib.a(cpu.o)
                0x0000802e                CPU_cpsid
 .text.CPU_cpsie
                0x0000803c        0xe C:/ti/simplelink_msp432p4_sdk_2_20_00_12/source\ti/devices/msp432p4xx/driverlib/gcc/msp432p4xx_driverlib.a(cpu.o)
                0x0000803c                CPU_cpsie
 *fill*         0x0000804a        0x2 
 .text._CSGetHFXTFrequency
                0x0000804c       0xe8 C:/ti/simplelink_msp432p4_sdk_2_20_00_12/source\ti/devices/msp432p4xx/driverlib/gcc/msp432p4xx_driverlib.a(cs.o)
 .text._CSGetDividerValue
                0x00008134       0x78 C:/ti/simplelink_msp432p4_sdk_2_20_00_12/source\ti/devices/msp432p4xx/driverlib/gcc/msp432p4xx_driverlib.a(cs.o)
 .text._CSComputeCLKFrequency
                0x000081ac      0x130 C:/ti/simplelink_msp432p4_sdk_2_20_00_12/source\ti/devices/msp432p4xx/driverlib/gcc/msp432p4xx_driverlib.a(cs.o)
 .text._CSGetDOCFrequency
                0x000082dc       0x8c C:/ti/simplelink_msp432p4_sdk_2_20_00_12/source\ti/devices/msp432p4xx/driverlib/gcc/msp432p4xx_driverlib.a(cs.o)
 .text.CS_setExternalClockSourceFrequency
                0x00008368       0x2c C:/ti/simplelink_msp432p4_sdk_2_20_00_12/source\ti/devices/msp432p4xx/driverlib/gcc/msp432p4xx_driverlib.a(cs.o)
                0x00008368                CS_setExternalClockSourceFrequency
 .text.CS_startHFXTWithTimeout
                0x00008394       0xf4 C:/ti/simplelink_msp432p4_sdk_2_20_00_12/source\ti/devices/msp432p4xx/driverlib/gcc/msp432p4xx_driverlib.a(cs.o)
                0x00008394                CS_startHFXTWithTimeout
 .text.CS_startLFXTWithTimeout
                0x00008488       0xec C:/ti/simplelink_msp432p4_sdk_2_20_00_12/source\ti/devices/msp432p4xx/driverlib/gcc/msp432p4xx_driverlib.a(cs.o)
                0x00008488                CS_startLFXTWithTimeout
 .text.CS_getDCOFrequency
                0x00008574      0x118 C:/ti/simplelink_msp432p4_sdk_2_20_00_12/source\ti/devices/msp432p4xx/driverlib/gcc/msp432p4xx_driverlib.a(cs.o)
                0x00008574                CS_getDCOFrequency
 .text.CS_getMCLK
                0x0000868c       0x34 C:/ti/simplelink_msp432p4_sdk_2_20_00_12/source\ti/devices/msp432p4xx/driverlib/gcc/msp432p4xx_driverlib.a(cs.o)
                0x0000868c                CS_getMCLK
 .text.CS_clearInterruptFlag
                0x000086c0       0x38 C:/ti/simplelink_msp432p4_sdk_2_20_00_12/source\ti/devices/msp432p4xx/driverlib/gcc/msp432p4xx_driverlib.a(cs.o)
                0x000086c0                CS_clearInterruptFlag
 .text.I2C_masterSendMultiByteFinish
                0x000086f8       0x9c C:/ti/simplelink_msp432p4_sdk_2_20_00_12/source\ti/devices/msp432p4xx/driverlib/gcc/msp432p4xx_driverlib.a(i2c.o)
                0x000086f8                I2C_masterSendMultiByteFinish
 .text.IntDefaultHandler
                0x00008794        0x6 C:/ti/simplelink_msp432p4_sdk_2_20_00_12/source\ti/devices/msp432p4xx/driverlib/gcc/msp432p4xx_driverlib.a(interrupt.o)
 *fill*         0x0000879a        0x2 
 .text.Interrupt_registerInterrupt
                0x0000879c       0x64 C:/ti/simplelink_msp432p4_sdk_2_20_00_12/source\ti/devices/msp432p4xx/driverlib/gcc/msp432p4xx_driverlib.a(interrupt.o)
                0x0000879c                Interrupt_registerInterrupt
 .text.Interrupt_unregisterInterrupt
                0x00008800       0x28 C:/ti/simplelink_msp432p4_sdk_2_20_00_12/source\ti/devices/msp432p4xx/driverlib/gcc/msp432p4xx_driverlib.a(interrupt.o)
                0x00008800                Interrupt_unregisterInterrupt
 .text.Interrupt_setPriority
                0x00008828       0x68 C:/ti/simplelink_msp432p4_sdk_2_20_00_12/source\ti/devices/msp432p4xx/driverlib/gcc/msp432p4xx_driverlib.a(interrupt.o)
                0x00008828                Interrupt_setPriority
 .text.Interrupt_enableInterrupt
                0x00008890       0x94 C:/ti/simplelink_msp432p4_sdk_2_20_00_12/source\ti/devices/msp432p4xx/driverlib/gcc/msp432p4xx_driverlib.a(interrupt.o)
                0x00008890                Interrupt_enableInterrupt
 .text.Interrupt_disableInterrupt
                0x00008924       0x94 C:/ti/simplelink_msp432p4_sdk_2_20_00_12/source\ti/devices/msp432p4xx/driverlib/gcc/msp432p4xx_driverlib.a(interrupt.o)
                0x00008924                Interrupt_disableInterrupt
 .text.SysCtl_getNMISourceStatus
                0x000089b8       0x1c C:/ti/simplelink_msp432p4_sdk_2_20_00_12/source\ti/devices/msp432p4xx/driverlib/gcc/msp432p4xx_driverlib.a(sysctl.o)
                0x000089b8                SysCtl_getNMISourceStatus
 .text.SysCtl_A_getTLVInfo
                0x000089d4       0xa8 C:/ti/simplelink_msp432p4_sdk_2_20_00_12/source\ti/devices/msp432p4xx/driverlib/gcc/msp432p4xx_driverlib.a(sysctl_a.o)
                0x000089d4                SysCtl_A_getTLVInfo
 .text.SysCtl_A_disableNMISource
                0x00008a7c       0x28 C:/ti/simplelink_msp432p4_sdk_2_20_00_12/source\ti/devices/msp432p4xx/driverlib/gcc/msp432p4xx_driverlib.a(sysctl_a.o)
                0x00008a7c                SysCtl_A_disableNMISource
 .text.SysCtl_A_enableNMISource
                0x00008aa4       0x24 C:/ti/simplelink_msp432p4_sdk_2_20_00_12/source\ti/devices/msp432p4xx/driverlib/gcc/msp432p4xx_driverlib.a(sysctl_a.o)
                0x00008aa4                SysCtl_A_enableNMISource
 .text.SysCtl_A_getNMISourceStatus
                0x00008ac8       0x1c C:/ti/simplelink_msp432p4_sdk_2_20_00_12/source\ti/devices/msp432p4xx/driverlib/gcc/msp432p4xx_driverlib.a(sysctl_a.o)
                0x00008ac8                SysCtl_A_getNMISourceStatus
 .text.memcpy   0x00008ae4       0x16 C:/ti/ccsv8/tools/compiler/gcc-arm-none-eabi-7-2017-q4-major-win32/arm-none-eabi/lib/thumb/v7e-m/fpv4-sp/hard\libc_nano.a(lib_a-memcpy-stub.o)
                0x00008ae4                memcpy
 .text.memset   0x00008afa       0x10 C:/ti/ccsv8/tools/compiler/gcc-arm-none-eabi-7-2017-q4-major-win32/arm-none-eabi/lib/thumb/v7e-m/fpv4-sp/hard\libc_nano.a(lib_a-memset.o)
                0x00008afa                memset
 .text.cleanup_glue
                0x00008b0a       0x1a C:/ti/ccsv8/tools/compiler/gcc-arm-none-eabi-7-2017-q4-major-win32/arm-none-eabi/lib/thumb/v7e-m/fpv4-sp/hard\libc_nano.a(lib_a-reent.o)
                0x00008b0a                cleanup_glue
 .text._reclaim_reent
                0x00008b24       0xb8 C:/ti/ccsv8/tools/compiler/gcc-arm-none-eabi-7-2017-q4-major-win32/arm-none-eabi/lib/thumb/v7e-m/fpv4-sp/hard\libc_nano.a(lib_a-reent.o)
                0x00008b24                _reclaim_reent
 .text.__malloc_lock
                0x00008bdc        0x2 C:/ti/ccsv8/tools/compiler/gcc-arm-none-eabi-7-2017-q4-major-win32/arm-none-eabi/lib/thumb/v7e-m/fpv4-sp/hard\libc_nano.a(lib_a-mlock.o)
                0x00008bdc                __malloc_lock
 .text.__malloc_unlock
                0x00008bde        0x2 C:/ti/ccsv8/tools/compiler/gcc-arm-none-eabi-7-2017-q4-major-win32/arm-none-eabi/lib/thumb/v7e-m/fpv4-sp/hard\libc_nano.a(lib_a-mlock.o)
                0x00008bde                __malloc_unlock
 .text._free_r  0x00008be0       0x9c C:/ti/ccsv8/tools/compiler/gcc-arm-none-eabi-7-2017-q4-major-win32/arm-none-eabi/lib/thumb/v7e-m/fpv4-sp/hard\libc_nano.a(lib_a-nano-freer.o)
                0x00008be0                _free_r
                0x00008c7c                . = ALIGN (0x4)
 *(.ctors)
                0x00008c7c                . = ALIGN (0x4)
 *(.dtors)
                0x00008c7c                . = ALIGN (0x4)
                0x00008c7c                __init_array_start = .
 *(.init_array*)
                0x00008c7c                __init_array_end = .
 *(.init)
 *(.fini*)

.glue_7         0x00008c7c        0x0
 .glue_7        0x00008c7c        0x0 linker stubs

.glue_7t        0x00008c7c        0x0
 .glue_7t       0x00008c7c        0x0 linker stubs

.vfp11_veneer   0x00008c7c        0x0
 .vfp11_veneer  0x00008c7c        0x0 linker stubs

.v4_bx          0x00008c7c        0x0
 .v4_bx         0x00008c7c        0x0 linker stubs

.iplt           0x00008c7c        0x0
 .iplt          0x00008c7c        0x0 ./MSP_EXP432P401R.o

.rodata         0x00008c7c      0x3e8
 *(.rodata)
 .rodata        0x00008c7c       0x11 ./main_freertos.o
 *fill*         0x00008c8d        0x3 
 .rodata        0x00008c90       0x19 C:/Users/jfeli/workspace_v8/freertos_builds_MSP_EXP432P401R_release_gcc/Debug\libfreertos_builds_MSP_EXP432P401R_release_gcc.a(SystemP_freertos.o)
 *fill*         0x00008ca9        0x3 
 .rodata        0x00008cac        0x5 C:/Users/jfeli/workspace_v8/freertos_builds_MSP_EXP432P401R_release_gcc/Debug\libfreertos_builds_MSP_EXP432P401R_release_gcc.a(tasks.o)
 *fill*         0x00008cb1        0x3 
 .rodata        0x00008cb4        0x8 C:/Users/jfeli/workspace_v8/freertos_builds_MSP_EXP432P401R_release_gcc/Debug\libfreertos_builds_MSP_EXP432P401R_release_gcc.a(timers.o)
 *(.rodata.*)
 .rodata.adcMSP432HWAttrs
                0x00008cbc       0x18 ./MSP_EXP432P401R.o
                0x00008cbc                adcMSP432HWAttrs
 .rodata.ADC_config
                0x00008cd4       0x18 ./MSP_EXP432P401R.o
                0x00008cd4                ADC_config
 .rodata.ADC_count
                0x00008cec        0x1 ./MSP_EXP432P401R.o
                0x00008cec                ADC_count
 *fill*         0x00008ced        0x3 
 .rodata.displayUartHWAttrs
                0x00008cf0       0x14 ./MSP_EXP432P401R.o
                0x00008cf0                displayUartHWAttrs
 .rodata.Display_config
                0x00008d04        0xc ./MSP_EXP432P401R.o
                0x00008d04                Display_config
 .rodata.Display_count
                0x00008d10        0x1 ./MSP_EXP432P401R.o
                0x00008d10                Display_count
 *fill*         0x00008d11        0x3 
 .rodata.GPIOMSP432_config
                0x00008d14       0x14 ./MSP_EXP432P401R.o
                0x00008d14                GPIOMSP432_config
 .rodata.i2cMSP432HWAttrs
                0x00008d28       0x28 ./MSP_EXP432P401R.o
                0x00008d28                i2cMSP432HWAttrs
 .rodata.I2C_config
                0x00008d50       0x18 ./MSP_EXP432P401R.o
                0x00008d50                I2C_config
 .rodata.I2C_count
                0x00008d68        0x1 ./MSP_EXP432P401R.o
                0x00008d68                I2C_count
 *fill*         0x00008d69        0x3 
 .rodata.PowerMSP432_config
                0x00008d6c       0x38 ./MSP_EXP432P401R.o
                0x00008d6c                PowerMSP432_config
 .rodata.uartMSP432Baudrates
                0x00008da4       0x90 ./MSP_EXP432P401R.o
                0x00008da4                uartMSP432Baudrates
 .rodata.uartMSP432HWAttrs
                0x00008e34       0x58 ./MSP_EXP432P401R.o
                0x00008e34                uartMSP432HWAttrs
 .rodata.UART_config
                0x00008e8c       0x18 ./MSP_EXP432P401R.o
                0x00008e8c                UART_config
 .rodata.UART_count
                0x00008ea4        0x1 ./MSP_EXP432P401R.o
                0x00008ea4                UART_count
 *fill*         0x00008ea5        0x3 
 .rodata.DisplayUartMin_fxnTable
                0x00008ea8       0x20 C:/ti/simplelink_msp432p4_sdk_2_20_00_12/source\ti/display/lib/display.am4fg(DisplayUart.om4fg)
                0x00008ea8                DisplayUartMin_fxnTable
 .rodata.ADC_defaultParams
                0x00008ec8        0x8 C:/ti/simplelink_msp432p4_sdk_2_20_00_12/source\ti/drivers/lib/drivers_msp432p401x.am4fg(ADC.om4fg)
                0x00008ec8                ADC_defaultParams
 .rodata.ADCMSP432_fxnTable
                0x00008ed0       0x18 C:/ti/simplelink_msp432p4_sdk_2_20_00_12/source\ti/drivers/lib/drivers_msp432p401x.am4fg(ADCMSP432.om4fg)
                0x00008ed0                ADCMSP432_fxnTable
 .rodata.interruptType
                0x00008ee8        0x6 C:/ti/simplelink_msp432p4_sdk_2_20_00_12/source\ti/drivers/lib/drivers_msp432p401x.am4fg(GPIOMSP432.om4fg)
 *fill*         0x00008eee        0x2 
 .rodata.portInterruptIds
                0x00008ef0        0x6 C:/ti/simplelink_msp432p4_sdk_2_20_00_12/source\ti/drivers/lib/drivers_msp432p401x.am4fg(GPIOMSP432.om4fg)
 *fill*         0x00008ef6        0x2 
 .rodata.I2C_defaultParams
                0x00008ef8       0x10 C:/ti/simplelink_msp432p4_sdk_2_20_00_12/source\ti/drivers/lib/drivers_msp432p401x.am4fg(I2C.om4fg)
                0x00008ef8                I2C_defaultParams
 .rodata.I2CMSP432_fxnTable
                0x00008f08       0x18 C:/ti/simplelink_msp432p4_sdk_2_20_00_12/source\ti/drivers/lib/drivers_msp432p401x.am4fg(I2CMSP432.om4fg)
                0x00008f08                I2CMSP432_fxnTable
 .rodata.bitRates
                0x00008f20        0xc C:/ti/simplelink_msp432p4_sdk_2_20_00_12/source\ti/drivers/lib/drivers_msp432p401x.am4fg(I2CMSP432.om4fg)
 .rodata.UART_defaultParams
                0x00008f2c       0x24 C:/ti/simplelink_msp432p4_sdk_2_20_00_12/source\ti/drivers/lib/drivers_msp432p401x.am4fg(UART.om4fg)
                0x00008f2c                UART_defaultParams
 .rodata.UARTMSP432_fxnTable
                0x00008f50       0x28 C:/ti/simplelink_msp432p4_sdk_2_20_00_12/source\ti/drivers/lib/drivers_msp432p401x.am4fg(UARTMSP432.om4fg)
                0x00008f50                UARTMSP432_fxnTable
 .rodata.parityTypes
                0x00008f78        0x5 C:/ti/simplelink_msp432p4_sdk_2_20_00_12/source\ti/drivers/lib/drivers_msp432p401x.am4fg(UARTMSP432.om4fg)
 *fill*         0x00008f7d        0x3 
 .rodata.staticFxnTable
                0x00008f80       0x20 C:/ti/simplelink_msp432p4_sdk_2_20_00_12/source\ti/drivers/lib/drivers_msp432p401x.am4fg(UARTMSP432.om4fg)
 .rodata.stopBits
                0x00008fa0        0x4 C:/ti/simplelink_msp432p4_sdk_2_20_00_12/source\ti/drivers/lib/drivers_msp432p401x.am4fg(UARTMSP432.om4fg)
 .rodata.g_pulRegs
                0x00008fa4       0x50 C:/ti/simplelink_msp432p4_sdk_2_20_00_12/source\ti/devices/msp432p4xx/driverlib/gcc/msp432p4xx_driverlib.a(interrupt.o)
 .rodata.g_pulEnRegs
                0x00008ff4        0x8 C:/ti/simplelink_msp432p4_sdk_2_20_00_12/source\ti/devices/msp432p4xx/driverlib/gcc/msp432p4xx_driverlib.a(interrupt.o)
 .rodata.g_pulDisRegs
                0x00008ffc        0x8 C:/ti/simplelink_msp432p4_sdk_2_20_00_12/source\ti/devices/msp432p4xx/driverlib/gcc/msp432p4xx_driverlib.a(interrupt.o)
 .rodata.__sf_fake_stderr
                0x00009004       0x20 C:/ti/ccsv8/tools/compiler/gcc-arm-none-eabi-7-2017-q4-major-win32/arm-none-eabi/lib/thumb/v7e-m/fpv4-sp/hard\libc_nano.a(lib_a-findfp.o)
                0x00009004                __sf_fake_stderr
 .rodata.__sf_fake_stdin
                0x00009024       0x20 C:/ti/ccsv8/tools/compiler/gcc-arm-none-eabi-7-2017-q4-major-win32/arm-none-eabi/lib/thumb/v7e-m/fpv4-sp/hard\libc_nano.a(lib_a-findfp.o)
                0x00009024                __sf_fake_stdin
 .rodata.__sf_fake_stdout
                0x00009044       0x20 C:/ti/ccsv8/tools/compiler/gcc-arm-none-eabi-7-2017-q4-major-win32/arm-none-eabi/lib/thumb/v7e-m/fpv4-sp/hard\libc_nano.a(lib_a-findfp.o)
                0x00009044                __sf_fake_stdout

.ARM.exidx      0x00009064        0x8
                0x00009064                __exidx_start = .
 *(.ARM.exidx* .gnu.linkonce.armexidx.*)
 .ARM.exidx     0x00009064        0x8 c:/ti/ccsv8/tools/compiler/gcc-arm-none-eabi-7-2017-q4-major-win32/bin/../lib/gcc/arm-none-eabi/7.2.1/thumb/v7e-m/fpv4-sp/hard\libgcc.a(_udivmoddi4.o)
                0x0000906c                __exidx_end = .

.rel.dyn        0x0000906c        0x0
 .rel.iplt      0x0000906c        0x0 ./MSP_EXP432P401R.o

.ARM.extab
 *(.ARM.extab* .gnu.linkonce.armextab.*)
                0x0000906c                __etext = .

.data           0x20000000      0x2bc load address 0x0000906c
                0x0000906c                __data_load__ = LOADADDR (.data)
                0x20000000                __data_start__ = .
 *(.data)
 .data          0x20000000        0x0 ./MSP_EXP432P401R.o
 .data          0x20000000        0x0 ./main_freertos.o
 .data          0x20000000        0x0 ./uartecho.o
 .data          0x20000000        0x0 ./value.o
 .data          0x20000000        0x0 C:/ti/simplelink_msp432p4_sdk_2_20_00_12/source\ti/display/lib/display.am4fg(Display.om4fg)
 .data          0x20000000        0x0 C:/ti/simplelink_msp432p4_sdk_2_20_00_12/source\ti/display/lib/display.am4fg(DisplayUart.om4fg)
 .data          0x20000000        0x0 C:/ti/simplelink_msp432p4_sdk_2_20_00_12/source\ti/drivers/lib/drivers_msp432p401x.am4fg(SDSPI.om4fg)
 .data          0x20000000        0x0 C:/ti/simplelink_msp432p4_sdk_2_20_00_12/source\ti/drivers/lib/drivers_msp432p401x.am4fg(ADC.om4fg)
 .data          0x20000000        0x0 C:/ti/simplelink_msp432p4_sdk_2_20_00_12/source\ti/drivers/lib/drivers_msp432p401x.am4fg(ADCMSP432.om4fg)
 .data          0x20000000        0x0 C:/ti/simplelink_msp432p4_sdk_2_20_00_12/source\ti/drivers/lib/drivers_msp432p401x.am4fg(ADCBufMSP432.om4fg)
 .data          0x20000000        0x0 C:/ti/simplelink_msp432p4_sdk_2_20_00_12/source\ti/drivers/lib/drivers_msp432p401x.am4fg(CaptureMSP432.om4fg)
 .data          0x20000000        0x0 C:/ti/simplelink_msp432p4_sdk_2_20_00_12/source\ti/drivers/lib/drivers_msp432p401x.am4fg(UDMAMSP432.om4fg)
 .data          0x20000000        0x0 C:/ti/simplelink_msp432p4_sdk_2_20_00_12/source\ti/drivers/lib/drivers_msp432p401x.am4fg(GPIOMSP432.om4fg)
 .data          0x20000000        0x0 C:/ti/simplelink_msp432p4_sdk_2_20_00_12/source\ti/drivers/lib/drivers_msp432p401x.am4fg(I2C.om4fg)
 .data          0x20000000        0x0 C:/ti/simplelink_msp432p4_sdk_2_20_00_12/source\ti/drivers/lib/drivers_msp432p401x.am4fg(I2CMSP432.om4fg)
 .data          0x20000000        0x0 C:/ti/simplelink_msp432p4_sdk_2_20_00_12/source\ti/drivers/lib/drivers_msp432p401x.am4fg(I2CSlaveMSP432.om4fg)
 .data          0x20000000        0x0 C:/ti/simplelink_msp432p4_sdk_2_20_00_12/source\ti/drivers/lib/drivers_msp432p401x.am4fg(NVSMSP432.om4fg)
 .data          0x20000000        0x0 C:/ti/simplelink_msp432p4_sdk_2_20_00_12/source\ti/drivers/lib/drivers_msp432p401x.am4fg(PowerMSP432.om4fg)
 .data          0x20000000        0x0 C:/ti/simplelink_msp432p4_sdk_2_20_00_12/source\ti/drivers/lib/drivers_msp432p401x.am4fg(PWMTimerMSP432.om4fg)
 .data          0x20000000        0x0 C:/ti/simplelink_msp432p4_sdk_2_20_00_12/source\ti/drivers/lib/drivers_msp432p401x.am4fg(SPI.om4fg)
 .data          0x20000000        0x0 C:/ti/simplelink_msp432p4_sdk_2_20_00_12/source\ti/drivers/lib/drivers_msp432p401x.am4fg(SPIMSP432DMA.om4fg)
 .data          0x20000000        0x0 C:/ti/simplelink_msp432p4_sdk_2_20_00_12/source\ti/drivers/lib/drivers_msp432p401x.am4fg(TimerMSP432.om4fg)
 .data          0x20000000        0x0 C:/ti/simplelink_msp432p4_sdk_2_20_00_12/source\ti/drivers/lib/drivers_msp432p401x.am4fg(UART.om4fg)
 .data          0x20000000        0x0 C:/ti/simplelink_msp432p4_sdk_2_20_00_12/source\ti/drivers/lib/drivers_msp432p401x.am4fg(UARTMSP432.om4fg)
 .data          0x20000000        0x0 C:/ti/simplelink_msp432p4_sdk_2_20_00_12/source\ti/drivers/lib/drivers_msp432p401x.am4fg(WatchdogMSP432.om4fg)
 .data          0x20000000        0x0 C:/ti/simplelink_msp432p4_sdk_2_20_00_12/source\ti/drivers/lib/drivers_msp432p401x.am4fg(List.om4fg)
 .data          0x20000000        0x0 C:/ti/simplelink_msp432p4_sdk_2_20_00_12/source\ti/drivers/lib/drivers_msp432p401x.am4fg(RingBuf.om4fg)
 .data          0x20000000        0x0 C:/ti/simplelink_msp432p4_sdk_2_20_00_12/source\ti/drivers/lib/drivers_msp432p401x.am4fg(ADCBuf.om4fg)
 .data          0x20000000        0x0 C:/Users/jfeli/workspace_v8/freertos_builds_MSP_EXP432P401R_release_gcc/Debug\libfreertos_builds_MSP_EXP432P401R_release_gcc.a(ClockP_freertos.o)
 .data          0x20000000        0x0 C:/Users/jfeli/workspace_v8/freertos_builds_MSP_EXP432P401R_release_gcc/Debug\libfreertos_builds_MSP_EXP432P401R_release_gcc.a(HwiPMSP432_freertos.o)
 .data          0x20000000        0x0 C:/Users/jfeli/workspace_v8/freertos_builds_MSP_EXP432P401R_release_gcc/Debug\libfreertos_builds_MSP_EXP432P401R_release_gcc.a(PowerMSP432_freertos.o)
 .data          0x20000000        0x0 C:/Users/jfeli/workspace_v8/freertos_builds_MSP_EXP432P401R_release_gcc/Debug\libfreertos_builds_MSP_EXP432P401R_release_gcc.a(SemaphoreP_freertos.o)
 .data          0x20000000        0x0 C:/Users/jfeli/workspace_v8/freertos_builds_MSP_EXP432P401R_release_gcc/Debug\libfreertos_builds_MSP_EXP432P401R_release_gcc.a(SystemP_freertos.o)
 .data          0x20000000        0x0 C:/Users/jfeli/workspace_v8/freertos_builds_MSP_EXP432P401R_release_gcc/Debug\libfreertos_builds_MSP_EXP432P401R_release_gcc.a(heap_4.o)
 .data          0x20000000        0x0 C:/Users/jfeli/workspace_v8/freertos_builds_MSP_EXP432P401R_release_gcc/Debug\libfreertos_builds_MSP_EXP432P401R_release_gcc.a(queue.o)
 .data          0x20000000        0x0 C:/Users/jfeli/workspace_v8/freertos_builds_MSP_EXP432P401R_release_gcc/Debug\libfreertos_builds_MSP_EXP432P401R_release_gcc.a(tasks.o)
 .data          0x20000000        0x0 C:/Users/jfeli/workspace_v8/freertos_builds_MSP_EXP432P401R_release_gcc/Debug\libfreertos_builds_MSP_EXP432P401R_release_gcc.a(timers.o)
 .data          0x20000000        0x0 C:/Users/jfeli/workspace_v8/freertos_builds_MSP_EXP432P401R_release_gcc/Debug\libfreertos_builds_MSP_EXP432P401R_release_gcc.a(port.o)
 .data          0x20000000        0x0 C:/Users/jfeli/workspace_v8/freertos_builds_MSP_EXP432P401R_release_gcc/Debug\libfreertos_builds_MSP_EXP432P401R_release_gcc.a(startup_msp432_gcc.o)
 .data          0x20000000        0x0 C:/Users/jfeli/workspace_v8/freertos_builds_MSP_EXP432P401R_release_gcc/Debug\libfreertos_builds_MSP_EXP432P401R_release_gcc.a(list.o)
 .data          0x20000000        0x0 C:/ti/simplelink_msp432p4_sdk_2_20_00_12/source\ti/devices/msp432p4xx/driverlib/gcc/msp432p4xx_driverlib.a(cpu.o)
 .data          0x20000000        0x0 C:/ti/simplelink_msp432p4_sdk_2_20_00_12/source\ti/devices/msp432p4xx/driverlib/gcc/msp432p4xx_driverlib.a(cs.o)
 .data          0x20000000        0x0 C:/ti/simplelink_msp432p4_sdk_2_20_00_12/source\ti/devices/msp432p4xx/driverlib/gcc/msp432p4xx_driverlib.a(dma.o)
 .data          0x20000000        0x0 C:/ti/simplelink_msp432p4_sdk_2_20_00_12/source\ti/devices/msp432p4xx/driverlib/gcc/msp432p4xx_driverlib.a(gpio.o)
 .data          0x20000000        0x0 C:/ti/simplelink_msp432p4_sdk_2_20_00_12/source\ti/devices/msp432p4xx/driverlib/gcc/msp432p4xx_driverlib.a(i2c.o)
 .data          0x20000000        0x0 C:/ti/simplelink_msp432p4_sdk_2_20_00_12/source\ti/devices/msp432p4xx/driverlib/gcc/msp432p4xx_driverlib.a(interrupt.o)
 .data          0x20000000        0x0 C:/ti/simplelink_msp432p4_sdk_2_20_00_12/source\ti/devices/msp432p4xx/driverlib/gcc/msp432p4xx_driverlib.a(spi.o)
 .data          0x20000000        0x0 C:/ti/simplelink_msp432p4_sdk_2_20_00_12/source\ti/devices/msp432p4xx/driverlib/gcc/msp432p4xx_driverlib.a(sysctl.o)
 .data          0x20000000        0x0 C:/ti/simplelink_msp432p4_sdk_2_20_00_12/source\ti/devices/msp432p4xx/driverlib/gcc/msp432p4xx_driverlib.a(sysctl_a.o)
 .data          0x20000000        0x0 C:/ti/simplelink_msp432p4_sdk_2_20_00_12/source\ti/devices/msp432p4xx/driverlib/gcc/msp432p4xx_driverlib.a(timer_a.o)
 .data          0x20000000        0x0 c:/ti/ccsv8/tools/compiler/gcc-arm-none-eabi-7-2017-q4-major-win32/bin/../lib/gcc/arm-none-eabi/7.2.1/thumb/v7e-m/fpv4-sp/hard\libgcc.a(_arm_addsubdf3.o)
 .data          0x20000000        0x0 c:/ti/ccsv8/tools/compiler/gcc-arm-none-eabi-7-2017-q4-major-win32/bin/../lib/gcc/arm-none-eabi/7.2.1/thumb/v7e-m/fpv4-sp/hard\libgcc.a(_arm_muldivdf3.o)
 .data          0x20000000        0x0 c:/ti/ccsv8/tools/compiler/gcc-arm-none-eabi-7-2017-q4-major-win32/bin/../lib/gcc/arm-none-eabi/7.2.1/thumb/v7e-m/fpv4-sp/hard\libgcc.a(_arm_cmpdf2.o)
 .data          0x20000000        0x0 c:/ti/ccsv8/tools/compiler/gcc-arm-none-eabi-7-2017-q4-major-win32/bin/../lib/gcc/arm-none-eabi/7.2.1/thumb/v7e-m/fpv4-sp/hard\libgcc.a(_arm_fixdfsi.o)
 .data          0x20000000        0x0 c:/ti/ccsv8/tools/compiler/gcc-arm-none-eabi-7-2017-q4-major-win32/bin/../lib/gcc/arm-none-eabi/7.2.1/thumb/v7e-m/fpv4-sp/hard\libgcc.a(_arm_fixunsdfsi.o)
 .data          0x20000000        0x0 c:/ti/ccsv8/tools/compiler/gcc-arm-none-eabi-7-2017-q4-major-win32/bin/../lib/gcc/arm-none-eabi/7.2.1/thumb/v7e-m/fpv4-sp/hard\libgcc.a(_aeabi_uldivmod.o)
 .data          0x20000000        0x0 c:/ti/ccsv8/tools/compiler/gcc-arm-none-eabi-7-2017-q4-major-win32/bin/../lib/gcc/arm-none-eabi/7.2.1/thumb/v7e-m/fpv4-sp/hard\libgcc.a(_udivmoddi4.o)
 .data          0x20000000        0x0 c:/ti/ccsv8/tools/compiler/gcc-arm-none-eabi-7-2017-q4-major-win32/bin/../lib/gcc/arm-none-eabi/7.2.1/thumb/v7e-m/fpv4-sp/hard\libgcc.a(_dvmd_tls.o)
 .data          0x20000000        0x0 C:/ti/ccsv8/tools/compiler/gcc-arm-none-eabi-7-2017-q4-major-win32/arm-none-eabi/lib/thumb/v7e-m/fpv4-sp/hard\libc_nano.a(lib_a-findfp.o)
 .data          0x20000000        0x0 C:/ti/ccsv8/tools/compiler/gcc-arm-none-eabi-7-2017-q4-major-win32/arm-none-eabi/lib/thumb/v7e-m/fpv4-sp/hard\libc_nano.a(lib_a-fwalk.o)
 .data          0x20000000        0x0 C:/ti/ccsv8/tools/compiler/gcc-arm-none-eabi-7-2017-q4-major-win32/arm-none-eabi/lib/thumb/v7e-m/fpv4-sp/hard\libc_nano.a(lib_a-impure.o)
 .data          0x20000000        0x0 C:/ti/ccsv8/tools/compiler/gcc-arm-none-eabi-7-2017-q4-major-win32/arm-none-eabi/lib/thumb/v7e-m/fpv4-sp/hard\libc_nano.a(lib_a-memcpy-stub.o)
 .data          0x20000000        0x0 C:/ti/ccsv8/tools/compiler/gcc-arm-none-eabi-7-2017-q4-major-win32/arm-none-eabi/lib/thumb/v7e-m/fpv4-sp/hard\libc_nano.a(lib_a-memset.o)
 .data          0x20000000        0x0 C:/ti/ccsv8/tools/compiler/gcc-arm-none-eabi-7-2017-q4-major-win32/arm-none-eabi/lib/thumb/v7e-m/fpv4-sp/hard\libc_nano.a(lib_a-nano-mallocr.o)
 .data          0x20000000        0x0 C:/ti/ccsv8/tools/compiler/gcc-arm-none-eabi-7-2017-q4-major-win32/arm-none-eabi/lib/thumb/v7e-m/fpv4-sp/hard\libc_nano.a(lib_a-reent.o)
 .data          0x20000000        0x0 C:/ti/ccsv8/tools/compiler/gcc-arm-none-eabi-7-2017-q4-major-win32/arm-none-eabi/lib/thumb/v7e-m/fpv4-sp/hard\libc_nano.a(lib_a-sbrkr.o)
 .data          0x20000000        0x0 C:/ti/ccsv8/tools/compiler/gcc-arm-none-eabi-7-2017-q4-major-win32/arm-none-eabi/lib/thumb/v7e-m/fpv4-sp/hard\libc_nano.a(lib_a-stdio.o)
 .data          0x20000000        0x0 C:/ti/ccsv8/tools/compiler/gcc-arm-none-eabi-7-2017-q4-major-win32/arm-none-eabi/lib/thumb/v7e-m/fpv4-sp/hard\libc_nano.a(lib_a-strlen.o)
 .data          0x20000000        0x0 C:/ti/ccsv8/tools/compiler/gcc-arm-none-eabi-7-2017-q4-major-win32/arm-none-eabi/lib/thumb/v7e-m/fpv4-sp/hard\libc_nano.a(lib_a-writer.o)